Archive member included to satisfy reference by file (symbol)

/opt/st/stm32cubeide_1.16.0/plugins/com.st.stm32cube.ide.mcu.externaltools.gnu-tools-for-stm32.12.3.rel1.linux64_1.0.200.202406132123/tools/bin/../lib/gcc/arm-none-eabi/12.3.1/../../../../arm-none-eabi/lib/thumb/v7e-m+fp/hard/libc_nano.a(libc_a-exit.o)
                              /opt/st/stm32cubeide_1.16.0/plugins/com.st.stm32cube.ide.mcu.externaltools.gnu-tools-for-stm32.12.3.rel1.linux64_1.0.200.202406132123/tools/bin/../lib/gcc/arm-none-eabi/12.3.1/../../../../arm-none-eabi/lib/thumb/v7e-m+fp/hard/crt0.o (exit)
/opt/st/stm32cubeide_1.16.0/plugins/com.st.stm32cube.ide.mcu.externaltools.gnu-tools-for-stm32.12.3.rel1.linux64_1.0.200.202406132123/tools/bin/../lib/gcc/arm-none-eabi/12.3.1/../../../../arm-none-eabi/lib/thumb/v7e-m+fp/hard/libc_nano.a(libc_a-strtol.o)
                              ./Core/Src/main.o (strtol)
/opt/st/stm32cubeide_1.16.0/plugins/com.st.stm32cube.ide.mcu.externaltools.gnu-tools-for-stm32.12.3.rel1.linux64_1.0.200.202406132123/tools/bin/../lib/gcc/arm-none-eabi/12.3.1/../../../../arm-none-eabi/lib/thumb/v7e-m+fp/hard/libc_nano.a(libc_a-ctype_.o)
                              ./Core/Src/main.o (_ctype_)
/opt/st/stm32cubeide_1.16.0/plugins/com.st.stm32cube.ide.mcu.externaltools.gnu-tools-for-stm32.12.3.rel1.linux64_1.0.200.202406132123/tools/bin/../lib/gcc/arm-none-eabi/12.3.1/../../../../arm-none-eabi/lib/thumb/v7e-m+fp/hard/libc_nano.a(libc_a-findfp.o)
                              /opt/st/stm32cubeide_1.16.0/plugins/com.st.stm32cube.ide.mcu.externaltools.gnu-tools-for-stm32.12.3.rel1.linux64_1.0.200.202406132123/tools/bin/../lib/gcc/arm-none-eabi/12.3.1/../../../../arm-none-eabi/lib/thumb/v7e-m+fp/hard/libc_nano.a(libc_a-exit.o) (__stdio_exit_handler)
/opt/st/stm32cubeide_1.16.0/plugins/com.st.stm32cube.ide.mcu.externaltools.gnu-tools-for-stm32.12.3.rel1.linux64_1.0.200.202406132123/tools/bin/../lib/gcc/arm-none-eabi/12.3.1/../../../../arm-none-eabi/lib/thumb/v7e-m+fp/hard/libc_nano.a(libc_a-fwalk.o)
                              /opt/st/stm32cubeide_1.16.0/plugins/com.st.stm32cube.ide.mcu.externaltools.gnu-tools-for-stm32.12.3.rel1.linux64_1.0.200.202406132123/tools/bin/../lib/gcc/arm-none-eabi/12.3.1/../../../../arm-none-eabi/lib/thumb/v7e-m+fp/hard/libc_nano.a(libc_a-findfp.o) (_fwalk_sglue)
/opt/st/stm32cubeide_1.16.0/plugins/com.st.stm32cube.ide.mcu.externaltools.gnu-tools-for-stm32.12.3.rel1.linux64_1.0.200.202406132123/tools/bin/../lib/gcc/arm-none-eabi/12.3.1/../../../../arm-none-eabi/lib/thumb/v7e-m+fp/hard/libc_nano.a(libc_a-printf.o)
                              ./Core/Src/loopback.o (printf)
/opt/st/stm32cubeide_1.16.0/plugins/com.st.stm32cube.ide.mcu.externaltools.gnu-tools-for-stm32.12.3.rel1.linux64_1.0.200.202406132123/tools/bin/../lib/gcc/arm-none-eabi/12.3.1/../../../../arm-none-eabi/lib/thumb/v7e-m+fp/hard/libc_nano.a(libc_a-puts.o)
                              ./Core/Src/main.o (puts)
/opt/st/stm32cubeide_1.16.0/plugins/com.st.stm32cube.ide.mcu.externaltools.gnu-tools-for-stm32.12.3.rel1.linux64_1.0.200.202406132123/tools/bin/../lib/gcc/arm-none-eabi/12.3.1/../../../../arm-none-eabi/lib/thumb/v7e-m+fp/hard/libc_nano.a(libc_a-snprintf.o)
                              ./Core/Src/main.o (snprintf)
/opt/st/stm32cubeide_1.16.0/plugins/com.st.stm32cube.ide.mcu.externaltools.gnu-tools-for-stm32.12.3.rel1.linux64_1.0.200.202406132123/tools/bin/../lib/gcc/arm-none-eabi/12.3.1/../../../../arm-none-eabi/lib/thumb/v7e-m+fp/hard/libc_nano.a(libc_a-sscanf.o)
                              ./Core/Src/main.o (sscanf)
/opt/st/stm32cubeide_1.16.0/plugins/com.st.stm32cube.ide.mcu.externaltools.gnu-tools-for-stm32.12.3.rel1.linux64_1.0.200.202406132123/tools/bin/../lib/gcc/arm-none-eabi/12.3.1/../../../../arm-none-eabi/lib/thumb/v7e-m+fp/hard/libc_nano.a(libc_a-stdio.o)
                              /opt/st/stm32cubeide_1.16.0/plugins/com.st.stm32cube.ide.mcu.externaltools.gnu-tools-for-stm32.12.3.rel1.linux64_1.0.200.202406132123/tools/bin/../lib/gcc/arm-none-eabi/12.3.1/../../../../arm-none-eabi/lib/thumb/v7e-m+fp/hard/libc_nano.a(libc_a-findfp.o) (__sread)
/opt/st/stm32cubeide_1.16.0/plugins/com.st.stm32cube.ide.mcu.externaltools.gnu-tools-for-stm32.12.3.rel1.linux64_1.0.200.202406132123/tools/bin/../lib/gcc/arm-none-eabi/12.3.1/../../../../arm-none-eabi/lib/thumb/v7e-m+fp/hard/libc_nano.a(libc_a-wbuf.o)
                              /opt/st/stm32cubeide_1.16.0/plugins/com.st.stm32cube.ide.mcu.externaltools.gnu-tools-for-stm32.12.3.rel1.linux64_1.0.200.202406132123/tools/bin/../lib/gcc/arm-none-eabi/12.3.1/../../../../arm-none-eabi/lib/thumb/v7e-m+fp/hard/libc_nano.a(libc_a-puts.o) (__swbuf_r)
/opt/st/stm32cubeide_1.16.0/plugins/com.st.stm32cube.ide.mcu.externaltools.gnu-tools-for-stm32.12.3.rel1.linux64_1.0.200.202406132123/tools/bin/../lib/gcc/arm-none-eabi/12.3.1/../../../../arm-none-eabi/lib/thumb/v7e-m+fp/hard/libc_nano.a(libc_a-wsetup.o)
[...]
Memory Configuration

Name             Origin             Length             Attributes
RAM              0x20000000         0x00010000         xrw
FLASH            0x08000000         0x00040000         xr
*default*        0x00000000         0xffffffff

Linker script and memory map

LOAD /opt/st/stm32cubeide_1.16.0/plugins/com.st.stm32cube.ide.mcu.externaltools.gnu-tools-for-stm32.12.3.rel1.linux64_1.0.200.202406132123/tools/bin/../lib/gcc/arm-none-eabi/12.3.1/thumb/v7e-m+fp/hard/crti.o
LOAD /opt/st/stm32cubeide_1.16.0/plugins/com.st.stm32cube.ide.mcu.externaltools.gnu-tools-for-stm32.12.3.rel1.linux64_1.0.200.202406132123/tools/bin/../lib/gcc/arm-none-eabi/12.3.1/thumb/v7e-m+fp/hard/crtbegin.o
LOAD /opt/st/stm32cubeide_1.16.0/plugins/com.st.stm32cube.ide.mcu.externaltools.gnu-tools-for-stm32.12.3.rel1.linux64_1.0.200.202406132123/tools/bin/../lib/gcc/arm-none-eabi/12.3.1/../../../../arm-none-eabi/lib/thumb/v7e-m+fp/hard/crt0.o
LOAD ./Core/Src/dhcp.o
LOAD ./Core/Src/dns.o
LOAD ./Core/Src/loopback.o
LOAD ./Core/Src/main.o
LOAD ./Core/Src/socket.o
LOAD ./Core/Src/stm32f4xx_hal_msp.o
LOAD ./Core/Src/stm32f4xx_it.o
LOAD ./Core/Src/syscalls.o
LOAD ./Core/Src/sysmem.o
LOAD ./Core/Src/system_stm32f4xx.o
LOAD ./Core/Src/w5500.o
LOAD ./Core/Src/wizchip_conf.o
LOAD ./Core/Startup/startup_stm32f401ccux.o
LOAD ./Drivers/STM32F4xx_HAL_Driver/Src/stm32f4xx_hal.o
LOAD ./Drivers/STM32F4xx_HAL_Driver/Src/stm32f4xx_hal_cortex.o
LOAD ./Drivers/STM32F4xx_HAL_Driver/Src/stm32f4xx_hal_dma.o
LOAD ./Drivers/STM32F4xx_HAL_Driver/Src/stm32f4xx_hal_dma_ex.o
LOAD ./Drivers/STM32F4xx_HAL_Driver/Src/stm32f4xx_hal_exti.o
LOAD ./Drivers/STM32F4xx_HAL_Driver/Src/stm32f4xx_hal_flash.o
LOAD ./Drivers/STM32F4xx_HAL_Driver/Src/stm32f4xx_hal_flash_ex.o
LOAD ./Drivers/STM32F4xx_HAL_Driver/Src/stm32f4xx_hal_flash_ramfunc.o
LOAD ./Drivers/STM32F4xx_HAL_Driver/Src/stm32f4xx_hal_gpio.o
LOAD ./Drivers/STM32F4xx_HAL_Driver/Src/stm32f4xx_hal_pcd.o
LOAD ./Drivers/STM32F4xx_HAL_Driver/Src/stm32f4xx_hal_pcd_ex.o
LOAD ./Drivers/STM32F4xx_HAL_Driver/Src/stm32f4xx_hal_pwr.o
LOAD ./Drivers/STM32F4xx_HAL_Driver/Src/stm32f4xx_hal_pwr_ex.o
LOAD ./Drivers/STM32F4xx_HAL_Driver/Src/stm32f4xx_hal_rcc.o
LOAD ./Drivers/STM32F4xx_HAL_Driver/Src/stm32f4xx_hal_rcc_ex.o
LOAD ./Drivers/STM32F4xx_HAL_Driver/Src/stm32f4xx_hal_spi.o
LOAD ./Drivers/STM32F4xx_HAL_Driver/Src/stm32f4xx_hal_tim.o
LOAD ./Drivers/STM32F4xx_HAL_Driver/Src/stm32f4xx_hal_tim_ex.o
LOAD ./Drivers/STM32F4xx_HAL_Driver/Src/stm32f4xx_hal_uart.o
LOAD ./Drivers/STM32F4xx_HAL_Driver/Src/stm32f4xx_ll_exti.o
LOAD ./Drivers/STM32F4xx_HAL_Driver/Src/stm32f4xx_ll_gpio.o
LOAD ./Drivers/STM32F4xx_HAL_Driver/Src/stm32f4xx_ll_rcc.o
LOAD ./Drivers/STM32F4xx_HAL_Driver/Src/stm32f4xx_ll_tim.o
LOAD ./Drivers/STM32F4xx_HAL_Driver/Src/stm32f4xx_ll_usb.o
LOAD ./Drivers/STM32F4xx_HAL_Driver/Src/stm32f4xx_ll_utils.o
LOAD ./Middlewares/ST/STM32_USB_Device_Library/Class/CDC/Src/usbd_cdc.o
LOAD ./Middlewares/ST/STM32_USB_Device_Library/Core/Src/usbd_core.o
LOAD ./Middlewares/ST/STM32_USB_Device_Library/Core/Src/usbd_ctlreq.o
LOAD ./Middlewares/ST/STM32_USB_Device_Library/Core/Src/usbd_ioreq.o
LOAD ./USB_DEVICE/App/usb_device.o
LOAD ./USB_DEVICE/App/usbd_cdc_if.o
LOAD ./USB_DEVICE/App/usbd_desc.o
LOAD ./USB_DEVICE/Target/usbd_conf.o
START GROUP
LOAD /opt/st/stm32cubeide_1.16.0/plugins/com.st.stm32cube.ide.mcu.externaltools.gnu-tools-for-stm32.12.3.rel1.linux64_1.0.200.202406132123/tools/bin/../lib/gcc/arm-none-eabi/12.3.1/../../../../arm-none-eabi/lib/thumb/v7e-m+fp/hard/libc_nano.a
LOAD /opt/st/stm32cubeide_1.16.0/plugins/com.st.stm32cube.ide.mcu.externaltools.gnu-tools-for-stm32.12.3.rel1.linux64_1.0.200.202406132123/tools/bin/../lib/gcc/arm-none-eabi/12.3.1/../../../../arm-none-eabi/lib/thumb/v7e-m+fp/hard/libm.a
END GROUP
START GROUP
LOAD /opt/st/stm32cubeide_1.16.0/plugins/com.st.stm32cube.ide.mcu.externaltools.gnu-tools-for-stm32.12.3.rel1.linux64_1.0.200.202406132123/tools/bin/../lib/gcc/arm-none-eabi/12.3.1/thumb/v7e-m+fp/hard/libgcc.a
LOAD /opt/st/stm32cubeide_1.16.0/plugins/com.st.stm32cube.ide.mcu.externaltools.gnu-tools-for-stm32.12.3.rel1.linux64_1.0.200.202406132123/tools/bin/../lib/gcc/arm-none-eabi/12.3.1/../../../../arm-none-eabi/lib/thumb/v7e-m+fp/hard/libc_nano.a
END GROUP
START GROUP
LOAD /opt/st/stm32cubeide_1.16.0/plugins/com.st.stm32cube.ide.mcu.externaltools.gnu-tools-for-stm32.12.3.rel1.linux64_1.0.200.202406132123/tools/bin/../lib/gcc/arm-none-eabi/12.3.1/thumb/v7e-m+fp/hard/libgcc.a
LOAD /opt/st/stm32cubeide_1.16.0/plugins/com.st.stm32cube.ide.mcu.externaltools.gnu-tools-for-stm32.12.3.rel1.linux64_1.0.200.202406132123/tools/bin/../lib/gcc/arm-none-eabi/12.3.1/../../../../arm-none-eabi/lib/thumb/v7e-m+fp/hard/libc_nano.a
LOAD /opt/st/stm32cubeide_1.16.0/plugins/com.st.stm32cube.ide.mcu.externaltools.gnu-tools-for-stm32.12.3.rel1.linux64_1.0.200.202406132123/tools/bin/../lib/gcc/arm-none-eabi/12.3.1/../../../../arm-none-eabi/lib/thumb/v7e-m+fp/hard/libnosys.a
END GROUP
START GROUP
LOAD /opt/st/stm32cubeide_1.16.0/plugins/com.st.stm32cube.ide.mcu.externaltools.gnu-tools-for-stm32.12.3.rel1.linux64_1.0.200.202406132123/tools/bin/../lib/gcc/arm-none-eabi/12.3.1/thumb/v7e-m+fp/hard/libgcc.a
LOAD /opt/st/stm32cubeide_1.16.0/plugins/com.st.stm32cube.ide.mcu.externaltools.gnu-tools-for-stm32.12.3.rel1.linux64_1.0.200.202406132123/tools/bin/../lib/gcc/arm-none-eabi/12.3.1/../../../../arm-none-eabi/lib/thumb/v7e-m+fp/hard/libc_nano.a
LOAD /opt/st/stm32cubeide_1.16.0/plugins/com.st.stm32cube.ide.mcu.externaltools.gnu-tools-for-stm32.12.3.rel1.linux64_1.0.200.202406132123/tools/bin/../lib/gcc/arm-none-eabi/12.3.1/../../../../arm-none-eabi/lib/thumb/v7e-m+fp/hard/libnosys.a
END GROUP
LOAD /opt/st/stm32cubeide_1.16.0/plugins/com.st.stm32cube.ide.mcu.externaltools.gnu-tools-for-stm32.12.3.rel1.linux64_1.0.200.202406132123/tools/bin/../lib/gcc/arm-none-eabi/12.3.1/thumb/v7e-m+fp/hard/crtend.o
LOAD /opt/st/stm32cubeide_1.16.0/plugins/com.st.stm32cube.ide.mcu.externaltools.gnu-tools-for-stm32.12.3.rel1.linux64_1.0.200.202406132123/tools/bin/../lib/gcc/arm-none-eabi/12.3.1/thumb/v7e-m+fp/hard/crtn.o
                0x20010000                        _estack = (ORIGIN (RAM) + LENGTH (RAM))
                0x00000200                        _Min_Heap_Size = 0x200
                0x00000400                        _Min_Stack_Size = 0x400

.isr_vector     0x08000000      0x194
                0x08000000                        . = ALIGN (0x4)
 *(.isr_vector)
 .isr_vector    0x08000000      0x194 ./Core/Startup/startup_stm32f401ccux.o
                0x08000000                g_pfnVectors
                0x08000194                        . = ALIGN (0x4)

.text           0x080001a0     0x840c
                0x080001a0                        . = ALIGN (0x4)
 *(.text)
 .text          0x080001a0       0x40 /opt/st/stm32cubeide_1.16.0/plugins/com.st.stm32cube.ide.mcu.externaltools.gnu-tools-for-stm32.12.3.rel1.linux64_1.0.200.202406132123/tools/bin/../lib/gcc/arm-none-eabi/12.3.1/thumb/v7e-m+fp/hard/crtbegin.o
 .text          0x080001e0       0x14 /opt/st/stm32cubeide_1.16.0/plugins/com.st.stm32cube.ide.mcu.externaltools.gnu-tools-for-stm32.12.3.rel1.linux64_1.0.200.202406132123/tools/bin/../lib/gcc/arm-none-eabi/12.3.1/../../../../arm-none-eabi/lib/thumb/v7e-m+fp/hard/libc_nano.a(libc_a-strcmp.o)
                0x080001e0                strcmp
 .text          0x080001f4       0x10 /opt/st/stm32cubeide_1.16.0/plugins/com.st.stm32cube.ide.mcu.externaltools.gnu-tools-for-stm32.12.3.rel1.linux64_1.0.200.202406132123/tools/bin/../lib/gcc/arm-none-eabi/12.3.1/../../../../arm-none-eabi/lib/thumb/v7e-m+fp/hard/libc_nano.a(libc_a-strlen.o)
                0x080001f4                strlen
 *fill*         0x08000204        0xc 
 .text          0x08000210       0xa0 /opt/st/stm32cubeide_1.16.0/plugins/com.st.stm32cube.ide.mcu.externaltools.gnu-tools-for-stm32.12.3.rel1.linux64_1.0.200.202406132123/tools/bin/../lib/gcc/arm-none-eabi/12.3.1/../../../../arm-none-eabi/lib/thumb/v7e-m+fp/hard/libc_nano.a(libc_a-memchr.o)
                0x08000210                memchr
 .text          0x080002b0       0x30 /opt/st/stm32cubeide_1.16.0/plugins/com.st.stm32cube.ide.mcu.externaltools.gnu-tools-for-stm32.12.3.rel1.linux64_1.0.200.202406132123/tools/bin/../lib/gcc/arm-none-eabi/12.3.1/thumb/v7e-m+fp/hard/libgcc.a(_aeabi_uldivmod.o)
                0x080002b0                __aeabi_uldivmod
 .text          0x080002e0      0x2bc /opt/st/stm32cubeide_1.16.0/plugins/com.st.stm32cube.ide.mcu.externaltools.gnu-tools-for-stm32.12.3.rel1.linux64_1.0.200.202406132123/tools/bin/../lib/gcc/arm-none-eabi/12.3.1/thumb/v7e-m+fp/hard/libgcc.a(_udivmoddi4.o)
                0x080002e0                __udivmoddi4
 .text          0x0800059c        0x4 /opt/st/stm32cubeide_1.16.0/plugins/com.st.stm32cube.ide.mcu.externaltools.gnu-tools-for-stm32.12.3.rel1.linux64_1.0.200.202406132123/tools/bin/../lib/gcc/arm-none-eabi/12.3.1/thumb/v7e-m+fp/hard/libgcc.a(_dvmd_tls.o)
                0x0800059c                __aeabi_ldiv0
                0x0800059c                __aeabi_idiv0
 *(.text*)
 .text.W5500_Select
                0x080005a0       0x10 ./Core/Src/main.o
                0x080005a0                W5500_Select
 .text.W5500_Unselect
                0x080005b0       0x10 ./Core/Src/main.o
                0x080005b0                W5500_Unselect
 .text.W5500_ReadBuff
                0x080005c0       0x10 ./Core/Src/main.o
                0x080005c0                W5500_ReadBuff
 .text.W5500_ReadByte
                0x080005d0       0x16 ./Core/Src/main.o
                0x080005d0                W5500_ReadByte
 *fill*         0x080005e6        0x2 
 .text.W5500_WriteBuff
                0x080005e8       0x10 ./Core/Src/main.o
                0x080005e8                W5500_WriteBuff
 .text.W5500_WriteByte
                0x080005f8       0x16 ./Core/Src/main.o
                0x080005f8                W5500_WriteByte
 *fill*         0x0800060e        0x2 
 .text.base64_encode
                0x08000610       0xd0 ./Core/Src/main.o
                0x08000610                base64_encode
 .text.UpdateHTTPBase64
                0x080006e0       0x34 ./Core/Src/main.o
                0x080006e0                UpdateHTTPBase64
 .text.check_authentication
                0x08000714       0x64 ./Core/Src/main.o
                0x08000714                check_authentication
 .text.send_auth_required
                0x08000778        0xc ./Core/Src/main.o
                0x08000778                send_auth_required
 .text._write   0x08000784       0x10 ./Core/Src/main.o
                0x08000784                _write
 .text.CalculateXORChecksum
                0x08000794       0x14 ./Core/Src/main.o
                0x08000794                CalculateXORChecksum
 .text.WriteSettingsToEEPROM
                0x080007a8      0x124 ./Core/Src/main.o
                0x080007a8                WriteSettingsToEEPROM
 .text.ReadSettingsFromEEPROM
                0x080008cc      0x10c ./Core/Src/main.o
                0x080008cc                ReadSettingsFromEEPROM
 .text.LoadDefaultSettings
                0x080009d8       0xb8 ./Core/Src/main.o
                0x080009d8                LoadDefaultSettings
 .text.send_web_page
                0x08000a90      0x174 ./Core/Src/main.o
                0x08000a90                send_web_page
 .text.SetGPIO  0x08000c04       0x74 ./Core/Src/main.o
                0x08000c04                SetGPIO
 .text.ShowHelp
                0x08000c78       0xe8 ./Core/Src/main.o
                0x08000c78                ShowHelp
 .text.ParseIPAddress
                0x08000d60       0x40 ./Core/Src/main.o
                0x08000d60                ParseIPAddress
 .text.ParseMACAddress
                0x08000da0       0x70 ./Core/Src/main.o
                0x08000da0                ParseMACAddress
 .text.ShowNetworkInfo
                0x08000e10       0xbc ./Core/Src/main.o
                0x08000e10                ShowNetworkInfo
 .text.ApplyNetworkSettings
                0x08000ecc       0x20 ./Core/Src/main.o
                0x08000ecc                ApplyNetworkSettings
 .text.SetIPAddress
                0x08000eec       0x58 ./Core/Src/main.o
                0x08000eec                SetIPAddress
 .text.SetMACAddress
                0x08000f44       0x68 ./Core/Src/main.o
                0x08000f44                SetMACAddress
 .text.SetSubnetMask
                0x08000fac       0x58 ./Core/Src/main.o
                0x08000fac                SetSubnetMask
 .text.SetGateway
                0x08001004       0x58 ./Core/Src/main.o
                0x08001004                SetGateway
 .text.SetDNS   0x0800105c       0x58 ./Core/Src/main.o
                0x0800105c                SetDNS
 .text.ProcessGetCommand
                0x080010b4      0x130 ./Core/Src/main.o
                0x080010b4                ProcessGetCommand
 .text.TrimWhitespace
                0x080011e4       0x3c ./Core/Src/main.o
                0x080011e4                TrimWhitespace
 .text.ProcessSetCommand
                0x08001220      0x19c ./Core/Src/main.o
                0x08001220                ProcessSetCommand
 .text.ParseNumber
                0x080013bc       0x24 ./Core/Src/main.o
                0x080013bc                ParseNumber
 .text.SaveSettingsCommand
                0x080013e0       0x14 ./Core/Src/main.o
                0x080013e0                SaveSettingsCommand
 .text.LoadSettingsCommand
                0x080013f4       0x24 ./Core/Src/main.o
                0x080013f4                LoadSettingsCommand
 .text.FactoryResetCommand
                0x08001418       0x1c ./Core/Src/main.o
                0x08001418                FactoryResetCommand
 .text.USB_ReadData
                0x08001434       0x40 ./Core/Src/main.o
                0x08001434                USB_ReadData
 .text.ShowButtonNames
                0x08001474       0x3c ./Core/Src/main.o
                0x08001474                ShowButtonNames
 .text.SetButtonName
                0x080014b0       0x64 ./Core/Src/main.o
                0x080014b0                SetButtonName
 .text.ProcessSetButtonCommand
                0x08001514       0x6c ./Core/Src/main.o
                0x08001514                ProcessSetButtonCommand
 .text.ParseCommand
                0x08001580      0x168 ./Core/Src/main.o
                0x08001580                ParseCommand
 .text.ProcessUSBData
                0x080016e8       0x5c ./Core/Src/main.o
                0x080016e8                ProcessUSBData
 .text.ensure_socket_closed
                0x08001744       0x64 ./Core/Src/main.o
                0x08001744                ensure_socket_closed
 .text.EnsureSocketClosedIfNeeded
                0x080017a8       0x44 ./Core/Src/main.o
                0x080017a8                EnsureSocketClosedIfNeeded
 .text.ResetW5500
                0x080017ec       0xa0 ./Core/Src/main.o
                0x080017ec                ResetW5500
 .text.CheckW5500
                0x0800188c      0x114 ./Core/Src/main.o
                0x0800188c                CheckW5500
 .text.SystemClock_Config
                0x080019a0       0xac ./Core/Src/main.o
                0x080019a0                SystemClock_Config
 .text.startup.main
                0x08001a4c      0x7fc ./Core/Src/main.o
                0x08001a4c                main
 .text.Error_Handler
                0x08002248        0x4 ./Core/Src/main.o
                0x08002248                Error_Handler
 .text.close    0x0800224c       0x7c ./Core/Src/socket.o
                0x0800224c                close
 .text.socket   0x080022c8      0x124 ./Core/Src/socket.o
                0x080022c8                socket
 .text.listen   0x080023ec       0x6a ./Core/Src/socket.o
                0x080023ec                listen
 *fill*         0x08002456        0x2 
 .text.disconnect
                0x08002458       0x88 ./Core/Src/socket.o
                0x08002458                disconnect
 .text.send     0x080024e0      0x114 ./Core/Src/socket.o
                0x080024e0                send
 .text.recv     0x080025f4       0xe4 ./Core/Src/socket.o
                0x080025f4                recv
 .text.HAL_MspInit
                0x080026d8       0x38 ./Core/Src/stm32f4xx_hal_msp.o
                0x080026d8                HAL_MspInit
 .text.HAL_SPI_MspInit
                0x08002710       0x6c ./Core/Src/stm32f4xx_hal_msp.o
                0x08002710                HAL_SPI_MspInit
 .text.NMI_Handler
                0x0800277c        0x8 ./Core/Src/stm32f4xx_it.o
                0x0800277c                NMI_Handler
 .text.HardFault_Handler
                0x08002784        0x2 ./Core/Src/stm32f4xx_it.o
                0x08002784                HardFault_Handler
 .text.MemManage_Handler
                0x08002786        0x2 ./Core/Src/stm32f4xx_it.o
                0x08002786                MemManage_Handler
 .text.BusFault_Handler
                0x08002788        0x2 ./Core/Src/stm32f4xx_it.o
                0x08002788                BusFault_Handler
 .text.UsageFault_Handler
                0x0800278a        0x2 ./Core/Src/stm32f4xx_it.o
                0x0800278a                UsageFault_Handler
 .text.SVC_Handler
                0x0800278c        0x2 ./Core/Src/stm32f4xx_it.o
                0x0800278c                SVC_Handler
 .text.DebugMon_Handler
                0x0800278e        0x2 ./Core/Src/stm32f4xx_it.o
                0x0800278e                DebugMon_Handler
 .text.PendSV_Handler
                0x08002790        0x2 ./Core/Src/stm32f4xx_it.o
                0x08002790                PendSV_Handler
 .text.SysTick_Handler
                0x08002792        0x4 ./Core/Src/stm32f4xx_it.o
                0x08002792                SysTick_Handler
 *fill*         0x08002796        0x2 
 .text.TIM1_TRG_COM_TIM11_IRQHandler
                0x08002798       0x2c ./Core/Src/stm32f4xx_it.o
                0x08002798                TIM1_TRG_COM_TIM11_IRQHandler
 .text.OTG_FS_IRQHandler
                0x080027c4        0xc ./Core/Src/stm32f4xx_it.o
                0x080027c4                OTG_FS_IRQHandler
 .text._getpid  0x080027d0        0x4 ./Core/Src/syscalls.o
                0x080027d0                _getpid
 .text._kill    0x080027d4       0x10 ./Core/Src/syscalls.o
                0x080027d4                _kill
 .text._exit    0x080027e4        0xc ./Core/Src/syscalls.o
                0x080027e4                _exit
 .text._read    0x080027f0       0x1c ./Core/Src/syscalls.o
                0x080027f0                _read
 .text._close   0x0800280c        0x6 ./Core/Src/syscalls.o
                0x0800280c                _close
 .text._fstat   0x08002812        0xa ./Core/Src/syscalls.o
                0x08002812                _fstat
 .text._isatty  0x0800281c        0x4 ./Core/Src/syscalls.o
                0x0800281c                _isatty
 .text._lseek   0x08002820        0x4 ./Core/Src/syscalls.o
                0x08002820                _lseek
 .text._sbrk    0x08002824       0x40 ./Core/Src/sysmem.o
                0x08002824                _sbrk
 .text.SystemInit
                0x08002864       0x14 ./Core/Src/system_stm32f4xx.o
                0x08002864                SystemInit
 .text.WIZCHIP_READ
                0x08002878       0x5c ./Core/Src/w5500.o
                0x08002878                WIZCHIP_READ
 .text.WIZCHIP_WRITE
                0x080028d4       0x64 ./Core/Src/w5500.o
                0x080028d4                WIZCHIP_WRITE
 .text.WIZCHIP_READ_BUF
                0x08002938       0x74 ./Core/Src/w5500.o
                0x08002938                WIZCHIP_READ_BUF
 .text.WIZCHIP_WRITE_BUF
                0x080029ac       0x74 ./Core/Src/w5500.o
                0x080029ac                WIZCHIP_WRITE_BUF
 .text.getSn_TX_FSR
                0x08002a20       0x42 ./Core/Src/w5500.o
                0x08002a20                getSn_TX_FSR
 .text.getSn_RX_RSR
                0x08002a62       0x42 ./Core/Src/w5500.o
                0x08002a62                getSn_RX_RSR
 .text.wiz_send_data
                0x08002aa4       0x5a ./Core/Src/w5500.o
                0x08002aa4                wiz_send_data
 .text.wiz_recv_data
                0x08002afe       0x5a ./Core/Src/w5500.o
                0x08002afe                wiz_recv_data
 .text.wizchip_cris_enter
                0x08002b58        0x2 ./Core/Src/wizchip_conf.o
                0x08002b58                wizchip_cris_enter
 .text.wizchip_bus_readdata
                0x08002b5a        0x4 ./Core/Src/wizchip_conf.o
                0x08002b5a                wizchip_bus_readdata
 .text.wizchip_bus_writedata
                0x08002b5e        0x4 ./Core/Src/wizchip_conf.o
                0x08002b5e                wizchip_bus_writedata
 .text.wizchip_spi_readbyte
                0x08002b62        0x4 ./Core/Src/wizchip_conf.o
                0x08002b62                wizchip_spi_readbyte
 .text.wizchip_spi_writebyte
                0x08002b66        0x2 ./Core/Src/wizchip_conf.o
                0x08002b66                wizchip_spi_writebyte
 .text.wizchip_spi_readburst
                0x08002b68        0x2 ./Core/Src/wizchip_conf.o
                0x08002b68                wizchip_spi_readburst
 .text.wizchip_spi_writeburst
                0x08002b6a        0x2 ./Core/Src/wizchip_conf.o
                0x08002b6a                wizchip_spi_writeburst
 .text.wizchip_cris_exit
                0x08002b6c        0x2 ./Core/Src/wizchip_conf.o
                0x08002b6c                wizchip_cris_exit
 .text.wizchip_cs_select
                0x08002b6e        0x2 ./Core/Src/wizchip_conf.o
                0x08002b6e                wizchip_cs_select
 .text.wizchip_cs_deselect
                0x08002b70        0x2 ./Core/Src/wizchip_conf.o
                0x08002b70                wizchip_cs_deselect
 *fill*         0x08002b72        0x2 
 .text.reg_wizchip_cs_cbfunc
                0x08002b74       0x1c ./Core/Src/wizchip_conf.o
                0x08002b74                reg_wizchip_cs_cbfunc
 .text.reg_wizchip_spi_cbfunc
                0x08002b90       0x24 ./Core/Src/wizchip_conf.o
                0x08002b90                reg_wizchip_spi_cbfunc
 .text.reg_wizchip_spiburst_cbfunc
                0x08002bb4       0x24 ./Core/Src/wizchip_conf.o
                0x08002bb4                reg_wizchip_spiburst_cbfunc
 .text.wizchip_sw_reset
                0x08002bd8       0x7a ./Core/Src/wizchip_conf.o
                0x08002bd8                wizchip_sw_reset
 .text.wizchip_init
                0x08002c52       0x88 ./Core/Src/wizchip_conf.o
                0x08002c52                wizchip_init
 *fill*         0x08002cda        0x2 
 .text.wizchip_setnetinfo
                0x08002cdc       0x5c ./Core/Src/wizchip_conf.o
                0x08002cdc                wizchip_setnetinfo
 .text.Reset_Handler
                0x08002d38       0x50 ./Core/Startup/startup_stm32f401ccux.o
                0x08002d38                Reset_Handler
 .text.Default_Handler
                0x08002d88        0x2 ./Core/Startup/startup_stm32f401ccux.o
                0x08002d88                RTC_Alarm_IRQHandler
                0x08002d88                EXTI2_IRQHandler
                0x08002d88                SPI4_IRQHandler
                0x08002d88                TIM1_CC_IRQHandler
                0x08002d88                DMA2_Stream5_IRQHandler
                0x08002d88                DMA1_Stream5_IRQHandler
                0x08002d88                PVD_IRQHandler
                0x08002d88                SDIO_IRQHandler
                0x08002d88                TAMP_STAMP_IRQHandler
                0x08002d88                EXTI3_IRQHandler
                0x08002d88                TIM1_UP_TIM10_IRQHandler
                0x08002d88                I2C3_ER_IRQHandler
                0x08002d88                EXTI0_IRQHandler
                0x08002d88                I2C2_EV_IRQHandler
                0x08002d88                DMA1_Stream2_IRQHandler
                0x08002d88                FPU_IRQHandler
                0x08002d88                DMA2_Stream2_IRQHandler
                0x08002d88                SPI1_IRQHandler
                0x08002d88                TIM1_BRK_TIM9_IRQHandler
                0x08002d88                DMA2_Stream3_IRQHandler
                0x08002d88                USART6_IRQHandler
                0x08002d88                DMA2_Stream0_IRQHandler
                0x08002d88                TIM4_IRQHandler
                0x08002d88                I2C1_EV_IRQHandler
                0x08002d88                DMA1_Stream6_IRQHandler
                0x08002d88                DMA1_Stream1_IRQHandler
                0x08002d88                TIM3_IRQHandler
                0x08002d88                RCC_IRQHandler
                0x08002d88                Default_Handler
                0x08002d88                EXTI15_10_IRQHandler
                0x08002d88                ADC_IRQHandler
                0x08002d88                DMA1_Stream7_IRQHandler
                0x08002d88                TIM5_IRQHandler
                0x08002d88                DMA2_Stream7_IRQHandler
                0x08002d88                I2C3_EV_IRQHandler
                0x08002d88                EXTI9_5_IRQHandler
                0x08002d88                RTC_WKUP_IRQHandler
                0x08002d88                SPI2_IRQHandler
                0x08002d88                DMA1_Stream0_IRQHandler
                0x08002d88                EXTI4_IRQHandler
                0x08002d88                WWDG_IRQHandler
                0x08002d88                TIM2_IRQHandler
                0x08002d88                OTG_FS_WKUP_IRQHandler
                0x08002d88                EXTI1_IRQHandler
                0x08002d88                USART2_IRQHandler
                0x08002d88                I2C2_ER_IRQHandler
                0x08002d88                DMA2_Stream1_IRQHandler
                0x08002d88                FLASH_IRQHandler
                0x08002d88                DMA2_Stream4_IRQHandler
                0x08002d88                USART1_IRQHandler
                0x08002d88                SPI3_IRQHandler
                0x08002d88                DMA1_Stream4_IRQHandler
                0x08002d88                I2C1_ER_IRQHandler
                0x08002d88                DMA2_Stream6_IRQHandler
                0x08002d88                DMA1_Stream3_IRQHandler
 *fill*         0x08002d8a        0x2 
 .text.HAL_InitTick
                0x08002d8c       0x48 ./Drivers/STM32F4xx_HAL_Driver/Src/stm32f4xx_hal.o
                0x08002d8c                HAL_InitTick
 .text.HAL_Init
                0x08002dd4       0x34 ./Drivers/STM32F4xx_HAL_Driver/Src/stm32f4xx_hal.o
                0x08002dd4                HAL_Init
 .text.HAL_IncTick
                0x08002e08       0x18 ./Drivers/STM32F4xx_HAL_Driver/Src/stm32f4xx_hal.o
                0x08002e08                HAL_IncTick
 .text.HAL_GetTick
                0x08002e20        0xc ./Drivers/STM32F4xx_HAL_Driver/Src/stm32f4xx_hal.o
                0x08002e20                HAL_GetTick
 .text.HAL_Delay
                0x08002e2c       0x28 ./Drivers/STM32F4xx_HAL_Driver/Src/stm32f4xx_hal.o
                0x08002e2c                HAL_Delay
 .text.HAL_NVIC_SetPriorityGrouping
                0x08002e54       0x24 ./Drivers/STM32F4xx_HAL_Driver/Src/stm32f4xx_hal_cortex.o
                0x08002e54                HAL_NVIC_SetPriorityGrouping
 .text.HAL_NVIC_SetPriority
                0x08002e78       0x64 ./Drivers/STM32F4xx_HAL_Driver/Src/stm32f4xx_hal_cortex.o
                0x08002e78                HAL_NVIC_SetPriority
 .text.HAL_NVIC_EnableIRQ
                0x08002edc       0x1c ./Drivers/STM32F4xx_HAL_Driver/Src/stm32f4xx_hal_cortex.o
                0x08002edc                HAL_NVIC_EnableIRQ
 .text.HAL_SYSTICK_Config
                0x08002ef8       0x28 ./Drivers/STM32F4xx_HAL_Driver/Src/stm32f4xx_hal_cortex.o
                0x08002ef8                HAL_SYSTICK_Config
 .text.FLASH_Program_DoubleWord
                0x08002f20       0x2c ./Drivers/STM32F4xx_HAL_Driver/Src/stm32f4xx_hal_flash.o
 .text.FLASH_Program_Word
                0x08002f4c       0x24 ./Drivers/STM32F4xx_HAL_Driver/Src/stm32f4xx_hal_flash.o
 .text.FLASH_Program_HalfWord
                0x08002f70       0x24 ./Drivers/STM32F4xx_HAL_Driver/Src/stm32f4xx_hal_flash.o
 .text.FLASH_SetErrorCode
                0x08002f94       0x8c ./Drivers/STM32F4xx_HAL_Driver/Src/stm32f4xx_hal_flash.o
 .text.HAL_FLASH_Unlock
                0x08003020       0x24 ./Drivers/STM32F4xx_HAL_Driver/Src/stm32f4xx_hal_flash.o
                0x08003020                HAL_FLASH_Unlock
 .text.HAL_FLASH_Lock
                0x08003044       0x14 ./Drivers/STM32F4xx_HAL_Driver/Src/stm32f4xx_hal_flash.o
                0x08003044                HAL_FLASH_Lock
 .text.FLASH_WaitForLastOperation
                0x08003058       0x50 ./Drivers/STM32F4xx_HAL_Driver/Src/stm32f4xx_hal_flash.o
                0x08003058                FLASH_WaitForLastOperation
 .text.HAL_FLASH_Program
                0x080030a8       0x8c ./Drivers/STM32F4xx_HAL_Driver/Src/stm32f4xx_hal_flash.o
                0x080030a8                HAL_FLASH_Program
 .text.FLASH_MassErase.constprop.0
                0x08003134       0x24 ./Drivers/STM32F4xx_HAL_Driver/Src/stm32f4xx_hal_flash_ex.o
 .text.FLASH_Erase_Sector
                0x08003158       0x3c ./Drivers/STM32F4xx_HAL_Driver/Src/stm32f4xx_hal_flash_ex.o
                0x08003158                FLASH_Erase_Sector
 .text.FLASH_FlushCaches
                0x08003194       0x58 ./Drivers/STM32F4xx_HAL_Driver/Src/stm32f4xx_hal_flash_ex.o
                0x08003194                FLASH_FlushCaches
 .text.HAL_FLASHEx_Erase
                0x080031ec       0xa0 ./Drivers/STM32F4xx_HAL_Driver/Src/stm32f4xx_hal_flash_ex.o
                0x080031ec                HAL_FLASHEx_Erase
 .text.HAL_GPIO_Init
                0x0800328c      0x18c ./Drivers/STM32F4xx_HAL_Driver/Src/stm32f4xx_hal_gpio.o
                0x0800328c                HAL_GPIO_Init
 .text.HAL_GPIO_WritePin
                0x08003418        0xa ./Drivers/STM32F4xx_HAL_Driver/Src/stm32f4xx_hal_gpio.o
                0x08003418                HAL_GPIO_WritePin
 .text.HAL_PCD_Init
                0x08003422       0xde ./Drivers/STM32F4xx_HAL_Driver/Src/stm32f4xx_hal_pcd.o
                0x08003422                HAL_PCD_Init
 .text.HAL_PCD_Start
                0x08003500       0x3e ./Drivers/STM32F4xx_HAL_Driver/Src/stm32f4xx_hal_pcd.o
                0x08003500                HAL_PCD_Start
 .text.HAL_PCD_SetAddress
                0x0800353e       0x26 ./Drivers/STM32F4xx_HAL_Driver/Src/stm32f4xx_hal_pcd.o
                0x0800353e                HAL_PCD_SetAddress
 .text.HAL_PCD_EP_Open
                0x08003564       0x72 ./Drivers/STM32F4xx_HAL_Driver/Src/stm32f4xx_hal_pcd.o
                0x08003564                HAL_PCD_EP_Open
 .text.HAL_PCD_EP_Close
                0x080035d6       0x5c ./Drivers/STM32F4xx_HAL_Driver/Src/stm32f4xx_hal_pcd.o
                0x080035d6                HAL_PCD_EP_Close
 .text.HAL_PCD_EP_Receive
                0x08003632       0x3c ./Drivers/STM32F4xx_HAL_Driver/Src/stm32f4xx_hal_pcd.o
                0x08003632                HAL_PCD_EP_Receive
 .text.HAL_PCD_EP_GetRxCount
                0x0800366e       0x10 ./Drivers/STM32F4xx_HAL_Driver/Src/stm32f4xx_hal_pcd.o
                0x0800366e                HAL_PCD_EP_GetRxCount
 .text.HAL_PCD_EP_Transmit
                0x0800367e       0x36 ./Drivers/STM32F4xx_HAL_Driver/Src/stm32f4xx_hal_pcd.o
                0x0800367e                HAL_PCD_EP_Transmit
 .text.HAL_PCD_EP_SetStall
                0x080036b4       0x6e ./Drivers/STM32F4xx_HAL_Driver/Src/stm32f4xx_hal_pcd.o
                0x080036b4                HAL_PCD_EP_SetStall
 .text.HAL_PCD_EP_ClrStall
                0x08003722       0x6a ./Drivers/STM32F4xx_HAL_Driver/Src/stm32f4xx_hal_pcd.o
                0x08003722                HAL_PCD_EP_ClrStall
 .text.HAL_PCD_EP_Abort
                0x0800378c       0x20 ./Drivers/STM32F4xx_HAL_Driver/Src/stm32f4xx_hal_pcd.o
                0x0800378c                HAL_PCD_EP_Abort
 .text.HAL_PCD_IRQHandler
                0x080037ac      0x694 ./Drivers/STM32F4xx_HAL_Driver/Src/stm32f4xx_hal_pcd.o
                0x080037ac                HAL_PCD_IRQHandler
 .text.HAL_PCDEx_SetTxFiFo
                0x08003e40       0x3e ./Drivers/STM32F4xx_HAL_Driver/Src/stm32f4xx_hal_pcd_ex.o
                0x08003e40                HAL_PCDEx_SetTxFiFo
 .text.HAL_PCDEx_SetRxFiFo
                0x08003e7e        0x8 ./Drivers/STM32F4xx_HAL_Driver/Src/stm32f4xx_hal_pcd_ex.o
                0x08003e7e                HAL_PCDEx_SetRxFiFo
 .text.HAL_PCDEx_LPM_Callback
                0x08003e86        0x2 ./Drivers/STM32F4xx_HAL_Driver/Src/stm32f4xx_hal_pcd_ex.o
                0x08003e86                HAL_PCDEx_LPM_Callback
 .text.HAL_RCC_OscConfig
                0x08003e88      0x35c ./Drivers/STM32F4xx_HAL_Driver/Src/stm32f4xx_hal_rcc.o
                0x08003e88                HAL_RCC_OscConfig
 .text.HAL_RCC_EnableCSS
                0x080041e4        0xc ./Drivers/STM32F4xx_HAL_Driver/Src/stm32f4xx_hal_rcc.o
                0x080041e4                HAL_RCC_EnableCSS
 .text.HAL_RCC_GetSysClockFreq
                0x080041f0       0x5c ./Drivers/STM32F4xx_HAL_Driver/Src/stm32f4xx_hal_rcc.o
                0x080041f0                HAL_RCC_GetSysClockFreq
 .text.HAL_RCC_ClockConfig
                0x0800424c      0x134 ./Drivers/STM32F4xx_HAL_Driver/Src/stm32f4xx_hal_rcc.o
                0x0800424c                HAL_RCC_ClockConfig
 .text.HAL_RCC_GetHCLKFreq
                0x08004380        0xc ./Drivers/STM32F4xx_HAL_Driver/Src/stm32f4xx_hal_rcc.o
                0x08004380                HAL_RCC_GetHCLKFreq
 .text.HAL_RCC_CSSCallback
                0x0800438c        0x2 ./Drivers/STM32F4xx_HAL_Driver/Src/stm32f4xx_hal_rcc.o
                0x0800438c                HAL_RCC_CSSCallback
 *fill*         0x0800438e        0x2 
 .text.HAL_RCC_NMI_IRQHandler
                0x08004390       0x18 ./Drivers/STM32F4xx_HAL_Driver/Src/stm32f4xx_hal_rcc.o
                0x08004390                HAL_RCC_NMI_IRQHandler
 .text.SPI_WaitFlagStateUntilTimeout
                0x080043a8       0xb8 ./Drivers/STM32F4xx_HAL_Driver/Src/stm32f4xx_hal_spi.o
 .text.SPI_EndRxTxTransaction
                0x08004460       0x78 ./Drivers/STM32F4xx_HAL_Driver/Src/stm32f4xx_hal_spi.o
 .text.SPI_EndRxTransaction
                0x080044d8       0x5c ./Drivers/STM32F4xx_HAL_Driver/Src/stm32f4xx_hal_spi.o
 .text.HAL_SPI_Init
                0x08004534       0xb8 ./Drivers/STM32F4xx_HAL_Driver/Src/stm32f4xx_hal_spi.o
                0x08004534                HAL_SPI_Init
 .text.HAL_SPI_Transmit
                0x080045ec      0x160 ./Drivers/STM32F4xx_HAL_Driver/Src/stm32f4xx_hal_spi.o
                0x080045ec                HAL_SPI_Transmit
 .text.HAL_SPI_TransmitReceive
                0x0800474c      0x1f8 ./Drivers/STM32F4xx_HAL_Driver/Src/stm32f4xx_hal_spi.o
                0x0800474c                HAL_SPI_TransmitReceive
 .text.HAL_SPI_Receive
                0x08004944      0x146 ./Drivers/STM32F4xx_HAL_Driver/Src/stm32f4xx_hal_spi.o
                0x08004944                HAL_SPI_Receive
 *fill*         0x08004a8a        0x2 
 .text.LL_TIM_Init
                0x08004a8c       0x98 ./Drivers/STM32F4xx_HAL_Driver/Src/stm32f4xx_ll_tim.o
                0x08004a8c                LL_TIM_Init
 .text.USB_CoreReset
                0x08004b24       0x50 ./Drivers/STM32F4xx_HAL_Driver/Src/stm32f4xx_ll_usb.o
 .text.USB_CoreInit
                0x08004b74       0x88 ./Drivers/STM32F4xx_HAL_Driver/Src/stm32f4xx_ll_usb.o
                0x08004b74                USB_CoreInit
 .text.USB_SetTurnaroundTime
                0x08004bfc       0xe0 ./Drivers/STM32F4xx_HAL_Driver/Src/stm32f4xx_ll_usb.o
                0x08004bfc                USB_SetTurnaroundTime
 .text.USB_EnableGlobalInt
                0x08004cdc        0xc ./Drivers/STM32F4xx_HAL_Driver/Src/stm32f4xx_ll_usb.o
                0x08004cdc                USB_EnableGlobalInt
 .text.USB_DisableGlobalInt
                0x08004ce8        0xc ./Drivers/STM32F4xx_HAL_Driver/Src/stm32f4xx_ll_usb.o
                0x08004ce8                USB_DisableGlobalInt
 .text.USB_SetCurrentMode
                0x08004cf4       0x60 ./Drivers/STM32F4xx_HAL_Driver/Src/stm32f4xx_ll_usb.o
                0x08004cf4                USB_SetCurrentMode
 .text.USB_FlushTxFifo
                0x08004d54       0x46 ./Drivers/STM32F4xx_HAL_Driver/Src/stm32f4xx_ll_usb.o
                0x08004d54                USB_FlushTxFifo
 .text.USB_FlushRxFifo
                0x08004d9a       0x42 ./Drivers/STM32F4xx_HAL_Driver/Src/stm32f4xx_ll_usb.o
                0x08004d9a                USB_FlushRxFifo
 .text.USB_SetDevSpeed
                0x08004ddc        0xe ./Drivers/STM32F4xx_HAL_Driver/Src/stm32f4xx_ll_usb.o
                0x08004ddc                USB_SetDevSpeed
 *fill*         0x08004dea        0x2 
 .text.USB_DevInit
                0x08004dec      0x174 ./Drivers/STM32F4xx_HAL_Driver/Src/stm32f4xx_ll_usb.o
                0x08004dec                USB_DevInit
 .text.USB_GetDevSpeed
                0x08004f60       0x16 ./Drivers/STM32F4xx_HAL_Driver/Src/stm32f4xx_ll_usb.o
                0x08004f60                USB_GetDevSpeed
 .text.USB_ActivateEndpoint
                0x08004f76       0x7e ./Drivers/STM32F4xx_HAL_Driver/Src/stm32f4xx_ll_usb.o
                0x08004f76                USB_ActivateEndpoint
 .text.USB_DeactivateEndpoint
                0x08004ff4       0xac ./Drivers/STM32F4xx_HAL_Driver/Src/stm32f4xx_ll_usb.o
                0x08004ff4                USB_DeactivateEndpoint
 .text.USB_EPStopXfer
                0x080050a0       0x84 ./Drivers/STM32F4xx_HAL_Driver/Src/stm32f4xx_ll_usb.o
                0x080050a0                USB_EPStopXfer
 .text.USB_WritePacket
                0x08005124       0x26 ./Drivers/STM32F4xx_HAL_Driver/Src/stm32f4xx_ll_usb.o
                0x08005124                USB_WritePacket
 *fill*         0x0800514a        0x2 
 .text.USB_EPStartXfer
                0x0800514c      0x204 ./Drivers/STM32F4xx_HAL_Driver/Src/stm32f4xx_ll_usb.o
                0x0800514c                USB_EPStartXfer
 .text.USB_ReadPacket
                0x08005350       0x40 ./Drivers/STM32F4xx_HAL_Driver/Src/stm32f4xx_ll_usb.o
                0x08005350                USB_ReadPacket
 .text.USB_EPSetStall
                0x08005390       0x56 ./Drivers/STM32F4xx_HAL_Driver/Src/stm32f4xx_ll_usb.o
                0x08005390                USB_EPSetStall
 .text.USB_EPClearStall
                0x080053e6       0x52 ./Drivers/STM32F4xx_HAL_Driver/Src/stm32f4xx_ll_usb.o
                0x080053e6                USB_EPClearStall
 .text.USB_SetDevAddress
                0x08005438       0x20 ./Drivers/STM32F4xx_HAL_Driver/Src/stm32f4xx_ll_usb.o
                0x08005438                USB_SetDevAddress
 .text.USB_DevConnect
                0x08005458       0x1c ./Drivers/STM32F4xx_HAL_Driver/Src/stm32f4xx_ll_usb.o
                0x08005458                USB_DevConnect
 .text.USB_DevDisconnect
                0x08005474       0x1c ./Drivers/STM32F4xx_HAL_Driver/Src/stm32f4xx_ll_usb.o
                0x08005474                USB_DevDisconnect
 .text.USB_ReadInterrupts
                0x08005490        0x8 ./Drivers/STM32F4xx_HAL_Driver/Src/stm32f4xx_ll_usb.o
                0x08005490                USB_ReadInterrupts
 .text.USB_ReadDevAllOutEpInterrupt
                0x08005498       0x10 ./Drivers/STM32F4xx_HAL_Driver/Src/stm32f4xx_ll_usb.o
                0x08005498                USB_ReadDevAllOutEpInterrupt
 .text.USB_ReadDevAllInEpInterrupt
                0x080054a8       0x10 ./Drivers/STM32F4xx_HAL_Driver/Src/stm32f4xx_ll_usb.o
                0x080054a8                USB_ReadDevAllInEpInterrupt
 .text.USB_ReadDevOutEPInterrupt
                0x080054b8       0x12 ./Drivers/STM32F4xx_HAL_Driver/Src/stm32f4xx_ll_usb.o
                0x080054b8                USB_ReadDevOutEPInterrupt
 .text.USB_ReadDevInEPInterrupt
                0x080054ca       0x22 ./Drivers/STM32F4xx_HAL_Driver/Src/stm32f4xx_ll_usb.o
                0x080054ca                USB_ReadDevInEPInterrupt
 .text.USB_GetMode
                0x080054ec        0x8 ./Drivers/STM32F4xx_HAL_Driver/Src/stm32f4xx_ll_usb.o
                0x080054ec                USB_GetMode
 .text.USB_ActivateSetup
                0x080054f4       0x20 ./Drivers/STM32F4xx_HAL_Driver/Src/stm32f4xx_ll_usb.o
                0x080054f4                USB_ActivateSetup
 .text.USB_EP0_OutStart
                0x08005514       0x4c ./Drivers/STM32F4xx_HAL_Driver/Src/stm32f4xx_ll_usb.o
                0x08005514                USB_EP0_OutStart
 .text.USBD_CDC_EP0_RxReady
                0x08005560       0x38 ./Middlewares/ST/STM32_USB_Device_Library/Class/CDC/Src/usbd_cdc.o
 .text.USBD_CDC_GetDeviceQualifierDescriptor
                0x08005598        0xc ./Middlewares/ST/STM32_USB_Device_Library/Class/CDC/Src/usbd_cdc.o
                0x08005598                USBD_CDC_GetDeviceQualifierDescriptor
 .text.USBD_CDC_GetFSCfgDesc
                0x080055a4       0x48 ./Middlewares/ST/STM32_USB_Device_Library/Class/CDC/Src/usbd_cdc.o
 .text.USBD_CDC_GetOtherSpeedCfgDesc
                0x080055ec        0x4 ./Middlewares/ST/STM32_USB_Device_Library/Class/CDC/Src/usbd_cdc.o
 .text.USBD_CDC_GetHSCfgDesc
                0x080055f0       0x48 ./Middlewares/ST/STM32_USB_Device_Library/Class/CDC/Src/usbd_cdc.o
 .text.USBD_CDC_DataOut
                0x08005638       0x38 ./Middlewares/ST/STM32_USB_Device_Library/Class/CDC/Src/usbd_cdc.o
 .text.USBD_CDC_DataIn
                0x08005670       0x64 ./Middlewares/ST/STM32_USB_Device_Library/Class/CDC/Src/usbd_cdc.o
 .text.USBD_CDC_Setup
                0x080056d4       0xf0 ./Middlewares/ST/STM32_USB_Device_Library/Class/CDC/Src/usbd_cdc.o
 .text.USBD_CDC_DeInit
                0x080057c4       0x60 ./Middlewares/ST/STM32_USB_Device_Library/Class/CDC/Src/usbd_cdc.o
 .text.USBD_CDC_Init
                0x08005824       0xc8 ./Middlewares/ST/STM32_USB_Device_Library/Class/CDC/Src/usbd_cdc.o
 .text.USBD_CDC_RegisterInterface
                0x080058ec       0x16 ./Middlewares/ST/STM32_USB_Device_Library/Class/CDC/Src/usbd_cdc.o
                0x080058ec                USBD_CDC_RegisterInterface
 .text.USBD_CDC_SetTxBuffer
                0x08005902       0x1c ./Middlewares/ST/STM32_USB_Device_Library/Class/CDC/Src/usbd_cdc.o
                0x08005902                USBD_CDC_SetTxBuffer
 .text.USBD_CDC_SetRxBuffer
                0x0800591e       0x18 ./Middlewares/ST/STM32_USB_Device_Library/Class/CDC/Src/usbd_cdc.o
                0x0800591e                USBD_CDC_SetRxBuffer
 .text.USBD_CDC_TransmitPacket
                0x08005936       0x36 ./Middlewares/ST/STM32_USB_Device_Library/Class/CDC/Src/usbd_cdc.o
                0x08005936                USBD_CDC_TransmitPacket
 .text.USBD_CDC_ReceivePacket
                0x0800596c       0x2c ./Middlewares/ST/STM32_USB_Device_Library/Class/CDC/Src/usbd_cdc.o
                0x0800596c                USBD_CDC_ReceivePacket
 .text.USBD_Init
                0x08005998       0x26 ./Middlewares/ST/STM32_USB_Device_Library/Core/Src/usbd_core.o
                0x08005998                USBD_Init
 .text.USBD_RegisterClass
                0x080059be       0x32 ./Middlewares/ST/STM32_USB_Device_Library/Core/Src/usbd_core.o
                0x080059be                USBD_RegisterClass
 .text.USBD_Start
                0x080059f0        0x4 ./Middlewares/ST/STM32_USB_Device_Library/Core/Src/usbd_core.o
                0x080059f0                USBD_Start
 .text.USBD_SetClassConfig
                0x080059f4        0xe ./Middlewares/ST/STM32_USB_Device_Library/Core/Src/usbd_core.o
                0x080059f4                USBD_SetClassConfig
 .text.USBD_ClrClassConfig
                0x08005a02       0x12 ./Middlewares/ST/STM32_USB_Device_Library/Core/Src/usbd_core.o
                0x08005a02                USBD_ClrClassConfig
 .text.USBD_LL_SetupStage
                0x08005a14       0x60 ./Middlewares/ST/STM32_USB_Device_Library/Core/Src/usbd_core.o
                0x08005a14                USBD_LL_SetupStage
 .text.USBD_LL_DataOutStage
                0x08005a74       0x74 ./Middlewares/ST/STM32_USB_Device_Library/Core/Src/usbd_core.o
                0x08005a74                USBD_LL_DataOutStage
 .text.USBD_LL_DataInStage
                0x08005ae8       0xa8 ./Middlewares/ST/STM32_USB_Device_Library/Core/Src/usbd_core.o
                0x08005ae8                USBD_LL_DataInStage
 .text.USBD_LL_Reset
                0x08005b90       0x60 ./Middlewares/ST/STM32_USB_Device_Library/Core/Src/usbd_core.o
                0x08005b90                USBD_LL_Reset
 .text.USBD_LL_SetSpeed
                0x08005bf0        0x6 ./Middlewares/ST/STM32_USB_Device_Library/Core/Src/usbd_core.o
                0x08005bf0                USBD_LL_SetSpeed
 .text.USBD_LL_Suspend
                0x08005bf6       0x1c ./Middlewares/ST/STM32_USB_Device_Library/Core/Src/usbd_core.o
                0x08005bf6                USBD_LL_Suspend
 .text.USBD_LL_Resume
                0x08005c12       0x16 ./Middlewares/ST/STM32_USB_Device_Library/Core/Src/usbd_core.o
                0x08005c12                USBD_LL_Resume
 .text.USBD_LL_SOF
                0x08005c28       0x1a ./Middlewares/ST/STM32_USB_Device_Library/Core/Src/usbd_core.o
                0x08005c28                USBD_LL_SOF
 .text.USBD_LL_IsoINIncomplete
                0x08005c42       0x26 ./Middlewares/ST/STM32_USB_Device_Library/Core/Src/usbd_core.o
                0x08005c42                USBD_LL_IsoINIncomplete
 .text.USBD_LL_IsoOUTIncomplete
                0x08005c68       0x26 ./Middlewares/ST/STM32_USB_Device_Library/Core/Src/usbd_core.o
                0x08005c68                USBD_LL_IsoOUTIncomplete
 .text.USBD_LL_DevConnected
                0x08005c8e        0x4 ./Middlewares/ST/STM32_USB_Device_Library/Core/Src/usbd_core.o
                0x08005c8e                USBD_LL_DevConnected
 .text.USBD_LL_DevDisconnected
                0x08005c92       0x20 ./Middlewares/ST/STM32_USB_Device_Library/Core/Src/usbd_core.o
                0x08005c92                USBD_LL_DevDisconnected
 .text.USBD_CoreFindIF
                0x08005cb2        0x4 ./Middlewares/ST/STM32_USB_Device_Library/Core/Src/usbd_core.o
                0x08005cb2                USBD_CoreFindIF
 .text.USBD_CoreFindEP
                0x08005cb6        0x4 ./Middlewares/ST/STM32_USB_Device_Library/Core/Src/usbd_core.o
                0x08005cb6                USBD_CoreFindEP
 .text.USBD_GetEpDesc
                0x08005cba       0x24 ./Middlewares/ST/STM32_USB_Device_Library/Core/Src/usbd_core.o
                0x08005cba                USBD_GetEpDesc
 .text.USBD_CtlError.constprop.0
                0x08005cde       0x16 ./Middlewares/ST/STM32_USB_Device_Library/Core/Src/usbd_ctlreq.o
 .text.USBD_StdDevReq
                0x08005cf4      0x28c ./Middlewares/ST/STM32_USB_Device_Library/Core/Src/usbd_ctlreq.o
                0x08005cf4                USBD_StdDevReq
 .text.USBD_StdItfReq
                0x08005f80       0x5a ./Middlewares/ST/STM32_USB_Device_Library/Core/Src/usbd_ctlreq.o
                0x08005f80                USBD_StdItfReq
 .text.USBD_StdEPReq
                0x08005fda      0x13e ./Middlewares/ST/STM32_USB_Device_Library/Core/Src/usbd_ctlreq.o
                0x08005fda                USBD_StdEPReq
 .text.USBD_ParseSetupRequest
                0x08006118       0x16 ./Middlewares/ST/STM32_USB_Device_Library/Core/Src/usbd_ctlreq.o
                0x08006118                USBD_ParseSetupRequest
 .text.USBD_CtlError
                0x0800612e       0x16 ./Middlewares/ST/STM32_USB_Device_Library/Core/Src/usbd_ctlreq.o
                0x0800612e                USBD_CtlError
 .text.USBD_GetString
                0x08006144       0x38 ./Middlewares/ST/STM32_USB_Device_Library/Core/Src/usbd_ctlreq.o
                0x08006144                USBD_GetString
 .text.USBD_CtlSendData
                0x0800617c       0x1c ./Middlewares/ST/STM32_USB_Device_Library/Core/Src/usbd_ioreq.o
                0x0800617c                USBD_CtlSendData
 .text.USBD_CtlContinueSendData
                0x08006198       0x10 ./Middlewares/ST/STM32_USB_Device_Library/Core/Src/usbd_ioreq.o
                0x08006198                USBD_CtlContinueSendData
 .text.USBD_CtlPrepareRx
                0x080061a8       0x22 ./Middlewares/ST/STM32_USB_Device_Library/Core/Src/usbd_ioreq.o
                0x080061a8                USBD_CtlPrepareRx
 .text.USBD_CtlContinueRx
                0x080061ca       0x10 ./Middlewares/ST/STM32_USB_Device_Library/Core/Src/usbd_ioreq.o
                0x080061ca                USBD_CtlContinueRx
 .text.USBD_CtlSendStatus
                0x080061da       0x16 ./Middlewares/ST/STM32_USB_Device_Library/Core/Src/usbd_ioreq.o
                0x080061da                USBD_CtlSendStatus
 .text.USBD_CtlReceiveStatus
                0x080061f0       0x16 ./Middlewares/ST/STM32_USB_Device_Library/Core/Src/usbd_ioreq.o
                0x080061f0                USBD_CtlReceiveStatus
 *fill*         0x08006206        0x2 
 .text.MX_USB_DEVICE_Init
                0x08006208       0x50 ./USB_DEVICE/App/usb_device.o
                0x08006208                MX_USB_DEVICE_Init
 .text.CDC_DeInit_FS
                0x08006258        0x4 ./USB_DEVICE/App/usbd_cdc_if.o
 .text.CDC_Control_FS
                0x0800625c        0x4 ./USB_DEVICE/App/usbd_cdc_if.o
 .text.CDC_TransmitCplt_FS
                0x08006260        0x4 ./USB_DEVICE/App/usbd_cdc_if.o
 .text.CDC_Init_FS
                0x08006264       0x28 ./USB_DEVICE/App/usbd_cdc_if.o
 .text.USB_DataReceived_Callback
                0x0800628c       0x68 ./USB_DEVICE/App/usbd_cdc_if.o
                0x0800628c                USB_DataReceived_Callback
 .text.CDC_Receive_FS
                0x080062f4       0x28 ./USB_DEVICE/App/usbd_cdc_if.o
 .text.CDC_Transmit_FS
                0x0800631c       0x2c ./USB_DEVICE/App/usbd_cdc_if.o
                0x0800631c                CDC_Transmit_FS
 .text.USBD_FS_DeviceDescriptor
                0x08006348        0xc ./USB_DEVICE/App/usbd_desc.o
                0x08006348                USBD_FS_DeviceDescriptor
 .text.USBD_FS_LangIDStrDescriptor
                0x08006354        0xc ./USB_DEVICE/App/usbd_desc.o
                0x08006354                USBD_FS_LangIDStrDescriptor
 .text.IntToUnicode
                0x08006360       0x2a ./USB_DEVICE/App/usbd_desc.o
 *fill*         0x0800638a        0x2 
 .text.USBD_FS_SerialStrDescriptor
                0x0800638c       0x3c ./USB_DEVICE/App/usbd_desc.o
                0x0800638c                USBD_FS_SerialStrDescriptor
 .text.USBD_FS_ManufacturerStrDescriptor
                0x080063c8       0x1c ./USB_DEVICE/App/usbd_desc.o
                0x080063c8                USBD_FS_ManufacturerStrDescriptor
 .text.USBD_FS_ProductStrDescriptor
                0x080063e4       0x1c ./USB_DEVICE/App/usbd_desc.o
                0x080063e4                USBD_FS_ProductStrDescriptor
 .text.USBD_FS_ConfigStrDescriptor
                0x08006400       0x1c ./USB_DEVICE/App/usbd_desc.o
                0x08006400                USBD_FS_ConfigStrDescriptor
 .text.USBD_FS_InterfaceStrDescriptor
                0x0800641c       0x1c ./USB_DEVICE/App/usbd_desc.o
                0x0800641c                USBD_FS_InterfaceStrDescriptor
 .text.HAL_PCD_MspInit
                0x08006438       0x84 ./USB_DEVICE/Target/usbd_conf.o
                0x08006438                HAL_PCD_MspInit
 .text.HAL_PCD_SetupStageCallback
                0x080064bc        0xc ./USB_DEVICE/Target/usbd_conf.o
                0x080064bc                HAL_PCD_SetupStageCallback
 .text.HAL_PCD_DataOutStageCallback
                0x080064c8       0x12 ./USB_DEVICE/Target/usbd_conf.o
                0x080064c8                HAL_PCD_DataOutStageCallback
 .text.HAL_PCD_DataInStageCallback
                0x080064da       0x10 ./USB_DEVICE/Target/usbd_conf.o
                0x080064da                HAL_PCD_DataInStageCallback
 .text.HAL_PCD_SOFCallback
                0x080064ea        0x8 ./USB_DEVICE/Target/usbd_conf.o
                0x080064ea                HAL_PCD_SOFCallback
 .text.HAL_PCD_ResetCallback
                0x080064f2       0x24 ./USB_DEVICE/Target/usbd_conf.o
                0x080064f2                HAL_PCD_ResetCallback
 *fill*         0x08006516        0x2 
 .text.HAL_PCD_SuspendCallback
                0x08006518       0x30 ./USB_DEVICE/Target/usbd_conf.o
                0x08006518                HAL_PCD_SuspendCallback
 .text.HAL_PCD_ResumeCallback
                0x08006548        0x8 ./USB_DEVICE/Target/usbd_conf.o
                0x08006548                HAL_PCD_ResumeCallback
 .text.HAL_PCD_ISOOUTIncompleteCallback
                0x08006550        0x8 ./USB_DEVICE/Target/usbd_conf.o
                0x08006550                HAL_PCD_ISOOUTIncompleteCallback
 .text.HAL_PCD_ISOINIncompleteCallback
                0x08006558        0x8 ./USB_DEVICE/Target/usbd_conf.o
                0x08006558                HAL_PCD_ISOINIncompleteCallback
 .text.HAL_PCD_ConnectCallback
                0x08006560        0x8 ./USB_DEVICE/Target/usbd_conf.o
                0x08006560                HAL_PCD_ConnectCallback
 .text.HAL_PCD_DisconnectCallback
                0x08006568        0x8 ./USB_DEVICE/Target/usbd_conf.o
                0x08006568                HAL_PCD_DisconnectCallback
 .text.USBD_LL_Init
                0x08006570       0x5c ./USB_DEVICE/Target/usbd_conf.o
                0x08006570                USBD_LL_Init
 .text.USBD_LL_IsStallEP
                0x080065cc       0x24 ./USB_DEVICE/Target/usbd_conf.o
                0x080065cc                USBD_LL_IsStallEP
 .text.USBD_LL_GetRxDataSize
                0x080065f0        0x8 ./USB_DEVICE/Target/usbd_conf.o
                0x080065f0                USBD_LL_GetRxDataSize
 .text.USBD_static_malloc
                0x080065f8        0x8 ./USB_DEVICE/Target/usbd_conf.o
                0x080065f8                USBD_static_malloc
 .text.USBD_static_free
                0x08006600        0x2 ./USB_DEVICE/Target/usbd_conf.o
                0x08006600                USBD_static_free
 .text.USBD_Get_USB_Status
                0x08006602        0xc ./USB_DEVICE/Target/usbd_conf.o
                0x08006602                USBD_Get_USB_Status
 .text.USBD_LL_Start
                0x0800660e       0x12 ./USB_DEVICE/Target/usbd_conf.o
                0x0800660e                USBD_LL_Start
 .text.USBD_LL_OpenEP
                0x08006620       0x18 ./USB_DEVICE/Target/usbd_conf.o
                0x08006620                USBD_LL_OpenEP
 .text.USBD_LL_CloseEP
                0x08006638       0x12 ./USB_DEVICE/Target/usbd_conf.o
                0x08006638                USBD_LL_CloseEP
 .text.USBD_LL_StallEP
                0x0800664a       0x12 ./USB_DEVICE/Target/usbd_conf.o
                0x0800664a                USBD_LL_StallEP
 .text.USBD_LL_ClearStallEP
                0x0800665c       0x12 ./USB_DEVICE/Target/usbd_conf.o
                0x0800665c                USBD_LL_ClearStallEP
 .text.USBD_LL_SetUSBAddress
                0x0800666e       0x12 ./USB_DEVICE/Target/usbd_conf.o
                0x0800666e                USBD_LL_SetUSBAddress
 .text.USBD_LL_Transmit
                0x08006680       0x12 ./USB_DEVICE/Target/usbd_conf.o
                0x08006680                USBD_LL_Transmit
 .text.USBD_LL_PrepareReceive
                0x08006692       0x12 ./USB_DEVICE/Target/usbd_conf.o
                0x08006692                USBD_LL_PrepareReceive
 .text._strtol_l.constprop.0
                0x080066a4       0xf4 /opt/st/stm32cubeide_1.16.0/plugins/com.st.stm32cube.ide.mcu.externaltools.gnu-tools-for-stm32.12.3.rel1.linux64_1.0.200.202406132123/tools/bin/../lib/gcc/arm-none-eabi/12.3.1/../../../../arm-none-eabi/lib/thumb/v7e-m+fp/hard/libc_nano.a(libc_a-strtol.o)
 .text._strtol_r
                0x08006798        0x4 /opt/st/stm32cubeide_1.16.0/plugins/com.st.stm32cube.ide.mcu.externaltools.gnu-tools-for-stm32.12.3.rel1.linux64_1.0.200.202406132123/tools/bin/../lib/gcc/arm-none-eabi/12.3.1/../../../../arm-none-eabi/lib/thumb/v7e-m+fp/hard/libc_nano.a(libc_a-strtol.o)
                0x08006798                _strtol_r
 .text.strtol   0x0800679c       0x14 /opt/st/stm32cubeide_1.16.0/plugins/com.st.stm32cube.ide.mcu.externaltools.gnu-tools-for-stm32.12.3.rel1.linux64_1.0.200.202406132123/tools/bin/../lib/gcc/arm-none-eabi/12.3.1/../../../../arm-none-eabi/lib/thumb/v7e-m+fp/hard/libc_nano.a(libc_a-strtol.o)
                0x0800679c                strtol
 .text.std      0x080067b0       0x6c /opt/st/stm32cubeide_1.16.0/plugins/com.st.stm32cube.ide.mcu.externaltools.gnu-tools-for-stm32.12.3.rel1.linux64_1.0.200.202406132123/tools/bin/../lib/gcc/arm-none-eabi/12.3.1/../../../../arm-none-eabi/lib/thumb/v7e-m+fp/hard/libc_nano.a(libc_a-findfp.o)
 .text.stdio_exit_handler
                0x0800681c       0x18 /opt/st/stm32cubeide_1.16.0/plugins/com.st.stm32cube.ide.mcu.externaltools.gnu-tools-for-stm32.12.3.rel1.linux64_1.0.200.202406132123/tools/bin/../lib/gcc/arm-none-eabi/12.3.1/../../../../arm-none-eabi/lib/thumb/v7e-m+fp/hard/libc_nano.a(libc_a-findfp.o)
 .text.cleanup_stdio
                0x08006834       0x40 /opt/st/stm32cubeide_1.16.0/plugins/com.st.stm32cube.ide.mcu.externaltools.gnu-tools-for-stm32.12.3.rel1.linux64_1.0.200.202406132123/tools/bin/../lib/gcc/arm-none-eabi/12.3.1/../../../../arm-none-eabi/lib/thumb/v7e-m+fp/hard/libc_nano.a(libc_a-findfp.o)
 .text.global_stdio_init.part.0
                0x08006874       0x3c /opt/st/stm32cubeide_1.16.0/plugins/com.st.stm32cube.ide.mcu.externaltools.gnu-tools-for-stm32.12.3.rel1.linux64_1.0.200.202406132123/tools/bin/../lib/gcc/arm-none-eabi/12.3.1/../../../../arm-none-eabi/lib/thumb/v7e-m+fp/hard/libc_nano.a(libc_a-findfp.o)
 .text.__sfp_lock_acquire
                0x080068b0        0xc /opt/st/stm32cubeide_1.16.0/plugins/com.st.stm32cube.ide.mcu.externaltools.gnu-tools-for-stm32.12.3.rel1.linux64_1.0.200.202406132123/tools/bin/../lib/gcc/arm-none-eabi/12.3.1/../../../../arm-none-eabi/lib/thumb/v7e-m+fp/hard/libc_nano.a(libc_a-findfp.o)
                0x080068b0                __sfp_lock_acquire
 .text.__sfp_lock_release
                0x080068bc        0xc /opt/st/stm32cubeide_1.16.0/plugins/com.st.stm32cube.ide.mcu.externaltools.gnu-tools-for-stm32.12.3.rel1.linux64_1.0.200.202406132123/tools/bin/../lib/gcc/arm-none-eabi/12.3.1/../../../../arm-none-eabi/lib/thumb/v7e-m+fp/hard/libc_nano.a(libc_a-findfp.o)
                0x080068bc                __sfp_lock_release
 .text.__sinit  0x080068c8       0x30 /opt/st/stm32cubeide_1.16.0/plugins/com.st.stm32cube.ide.mcu.externaltools.gnu-tools-for-stm32.12.3.rel1.linux64_1.0.200.202406132123/tools/bin/../lib/gcc/arm-none-eabi/12.3.1/../../../../arm-none-eabi/lib/thumb/v7e-m+fp/hard/libc_nano.a(libc_a-findfp.o)
                0x080068c8                __sinit
 .text._fwalk_sglue
                0x080068f8       0x3c /opt/st/stm32cubeide_1.16.0/plugins/com.st.stm32cube.ide.mcu.externaltools.gnu-tools-for-stm32.12.3.rel1.linux64_1.0.200.202406132123/tools/bin/../lib/gcc/arm-none-eabi/12.3.1/../../../../arm-none-eabi/lib/thumb/v7e-m+fp/hard/libc_nano.a(libc_a-fwalk.o)
                0x080068f8                _fwalk_sglue
 .text.printf   0x08006934       0x24 /opt/st/stm32cubeide_1.16.0/plugins/com.st.stm32cube.ide.mcu.externaltools.gnu-tools-for-stm32.12.3.rel1.linux64_1.0.200.202406132123/tools/bin/../lib/gcc/arm-none-eabi/12.3.1/../../../../arm-none-eabi/lib/thumb/v7e-m+fp/hard/libc_nano.a(libc_a-printf.o)
                0x08006934                printf
                0x08006934                iprintf
 .text._puts_r  0x08006958       0xaa /opt/st/stm32cubeide_1.16.0/plugins/com.st.stm32cube.ide.mcu.externaltools.gnu-tools-for-stm32.12.3.rel1.linux64_1.0.200.202406132123/tools/bin/../lib/gcc/arm-none-eabi/12.3.1/../../../../arm-none-eabi/lib/thumb/v7e-m+fp/hard/libc_nano.a(libc_a-puts.o)
                0x08006958                _puts_r
 *fill*         0x08006a02        0x2 
 .text.puts     0x08006a04       0x10 /opt/st/stm32cubeide_1.16.0/plugins/com.st.stm32cube.ide.mcu.externaltools.gnu-tools-for-stm32.12.3.rel1.linux64_1.0.200.202406132123/tools/bin/../lib/gcc/arm-none-eabi/12.3.1/../../../../arm-none-eabi/lib/thumb/v7e-m+fp/hard/libc_nano.a(libc_a-puts.o)
                0x08006a04                puts
 .text.snprintf
                0x08006a14       0x68 /opt/st/stm32cubeide_1.16.0/plugins/com.st.stm32cube.ide.mcu.externaltools.gnu-tools-for-stm32.12.3.rel1.linux64_1.0.200.202406132123/tools/bin/../lib/gcc/arm-none-eabi/12.3.1/../../../../arm-none-eabi/lib/thumb/v7e-m+fp/hard/libc_nano.a(libc_a-snprintf.o)
                0x08006a14                snprintf
                0x08006a14                sniprintf
 .text.sscanf   0x08006a7c       0x54 /opt/st/stm32cubeide_1.16.0/plugins/com.st.stm32cube.ide.mcu.externaltools.gnu-tools-for-stm32.12.3.rel1.linux64_1.0.200.202406132123/tools/bin/../lib/gcc/arm-none-eabi/12.3.1/../../../../arm-none-eabi/lib/thumb/v7e-m+fp/hard/libc_nano.a(libc_a-sscanf.o)
                0x08006a7c                sscanf
                0x08006a7c                siscanf
 .text.__sread  0x08006ad0       0x22 /opt/st/stm32cubeide_1.16.0/plugins/com.st.stm32cube.ide.mcu.externaltools.gnu-tools-for-stm32.12.3.rel1.linux64_1.0.200.202406132123/tools/bin/../lib/gcc/arm-none-eabi/12.3.1/../../../../arm-none-eabi/lib/thumb/v7e-m+fp/hard/libc_nano.a(libc_a-stdio.o)
                0x08006ad0                __sread
 .text.__seofread
                0x08006af2        0x4 /opt/st/stm32cubeide_1.16.0/plugins/com.st.stm32cube.ide.mcu.externaltools.gnu-tools-for-stm32.12.3.rel1.linux64_1.0.200.202406132123/tools/bin/../lib/gcc/arm-none-eabi/12.3.1/../../../../arm-none-eabi/lib/thumb/v7e-m+fp/hard/libc_nano.a(libc_a-stdio.o)
                0x08006af2                __seofread
 .text.__swrite
                0x08006af6       0x38 /opt/st/stm32cubeide_1.16.0/plugins/com.st.stm32cube.ide.mcu.externaltools.gnu-tools-for-stm32.12.3.rel1.linux64_1.0.200.202406132123/tools/bin/../lib/gcc/arm-none-eabi/12.3.1/../../../../arm-none-eabi/lib/thumb/v7e-m+fp/hard/libc_nano.a(libc_a-stdio.o)
                0x08006af6                __swrite
 .text.__sseek  0x08006b2e       0x24 /opt/st/stm32cubeide_1.16.0/plugins/com.st.stm32cube.ide.mcu.externaltools.gnu-tools-for-stm32.12.3.rel1.linux64_1.0.200.202406132123/tools/bin/../lib/gcc/arm-none-eabi/12.3.1/../../../../arm-none-eabi/lib/thumb/v7e-m+fp/hard/libc_nano.a(libc_a-stdio.o)
                0x08006b2e                __sseek
 .text.__sclose
                0x08006b52        0x8 /opt/st/stm32cubeide_1.16.0/plugins/com.st.stm32cube.ide.mcu.externaltools.gnu-tools-for-stm32.12.3.rel1.linux64_1.0.200.202406132123/tools/bin/../lib/gcc/arm-none-eabi/12.3.1/../../../../arm-none-eabi/lib/thumb/v7e-m+fp/hard/libc_nano.a(libc_a-stdio.o)
                0x08006b52                __sclose
 .text.__swbuf_r
                0x08006b5a       0x7c /opt/st/stm32cubeide_1.16.0/plugins/com.st.stm32cube.ide.mcu.externaltools.gnu-tools-for-stm32.12.3.rel1.linux64_1.0.200.202406132123/tools/bin/../lib/gcc/arm-none-eabi/12.3.1/../../../../arm-none-eabi/lib/thumb/v7e-m+fp/hard/libc_nano.a(libc_a-wbuf.o)
                0x08006b5a                __swbuf_r
 *fill*         0x08006bd6        0x2 
 .text.__swsetup_r
                0x08006bd8       0xac /opt/st/stm32cubeide_1.16.0/plugins/com.st.stm32cube.ide.mcu.externaltools.gnu-tools-for-stm32.12.3.rel1.linux64_1.0.200.202406132123/tools/bin/../lib/gcc/arm-none-eabi/12.3.1/../../../../arm-none-eabi/lib/thumb/v7e-m+fp/hard/libc_nano.a(libc_a-wsetup.o)
                0x08006bd8                __swsetup_r
 .text.memcmp   0x08006c84       0x20 /opt/st/stm32cubeide_1.16.0/plugins/com.st.stm32cube.ide.mcu.externaltools.gnu-tools-for-stm32.12.3.rel1.linux64_1.0.200.202406132123/tools/bin/../lib/gcc/arm-none-eabi/12.3.1/../../../../arm-none-eabi/lib/thumb/v7e-m+fp/hard/libc_nano.a(libc_a-memcmp.o)
                0x08006c84                memcmp
 .text.memset   0x08006ca4       0x10 /opt/st/stm32cubeide_1.16.0/plugins/com.st.stm32cube.ide.mcu.externaltools.gnu-tools-for-stm32.12.3.rel1.linux64_1.0.200.202406132123/tools/bin/../lib/gcc/arm-none-eabi/12.3.1/../../../../arm-none-eabi/lib/thumb/v7e-m+fp/hard/libc_nano.a(libc_a-memset.o)
                0x08006ca4                memset
 .text.strcat   0x08006cb4       0x1e /opt/st/stm32cubeide_1.16.0/plugins/com.st.stm32cube.ide.mcu.externaltools.gnu-tools-for-stm32.12.3.rel1.linux64_1.0.200.202406132123/tools/bin/../lib/gcc/arm-none-eabi/12.3.1/../../../../arm-none-eabi/lib/thumb/v7e-m+fp/hard/libc_nano.a(libc_a-strcat.o)
                0x08006cb4                strcat
 .text.strchr   0x08006cd2       0x1a /opt/st/stm32cubeide_1.16.0/plugins/com.st.stm32cube.ide.mcu.externaltools.gnu-tools-for-stm32.12.3.rel1.linux64_1.0.200.202406132123/tools/bin/../lib/gcc/arm-none-eabi/12.3.1/../../../../arm-none-eabi/lib/thumb/v7e-m+fp/hard/libc_nano.a(libc_a-strchr.o)
                0x08006cd2                strchr
 .text.strncmp  0x08006cec       0x24 /opt/st/stm32cubeide_1.16.0/plugins/com.st.stm32cube.ide.mcu.externaltools.gnu-tools-for-stm32.12.3.rel1.linux64_1.0.200.202406132123/tools/bin/../lib/gcc/arm-none-eabi/12.3.1/../../../../arm-none-eabi/lib/thumb/v7e-m+fp/hard/libc_nano.a(libc_a-strncmp.o)
                0x08006cec                strncmp
 .text.strncpy  0x08006d10       0x26 /opt/st/stm32cubeide_1.16.0/plugins/com.st.stm32cube.ide.mcu.externaltools.gnu-tools-for-stm32.12.3.rel1.linux64_1.0.200.202406132123/tools/bin/../lib/gcc/arm-none-eabi/12.3.1/../../../../arm-none-eabi/lib/thumb/v7e-m+fp/hard/libc_nano.a(libc_a-strncpy.o)
                0x08006d10                strncpy
 *fill*         0x08006d36        0x2 
 .text.strtok   0x08006d38       0x68 /opt/st/stm32cubeide_1.16.0/plugins/com.st.stm32cube.ide.mcu.externaltools.gnu-tools-for-stm32.12.3.rel1.linux64_1.0.200.202406132123/tools/bin/../lib/gcc/arm-none-eabi/12.3.1/../../../../arm-none-eabi/lib/thumb/v7e-m+fp/hard/libc_nano.a(libc_a-strtok.o)
                0x08006d38                strtok
 .text.__strtok_r
                0x08006da0       0x50 /opt/st/stm32cubeide_1.16.0/plugins/com.st.stm32cube.ide.mcu.externaltools.gnu-tools-for-stm32.12.3.rel1.linux64_1.0.200.202406132123/tools/bin/../lib/gcc/arm-none-eabi/12.3.1/../../../../arm-none-eabi/lib/thumb/v7e-m+fp/hard/libc_nano.a(libc_a-strtok_r.o)
                0x08006da0                __strtok_r
 .text.strstr   0x08006df0       0x2c /opt/st/stm32cubeide_1.16.0/plugins/com.st.stm32cube.ide.mcu.externaltools.gnu-tools-for-stm32.12.3.rel1.linux64_1.0.200.202406132123/tools/bin/../lib/gcc/arm-none-eabi/12.3.1/../../../../arm-none-eabi/lib/thumb/v7e-m+fp/hard/libc_nano.a(libc_a-strstr.o)
                0x08006df0                strstr
 .text._close_r
                0x08006e1c       0x20 /opt/st/stm32cubeide_1.16.0/plugins/com.st.stm32cube.ide.mcu.externaltools.gnu-tools-for-stm32.12.3.rel1.linux64_1.0.200.202406132123/tools/bin/../lib/gcc/arm-none-eabi/12.3.1/../../../../arm-none-eabi/lib/thumb/v7e-m+fp/hard/libc_nano.a(libc_a-closer.o)
                0x08006e1c                _close_r
 .text._lseek_r
                0x08006e3c       0x24 /opt/st/stm32cubeide_1.16.0/plugins/com.st.stm32cube.ide.mcu.externaltools.gnu-tools-for-stm32.12.3.rel1.linux64_1.0.200.202406132123/tools/bin/../lib/gcc/arm-none-eabi/12.3.1/../../../../arm-none-eabi/lib/thumb/v7e-m+fp/hard/libc_nano.a(libc_a-lseekr.o)
                0x08006e3c                _lseek_r
 .text._read_r  0x08006e60       0x24 /opt/st/stm32cubeide_1.16.0/plugins/com.st.stm32cube.ide.mcu.externaltools.gnu-tools-for-stm32.12.3.rel1.linux64_1.0.200.202406132123/tools/bin/../lib/gcc/arm-none-eabi/12.3.1/../../../../arm-none-eabi/lib/thumb/v7e-m+fp/hard/libc_nano.a(libc_a-readr.o)
                0x08006e60                _read_r
 .text._write_r
                0x08006e84       0x24 /opt/st/stm32cubeide_1.16.0/plugins/com.st.stm32cube.ide.mcu.externaltools.gnu-tools-for-stm32.12.3.rel1.linux64_1.0.200.202406132123/tools/bin/../lib/gcc/arm-none-eabi/12.3.1/../../../../arm-none-eabi/lib/thumb/v7e-m+fp/hard/libc_nano.a(libc_a-writer.o)
                0x08006e84                _write_r
 .text.__errno  0x08006ea8        0xc /opt/st/stm32cubeide_1.16.0/plugins/com.st.stm32cube.ide.mcu.externaltools.gnu-tools-for-stm32.12.3.rel1.linux64_1.0.200.202406132123/tools/bin/../lib/gcc/arm-none-eabi/12.3.1/../../../../arm-none-eabi/lib/thumb/v7e-m+fp/hard/libc_nano.a(libc_a-errno.o)
                0x08006ea8                __errno
 .text.__libc_init_array
                0x08006eb4       0x48 /opt/st/stm32cubeide_1.16.0/plugins/com.st.stm32cube.ide.mcu.externaltools.gnu-tools-for-stm32.12.3.rel1.linux64_1.0.200.202406132123/tools/bin/../lib/gcc/arm-none-eabi/12.3.1/../../../../arm-none-eabi/lib/thumb/v7e-m+fp/hard/libc_nano.a(libc_a-init.o)
                0x08006eb4                __libc_init_array
 .text.__retarget_lock_init_recursive
                0x08006efc        0x2 /opt/st/stm32cubeide_1.16.0/plugins/com.st.stm32cube.ide.mcu.externaltools.gnu-tools-for-stm32.12.3.rel1.linux64_1.0.200.202406132123/tools/bin/../lib/gcc/arm-none-eabi/12.3.1/../../../../arm-none-eabi/lib/thumb/v7e-m+fp/hard/libc_nano.a(libc_a-lock.o)
                0x08006efc                __retarget_lock_init_recursive
 .text.__retarget_lock_acquire_recursive
                0x08006efe        0x2 /opt/st/stm32cubeide_1.16.0/plugins/com.st.stm32cube.ide.mcu.externaltools.gnu-tools-for-stm32.12.3.rel1.linux64_1.0.200.202406132123/tools/bin/../lib/gcc/arm-none-eabi/12.3.1/../../../../arm-none-eabi/lib/thumb/v7e-m+fp/hard/libc_nano.a(libc_a-lock.o)
                0x08006efe                __retarget_lock_acquire_recursive
 .text.__retarget_lock_release_recursive
                0x08006f00        0x2 /opt/st/stm32cubeide_1.16.0/plugins/com.st.stm32cube.ide.mcu.externaltools.gnu-tools-for-stm32.12.3.rel1.linux64_1.0.200.202406132123/tools/bin/../lib/gcc/arm-none-eabi/12.3.1/../../../../arm-none-eabi/lib/thumb/v7e-m+fp/hard/libc_nano.a(libc_a-lock.o)
                0x08006f00                __retarget_lock_release_recursive
 .text.strcpy   0x08006f02       0x10 /opt/st/stm32cubeide_1.16.0/plugins/com.st.stm32cube.ide.mcu.externaltools.gnu-tools-for-stm32.12.3.rel1.linux64_1.0.200.202406132123/tools/bin/../lib/gcc/arm-none-eabi/12.3.1/../../../../arm-none-eabi/lib/thumb/v7e-m+fp/hard/libc_nano.a(libc_a-strcpy.o)
                0x08006f02                strcpy
 .text.memcpy   0x08006f12       0x1c /opt/st/stm32cubeide_1.16.0/plugins/com.st.stm32cube.ide.mcu.externaltools.gnu-tools-for-stm32.12.3.rel1.linux64_1.0.200.202406132123/tools/bin/../lib/gcc/arm-none-eabi/12.3.1/../../../../arm-none-eabi/lib/thumb/v7e-m+fp/hard/libc_nano.a(libc_a-memcpy-stub.o)
                0x08006f12                memcpy
 *fill*         0x08006f2e        0x2 
 .text.__assert_func
                0x08006f30       0x3c /opt/st/stm32cubeide_1.16.0/plugins/com.st.stm32cube.ide.mcu.externaltools.gnu-tools-for-stm32.12.3.rel1.linux64_1.0.200.202406132123/tools/bin/../lib/gcc/arm-none-eabi/12.3.1/../../../../arm-none-eabi/lib/thumb/v7e-m+fp/hard/libc_nano.a(libc_a-assert.o)
                0x08006f30                __assert_func
 .text._free_r  0x08006f6c       0x94 /opt/st/stm32cubeide_1.16.0/plugins/com.st.stm32cube.ide.mcu.externaltools.gnu-tools-for-stm32.12.3.rel1.linux64_1.0.200.202406132123/tools/bin/../lib/gcc/arm-none-eabi/12.3.1/../../../../arm-none-eabi/lib/thumb/v7e-m+fp/hard/libc_nano.a(libc_a-freer.o)
                0x08006f6c                _free_r
 .text.malloc   0x08007000       0x10 /opt/st/stm32cubeide_1.16.0/plugins/com.st.stm32cube.ide.mcu.externaltools.gnu-tools-for-stm32.12.3.rel1.linux64_1.0.200.202406132123/tools/bin/../lib/gcc/arm-none-eabi/12.3.1/../../../../arm-none-eabi/lib/thumb/v7e-m+fp/hard/libc_nano.a(libc_a-malloc.o)
                0x08007000                malloc
 .text.sbrk_aligned
                0x08007010       0x44 /opt/st/stm32cubeide_1.16.0/plugins/com.st.stm32cube.ide.mcu.externaltools.gnu-tools-for-stm32.12.3.rel1.linux64_1.0.200.202406132123/tools/bin/../lib/gcc/arm-none-eabi/12.3.1/../../../../arm-none-eabi/lib/thumb/v7e-m+fp/hard/libc_nano.a(libc_a-mallocr.o)
 .text._malloc_r
                0x08007054      0x100 /opt/st/stm32cubeide_1.16.0/plugins/com.st.stm32cube.ide.mcu.externaltools.gnu-tools-for-stm32.12.3.rel1.linux64_1.0.200.202406132123/tools/bin/../lib/gcc/arm-none-eabi/12.3.1/../../../../arm-none-eabi/lib/thumb/v7e-m+fp/hard/libc_nano.a(libc_a-mallocr.o)
                0x08007054                _malloc_r
 .text.__malloc_lock
                0x08007154        0xc /opt/st/stm32cubeide_1.16.0/plugins/com.st.stm32cube.ide.mcu.externaltools.gnu-tools-for-stm32.12.3.rel1.linux64_1.0.200.202406132123/tools/bin/../lib/gcc/arm-none-eabi/12.3.1/../../../../arm-none-eabi/lib/thumb/v7e-m+fp/hard/libc_nano.a(libc_a-mlock.o)
                0x08007154                __malloc_lock
 .text.__malloc_unlock
                0x08007160        0xc /opt/st/stm32cubeide_1.16.0/plugins/com.st.stm32cube.ide.mcu.externaltools.gnu-tools-for-stm32.12.3.rel1.linux64_1.0.200.202406132123/tools/bin/../lib/gcc/arm-none-eabi/12.3.1/../../../../arm-none-eabi/lib/thumb/v7e-m+fp/hard/libc_nano.a(libc_a-mlock.o)
                0x08007160                __malloc_unlock
 .text.__ssputs_r
                0x0800716c       0xb6 /opt/st/stm32cubeide_1.16.0/plugins/com.st.stm32cube.ide.mcu.externaltools.gnu-tools-for-stm32.12.3.rel1.linux64_1.0.200.202406132123/tools/bin/../lib/gcc/arm-none-eabi/12.3.1/../../../../arm-none-eabi/lib/thumb/v7e-m+fp/hard/libc_nano.a(libc_a-nano-svfprintf.o)
                0x0800716c                __ssputs_r
 *fill*         0x08007222        0x2 
 .text._svfprintf_r
                0x08007224      0x1f8 /opt/st/stm32cubeide_1.16.0/plugins/com.st.stm32cube.ide.mcu.externaltools.gnu-tools-for-stm32.12.3.rel1.linux64_1.0.200.202406132123/tools/bin/../lib/gcc/arm-none-eabi/12.3.1/../../../../arm-none-eabi/lib/thumb/v7e-m+fp/hard/libc_nano.a(libc_a-nano-svfprintf.o)
                0x08007224                _svfprintf_r
                0x08007224                _svfiprintf_r
 .text._sungetc_r
                0x0800741c       0x76 /opt/st/stm32cubeide_1.16.0/plugins/com.st.stm32cube.ide.mcu.externaltools.gnu-tools-for-stm32.12.3.rel1.linux64_1.0.200.202406132123/tools/bin/../lib/gcc/arm-none-eabi/12.3.1/../../../../arm-none-eabi/lib/thumb/v7e-m+fp/hard/libc_nano.a(libc_a-nano-svfscanf.o)
                0x0800741c                _sungetc_r
 .text.__ssrefill_r
                0x08007492       0x3a /opt/st/stm32cubeide_1.16.0/plugins/com.st.stm32cube.ide.mcu.externaltools.gnu-tools-for-stm32.12.3.rel1.linux64_1.0.200.202406132123/tools/bin/../lib/gcc/arm-none-eabi/12.3.1/../../../../arm-none-eabi/lib/thumb/v7e-m+fp/hard/libc_nano.a(libc_a-nano-svfscanf.o)
                0x08007492                __ssrefill_r
 .text.__ssvfscanf_r
                0x080074cc      0x2e8 /opt/st/stm32cubeide_1.16.0/plugins/com.st.stm32cube.ide.mcu.externaltools.gnu-tools-for-stm32.12.3.rel1.linux64_1.0.200.202406132123/tools/bin/../lib/gcc/arm-none-eabi/12.3.1/../../../../arm-none-eabi/lib/thumb/v7e-m+fp/hard/libc_nano.a(libc_a-nano-svfscanf.o)
                0x080074cc                __ssvfscanf_r
                0x080074cc                __ssvfiscanf_r
 .text.__sfputc_r
                0x080077b4       0x2e /opt/st/stm32cubeide_1.16.0/plugins/com.st.stm32cube.ide.mcu.externaltools.gnu-tools-for-stm32.12.3.rel1.linux64_1.0.200.202406132123/tools/bin/../lib/gcc/arm-none-eabi/12.3.1/../../../../arm-none-eabi/lib/thumb/v7e-m+fp/hard/libc_nano.a(libc_a-nano-vfprintf.o)
 .text.__sfputs_r
                0x080077e2       0x24 /opt/st/stm32cubeide_1.16.0/plugins/com.st.stm32cube.ide.mcu.externaltools.gnu-tools-for-stm32.12.3.rel1.linux64_1.0.200.202406132123/tools/bin/../lib/gcc/arm-none-eabi/12.3.1/../../../../arm-none-eabi/lib/thumb/v7e-m+fp/hard/libc_nano.a(libc_a-nano-vfprintf.o)
                0x080077e2                __sfputs_r
 *fill*         0x08007806        0x2 
 .text._vfprintf_r
                0x08007808      0x230 /opt/st/stm32cubeide_1.16.0/plugins/com.st.stm32cube.ide.mcu.externaltools.gnu-tools-for-stm32.12.3.rel1.linux64_1.0.200.202406132123/tools/bin/../lib/gcc/arm-none-eabi/12.3.1/../../../../arm-none-eabi/lib/thumb/v7e-m+fp/hard/libc_nano.a(libc_a-nano-vfprintf.o)
                0x08007808                _vfiprintf_r
                0x08007808                _vfprintf_r
 .text._printf_common
                0x08007a38       0xda /opt/st/stm32cubeide_1.16.0/plugins/com.st.stm32cube.ide.mcu.externaltools.gnu-tools-for-stm32.12.3.rel1.linux64_1.0.200.202406132123/tools/bin/../lib/gcc/arm-none-eabi/12.3.1/../../../../arm-none-eabi/lib/thumb/v7e-m+fp/hard/libc_nano.a(libc_a-nano-vfprintf_i.o)
                0x08007a38                _printf_common
 *fill*         0x08007b12        0x2 
 .text._printf_i
                0x08007b14      0x240 /opt/st/stm32cubeide_1.16.0/plugins/com.st.stm32cube.ide.mcu.externaltools.gnu-tools-for-stm32.12.3.rel1.linux64_1.0.200.202406132123/tools/bin/../lib/gcc/arm-none-eabi/12.3.1/../../../../arm-none-eabi/lib/thumb/v7e-m+fp/hard/libc_nano.a(libc_a-nano-vfprintf_i.o)
                0x08007b14                _printf_i
 .text._scanf_chars
                0x08007d54       0xb4 /opt/st/stm32cubeide_1.16.0/plugins/com.st.stm32cube.ide.mcu.externaltools.gnu-tools-for-stm32.12.3.rel1.linux64_1.0.200.202406132123/tools/bin/../lib/gcc/arm-none-eabi/12.3.1/../../../../arm-none-eabi/lib/thumb/v7e-m+fp/hard/libc_nano.a(libc_a-nano-vfscanf_i.o)
                0x08007d54                _scanf_chars
 .text._scanf_i
                0x08007e08      0x1e8 /opt/st/stm32cubeide_1.16.0/plugins/com.st.stm32cube.ide.mcu.externaltools.gnu-tools-for-stm32.12.3.rel1.linux64_1.0.200.202406132123/tools/bin/../lib/gcc/arm-none-eabi/12.3.1/../../../../arm-none-eabi/lib/thumb/v7e-m+fp/hard/libc_nano.a(libc_a-nano-vfscanf_i.o)
                0x08007e08                _scanf_i
 .text.__sflush_r
                0x08007ff0      0x108 /opt/st/stm32cubeide_1.16.0/plugins/com.st.stm32cube.ide.mcu.externaltools.gnu-tools-for-stm32.12.3.rel1.linux64_1.0.200.202406132123/tools/bin/../lib/gcc/arm-none-eabi/12.3.1/../../../../arm-none-eabi/lib/thumb/v7e-m+fp/hard/libc_nano.a(libc_a-fflush.o)
                0x08007ff0                __sflush_r
 .text._fflush_r
                0x080080f8       0x50 /opt/st/stm32cubeide_1.16.0/plugins/com.st.stm32cube.ide.mcu.externaltools.gnu-tools-for-stm32.12.3.rel1.linux64_1.0.200.202406132123/tools/bin/../lib/gcc/arm-none-eabi/12.3.1/../../../../arm-none-eabi/lib/thumb/v7e-m+fp/hard/libc_nano.a(libc_a-fflush.o)
                0x080080f8                _fflush_r
 .text.fprintf  0x08008148       0x24 /opt/st/stm32cubeide_1.16.0/plugins/com.st.stm32cube.ide.mcu.externaltools.gnu-tools-for-stm32.12.3.rel1.linux64_1.0.200.202406132123/tools/bin/../lib/gcc/arm-none-eabi/12.3.1/../../../../arm-none-eabi/lib/thumb/v7e-m+fp/hard/libc_nano.a(libc_a-fprintf.o)
                0x08008148                fprintf
                0x08008148                fiprintf
 .text.__swhatbuf_r
                0x0800816c       0x4c /opt/st/stm32cubeide_1.16.0/plugins/com.st.stm32cube.ide.mcu.externaltools.gnu-tools-for-stm32.12.3.rel1.linux64_1.0.200.202406132123/tools/bin/../lib/gcc/arm-none-eabi/12.3.1/../../../../arm-none-eabi/lib/thumb/v7e-m+fp/hard/libc_nano.a(libc_a-makebuf.o)
                0x0800816c                __swhatbuf_r
 .text.__smakebuf_r
                0x080081b8       0x78 /opt/st/stm32cubeide_1.16.0/plugins/com.st.stm32cube.ide.mcu.externaltools.gnu-tools-for-stm32.12.3.rel1.linux64_1.0.200.202406132123/tools/bin/../lib/gcc/arm-none-eabi/12.3.1/../../../../arm-none-eabi/lib/thumb/v7e-m+fp/hard/libc_nano.a(libc_a-makebuf.o)
                0x080081b8                __smakebuf_r
 .text.__sccl   0x08008230       0x72 /opt/st/stm32cubeide_1.16.0/plugins/com.st.stm32cube.ide.mcu.externaltools.gnu-tools-for-stm32.12.3.rel1.linux64_1.0.200.202406132123/tools/bin/../lib/gcc/arm-none-eabi/12.3.1/../../../../arm-none-eabi/lib/thumb/v7e-m+fp/hard/libc_nano.a(libc_a-sccl.o)
                0x08008230                __sccl
 .text.__submore
                0x080082a2       0x74 /opt/st/stm32cubeide_1.16.0/plugins/com.st.stm32cube.ide.mcu.externaltools.gnu-tools-for-stm32.12.3.rel1.linux64_1.0.200.202406132123/tools/bin/../lib/gcc/arm-none-eabi/12.3.1/../../../../arm-none-eabi/lib/thumb/v7e-m+fp/hard/libc_nano.a(libc_a-ungetc.o)
                0x080082a2                __submore
 .text.memmove  0x08008316       0x34 /opt/st/stm32cubeide_1.16.0/plugins/com.st.stm32cube.ide.mcu.externaltools.gnu-tools-for-stm32.12.3.rel1.linux64_1.0.200.202406132123/tools/bin/../lib/gcc/arm-none-eabi/12.3.1/../../../../arm-none-eabi/lib/thumb/v7e-m+fp/hard/libc_nano.a(libc_a-memmove.o)
                0x08008316                memmove
 *fill*         0x0800834a        0x2 
 .text._fstat_r
                0x0800834c       0x24 /opt/st/stm32cubeide_1.16.0/plugins/com.st.stm32cube.ide.mcu.externaltools.gnu-tools-for-stm32.12.3.rel1.linux64_1.0.200.202406132123/tools/bin/../lib/gcc/arm-none-eabi/12.3.1/../../../../arm-none-eabi/lib/thumb/v7e-m+fp/hard/libc_nano.a(libc_a-fstatr.o)
                0x0800834c                _fstat_r
 .text._isatty_r
                0x08008370       0x20 /opt/st/stm32cubeide_1.16.0/plugins/com.st.stm32cube.ide.mcu.externaltools.gnu-tools-for-stm32.12.3.rel1.linux64_1.0.200.202406132123/tools/bin/../lib/gcc/arm-none-eabi/12.3.1/../../../../arm-none-eabi/lib/thumb/v7e-m+fp/hard/libc_nano.a(libc_a-isattyr.o)
                0x08008370                _isatty_r
 .text._sbrk_r  0x08008390       0x20 /opt/st/stm32cubeide_1.16.0/plugins/com.st.stm32cube.ide.mcu.externaltools.gnu-tools-for-stm32.12.3.rel1.linux64_1.0.200.202406132123/tools/bin/../lib/gcc/arm-none-eabi/12.3.1/../../../../arm-none-eabi/lib/thumb/v7e-m+fp/hard/libc_nano.a(libc_a-sbrkr.o)
                0x08008390                _sbrk_r
 .text.abort    0x080083b0        0xe /opt/st/stm32cubeide_1.16.0/plugins/com.st.stm32cube.ide.mcu.externaltools.gnu-tools-for-stm32.12.3.rel1.linux64_1.0.200.202406132123/tools/bin/../lib/gcc/arm-none-eabi/12.3.1/../../../../arm-none-eabi/lib/thumb/v7e-m+fp/hard/libc_nano.a(libc_a-abort.o)
                0x080083b0                abort
 .text._realloc_r
                0x080083be       0x5c /opt/st/stm32cubeide_1.16.0/plugins/com.st.stm32cube.ide.mcu.externaltools.gnu-tools-for-stm32.12.3.rel1.linux64_1.0.200.202406132123/tools/bin/../lib/gcc/arm-none-eabi/12.3.1/../../../../arm-none-eabi/lib/thumb/v7e-m+fp/hard/libc_nano.a(libc_a-reallocr.o)
                0x080083be                _realloc_r
 *fill*         0x0800841a        0x2 
 .text._strtoul_l.constprop.0
                0x0800841c       0xdc /opt/st/stm32cubeide_1.16.0/plugins/com.st.stm32cube.ide.mcu.externaltools.gnu-tools-for-stm32.12.3.rel1.linux64_1.0.200.202406132123/tools/bin/../lib/gcc/arm-none-eabi/12.3.1/../../../../arm-none-eabi/lib/thumb/v7e-m+fp/hard/libc_nano.a(libc_a-strtoul.o)
 .text._strtoul_r
                0x080084f8        0x4 /opt/st/stm32cubeide_1.16.0/plugins/com.st.stm32cube.ide.mcu.externaltools.gnu-tools-for-stm32.12.3.rel1.linux64_1.0.200.202406132123/tools/bin/../lib/gcc/arm-none-eabi/12.3.1/../../../../arm-none-eabi/lib/thumb/v7e-m+fp/hard/libc_nano.a(libc_a-strtoul.o)
                0x080084f8                _strtoul_r
 .text._raise_r
                0x080084fc       0x50 /opt/st/stm32cubeide_1.16.0/plugins/com.st.stm32cube.ide.mcu.externaltools.gnu-tools-for-stm32.12.3.rel1.linux64_1.0.200.202406132123/tools/bin/../lib/gcc/arm-none-eabi/12.3.1/../../../../arm-none-eabi/lib/thumb/v7e-m+fp/hard/libc_nano.a(libc_a-signal.o)
                0x080084fc                _raise_r
 .text.raise    0x0800854c       0x10 /opt/st/stm32cubeide_1.16.0/plugins/com.st.stm32cube.ide.mcu.externaltools.gnu-tools-for-stm32.12.3.rel1.linux64_1.0.200.202406132123/tools/bin/../lib/gcc/arm-none-eabi/12.3.1/../../../../arm-none-eabi/lib/thumb/v7e-m+fp/hard/libc_nano.a(libc_a-signal.o)
                0x0800854c                raise
 .text._kill_r  0x0800855c       0x24 /opt/st/stm32cubeide_1.16.0/plugins/com.st.stm32cube.ide.mcu.externaltools.gnu-tools-for-stm32.12.3.rel1.linux64_1.0.200.202406132123/tools/bin/../lib/gcc/arm-none-eabi/12.3.1/../../../../arm-none-eabi/lib/thumb/v7e-m+fp/hard/libc_nano.a(libc_a-signalr.o)
                0x0800855c                _kill_r
 .text._getpid_r
                0x08008580        0x4 /opt/st/stm32cubeide_1.16.0/plugins/com.st.stm32cube.ide.mcu.externaltools.gnu-tools-for-stm32.12.3.rel1.linux64_1.0.200.202406132123/tools/bin/../lib/gcc/arm-none-eabi/12.3.1/../../../../arm-none-eabi/lib/thumb/v7e-m+fp/hard/libc_nano.a(libc_a-signalr.o)
                0x08008580                _getpid_r
 .text._malloc_usable_size_r
                0x08008584       0x10 /opt/st/stm32cubeide_1.16.0/plugins/com.st.stm32cube.ide.mcu.externaltools.gnu-tools-for-stm32.12.3.rel1.linux64_1.0.200.202406132123/tools/bin/../lib/gcc/arm-none-eabi/12.3.1/../../../../arm-none-eabi/lib/thumb/v7e-m+fp/hard/libc_nano.a(libc_a-msizer.o)
                0x08008584                _malloc_usable_size_r
 *(.glue_7)
 .glue_7        0x08008594        0x0 linker stubs
 *(.glue_7t)
 .glue_7t       0x08008594        0x0 linker stubs
 *(.eh_frame)
 .eh_frame      0x08008594        0x0 /opt/st/stm32cubeide_1.16.0/plugins/com.st.stm32cube.ide.mcu.externaltools.gnu-tools-for-stm32.12.3.rel1.linux64_1.0.200.202406132123/tools/bin/../lib/gcc/arm-none-eabi/12.3.1/thumb/v7e-m+fp/hard/crtbegin.o
 *(.init)
 .init          0x08008594        0x4 /opt/st/stm32cubeide_1.16.0/plugins/com.st.stm32cube.ide.mcu.externaltools.gnu-tools-for-stm32.12.3.rel1.linux64_1.0.200.202406132123/tools/bin/../lib/gcc/arm-none-eabi/12.3.1/thumb/v7e-m+fp/hard/crti.o
                0x08008594                _init
 .init          0x08008598        0x8 /opt/st/stm32cubeide_1.16.0/plugins/com.st.stm32cube.ide.mcu.externaltools.gnu-tools-for-stm32.12.3.rel1.linux64_1.0.200.202406132123/tools/bin/../lib/gcc/arm-none-eabi/12.3.1/thumb/v7e-m+fp/hard/crtn.o
 *(.fini)
 .fini          0x080085a0        0x4 /opt/st/stm32cubeide_1.16.0/plugins/com.st.stm32cube.ide.mcu.externaltools.gnu-tools-for-stm32.12.3.rel1.linux64_1.0.200.202406132123/tools/bin/../lib/gcc/arm-none-eabi/12.3.1/thumb/v7e-m+fp/hard/crti.o
                0x080085a0                _fini
 .fini          0x080085a4        0x8 /opt/st/stm32cubeide_1.16.0/plugins/com.st.stm32cube.ide.mcu.externaltools.gnu-tools-for-stm32.12.3.rel1.linux64_1.0.200.202406132123/tools/bin/../lib/gcc/arm-none-eabi/12.3.1/thumb/v7e-m+fp/hard/crtn.o
                0x080085ac                        . = ALIGN (0x4)
                0x080085ac                        _etext = .

.vfp11_veneer   0x080085ac        0x0
 .vfp11_veneer  0x080085ac        0x0 linker stubs

.v4_bx          0x080085ac        0x0
 .v4_bx         0x080085ac        0x0 linker stubs

.iplt           0x080085ac        0x0
 .iplt          0x080085ac        0x0 /opt/st/stm32cubeide_1.16.0/plugins/com.st.stm32cube.ide.mcu.externaltools.gnu-tools-for-stm32.12.3.rel1.linux64_1.0.200.202406132123/tools/bin/../lib/gcc/arm-none-eabi/12.3.1/thumb/v7e-m+fp/hard/crtbegin.o

.rodata         0x080085ac     0x1c00
                0x080085ac                        . = ALIGN (0x4)
 *(.rodata)
 .rodata        0x080085ac       0x86 ./Core/Src/main.o
 *fill*         0x08008632        0x2 
 .rodata        0x08008634        0xc /opt/st/stm32cubeide_1.16.0/plugins/com.st.stm32cube.ide.mcu.externaltools.gnu-tools-for-stm32.12.3.rel1.linux64_1.0.200.202406132123/tools/bin/../lib/gcc/arm-none-eabi/12.3.1/../../../../arm-none-eabi/lib/thumb/v7e-m+fp/hard/libc_nano.a(libc_a-nano-vfscanf_i.o)
 *(.rodata*)
 .rodata.UpdateHTTPBase64.str1.1
                0x08008640        0x6 ./Core/Src/main.o
 .rodata.check_authentication.str1.1
                0x08008646       0x16 ./Core/Src/main.o
 .rodata.send_auth_required.str1.1
                0x0800865c       0x7f ./Core/Src/main.o
 .rodata.WriteSettingsToEEPROM.str1.1
                0x080086db       0x67 ./Core/Src/main.o
 .rodata.ReadSettingsFromEEPROM.str1.1
                0x08008742       0xd1 ./Core/Src/main.o
 .rodata.LoadDefaultSettings.str1.1
                0x08008813       0x28 ./Core/Src/main.o
 .rodata.send_web_page.str1.1
                0x0800883b      0x3fa ./Core/Src/main.o
                                0x3fd (size before relaxing)
 .rodata.SetGPIO.str1.1
                0x08008c35       0x1a ./Core/Src/main.o
 .rodata.ShowHelp.str1.1
                0x08008c4f      0x246 ./Core/Src/main.o
 .rodata.ParseIPAddress.str1.1
                0x08008e95        0xc ./Core/Src/main.o
 .rodata.ParseMACAddress.str1.1
                0x08008ea1       0x24 ./Core/Src/main.o
 .rodata.ShowNetworkInfo.str1.1
                0x08008ec5       0xb0 ./Core/Src/main.o
                                 0xc2 (size before relaxing)
 .rodata.ApplyNetworkSettings.str1.1
                0x08008f75       0x1a ./Core/Src/main.o
 .rodata.SetIPAddress.str1.1
                0x08008f8f       0x63 ./Core/Src/main.o
 .rodata.SetMACAddress.str1.1
                0x08008ff2       0x84 ./Core/Src/main.o
 .rodata.SetSubnetMask.str1.1
                0x08009076       0x69 ./Core/Src/main.o
 .rodata.SetGateway.str1.1
                0x080090df       0x62 ./Core/Src/main.o
 .rodata.SetDNS.str1.1
                0x08009141       0x56 ./Core/Src/main.o
 .rodata.ProcessGetCommand.str1.1
                0x08009197       0x72 ./Core/Src/main.o
 .rodata.ProcessSetCommand.str1.1
                0x08009209      0x11a ./Core/Src/main.o
                                0x11d (size before relaxing)
 .rodata.SaveSettingsCommand.str1.1
                0x08009323       0x22 ./Core/Src/main.o
 .rodata.LoadSettingsCommand.str1.1
                0x08009345       0x18 ./Core/Src/main.o
 .rodata.FactoryResetCommand.str1.1
                0x0800935d       0x31 ./Core/Src/main.o
 .rodata.ShowButtonNames.str1.1
                0x0800938e       0x26 ./Core/Src/main.o
 .rodata.SetButtonName.str1.1
                0x080093b4       0x77 ./Core/Src/main.o
 .rodata.ProcessSetButtonCommand.str1.1
                0x0800942b       0x3a ./Core/Src/main.o
 .rodata.ParseCommand.str1.1
                0x08009465       0xad ./Core/Src/main.o
 .rodata.ProcessUSBData.str1.1
                0x08009512       0x28 ./Core/Src/main.o
 .rodata.EnsureSocketClosedIfNeeded.str1.1
                0x0800953a       0x34 ./Core/Src/main.o
 .rodata.ResetW5500.str1.1
                0x0800956e       0x2f ./Core/Src/main.o
 .rodata.CheckW5500.str1.1
                0x0800959d      0x118 ./Core/Src/main.o
 .rodata.main.str1.1
                0x080096b5      0x3ec ./Core/Src/main.o
                                0x3f1 (size before relaxing)
 .rodata.base64_chars
                0x08009aa1       0x41 ./Core/Src/main.o
 .rodata.str1.1
                0x08009ae2      0x47c ./Core/Src/main.o
 .rodata.AHBPrescTable
                0x08009f5e       0x10 ./Core/Src/system_stm32f4xx.o
                0x08009f5e                AHBPrescTable
 .rodata.USBD_FS_ManufacturerStrDescriptor.str1.1
                0x08009f6e       0x13 ./USB_DEVICE/App/usbd_desc.o
 .rodata.USBD_FS_ProductStrDescriptor.str1.1
                0x08009f81       0x16 ./USB_DEVICE/App/usbd_desc.o
 .rodata.USBD_FS_ConfigStrDescriptor.str1.1
                0x08009f97        0xb ./USB_DEVICE/App/usbd_desc.o
 .rodata.USBD_FS_InterfaceStrDescriptor.str1.1
                0x08009fa2        0xe ./USB_DEVICE/App/usbd_desc.o
 .rodata._ctype_
                0x08009fb0      0x101 /opt/st/stm32cubeide_1.16.0/plugins/com.st.stm32cube.ide.mcu.externaltools.gnu-tools-for-stm32.12.3.rel1.linux64_1.0.200.202406132123/tools/bin/../lib/gcc/arm-none-eabi/12.3.1/../../../../arm-none-eabi/lib/thumb/v7e-m+fp/hard/libc_nano.a(libc_a-ctype_.o)
                0x08009fb0                _ctype_
 .rodata.strtok.str1.1
                0x0800a0b1       0x71 /opt/st/stm32cubeide_1.16.0/plugins/com.st.stm32cube.ide.mcu.externaltools.gnu-tools-for-stm32.12.3.rel1.linux64_1.0.200.202406132123/tools/bin/../lib/gcc/arm-none-eabi/12.3.1/../../../../arm-none-eabi/lib/thumb/v7e-m+fp/hard/libc_nano.a(libc_a-strtok.o)
 .rodata.__assert_func.str1.1
                0x0800a122       0x3c /opt/st/stm32cubeide_1.16.0/plugins/com.st.stm32cube.ide.mcu.externaltools.gnu-tools-for-stm32.12.3.rel1.linux64_1.0.200.202406132123/tools/bin/../lib/gcc/arm-none-eabi/12.3.1/../../../../arm-none-eabi/lib/thumb/v7e-m+fp/hard/libc_nano.a(libc_a-assert.o)
                                 0x3d (size before relaxing)
 .rodata._svfprintf_r.str1.1
                0x0800a15e       0x11 /opt/st/stm32cubeide_1.16.0/plugins/com.st.stm32cube.ide.mcu.externaltools.gnu-tools-for-stm32.12.3.rel1.linux64_1.0.200.202406132123/tools/bin/../lib/gcc/arm-none-eabi/12.3.1/../../../../arm-none-eabi/lib/thumb/v7e-m+fp/hard/libc_nano.a(libc_a-nano-svfprintf.o)
 .rodata.__ssvfscanf_r.str1.1
                0x0800a16f        0x4 /opt/st/stm32cubeide_1.16.0/plugins/com.st.stm32cube.ide.mcu.externaltools.gnu-tools-for-stm32.12.3.rel1.linux64_1.0.200.202406132123/tools/bin/../lib/gcc/arm-none-eabi/12.3.1/../../../../arm-none-eabi/lib/thumb/v7e-m+fp/hard/libc_nano.a(libc_a-nano-svfscanf.o)
 .rodata._vfprintf_r.str1.1
                0x0800a16f       0x11 /opt/st/stm32cubeide_1.16.0/plugins/com.st.stm32cube.ide.mcu.externaltools.gnu-tools-for-stm32.12.3.rel1.linux64_1.0.200.202406132123/tools/bin/../lib/gcc/arm-none-eabi/12.3.1/../../../../arm-none-eabi/lib/thumb/v7e-m+fp/hard/libc_nano.a(libc_a-nano-vfprintf.o)
 .rodata._printf_i.str1.1
                0x0800a16f       0x22 /opt/st/stm32cubeide_1.16.0/plugins/com.st.stm32cube.ide.mcu.externaltools.gnu-tools-for-stm32.12.3.rel1.linux64_1.0.200.202406132123/tools/bin/../lib/gcc/arm-none-eabi/12.3.1/../../../../arm-none-eabi/lib/thumb/v7e-m+fp/hard/libc_nano.a(libc_a-nano-vfprintf_i.o)
 .rodata._scanf_i.str1.1