Archive member included to satisfy reference by file (symbol)

/opt/st/stm32cubeide_2.0.0/plugins/com.st.stm32cube.ide.mcu.externaltools.gnu-tools-for-stm32.13.3.rel1.linux64_1.0.100.202509120712/tools/bin/../lib/gcc/arm-none-eabi/13.3.1/../../../../arm-none-eabi/lib/thumb/v7e-m+fp/hard/libc_nano.a(libc_a-exit.o)
                              /opt/st/stm32cubeide_2.0.0/plugins/com.st.stm32cube.ide.mcu.externaltools.gnu-tools-for-stm32.13.3.rel1.linux64_1.0.100.202509120712/tools/bin/../lib/gcc/arm-none-eabi/13.3.1/../../../../arm-none-eabi/lib/thumb/v7e-m+fp/hard/crt0.o (exit)
/opt/st/stm32cubeide_2.0.0/plugins/com.st.stm32cube.ide.mcu.externaltools.gnu-tools-for-stm32.13.3.rel1.linux64_1.0.100.202509120712/tools/bin/../lib/gcc/arm-none-eabi/13.3.1/../../../../arm-none-eabi/lib/thumb/v7e-m+fp/hard/libc_nano.a(libc_a-strtol.o)
                              ./Core/Src/main.o (strtol)
/opt/st/stm32cubeide_2.0.0/plugins/com.st.stm32cube.ide.mcu.externaltools.gnu-tools-for-stm32.13.3.rel1.linux64_1.0.100.202509120712/tools/bin/../lib/gcc/arm-none-eabi/13.3.1/../../../../arm-none-eabi/lib/thumb/v7e-m+fp/hard/libc_nano.a(libc_a-ctype_.o)
                              ./Core/Src/main.o (_ctype_)
/opt/st/stm32cubeide_2.0.0/plugins/com.st.stm32cube.ide.mcu.externaltools.gnu-tools-for-stm32.13.3.rel1.linux64_1.0.100.202509120712/tools/bin/../lib/gcc/arm-none-eabi/13.3.1/../../../../arm-none-eabi/lib/thumb/v7e-m+fp/hard/libc_nano.a(libc_a-findfp.o)
                              /opt/st/stm32cubeide_2.0.0/plugins/com.st.stm32cube.ide.mcu.externaltools.gnu-tools-for-stm32.13.3.rel1.linux64_1.0.100.202509120712/tools/bin/../lib/gcc/arm-none-eabi/13.3.1/../../../../arm-none-eabi/lib/thumb/v7e-m+fp/hard/libc_nano.a(libc_a-exit.o) (__stdio_exit_handler)
/opt/st/stm32cubeide_2.0.0/plugins/com.st.stm32cube.ide.mcu.externaltools.gnu-tools-for-stm32.13.3.rel1.linux64_1.0.100.202509120712/tools/bin/../lib/gcc/arm-none-eabi/13.3.1/../../../../arm-none-eabi/lib/thumb/v7e-m+fp/hard/libc_nano.a(libc_a-fwalk.o)
                              /opt/st/stm32cubeide_2.0.0/plugins/com.st.stm32cube.ide.mcu.externaltools.gnu-tools-for-stm32.13.3.rel1.linux64_1.0.100.202509120712/tools/bin/../lib/gcc/arm-none-eabi/13.3.1/../../../../arm-none-eabi/lib/thumb/v7e-m+fp/hard/libc_nano.a(libc_a-findfp.o) (_fwalk_sglue)
/opt/st/stm32cubeide_2.0.0/plugins/com.st.stm32cube.ide.mcu.externaltools.gnu-tools-for-stm32.13.3.rel1.linux64_1.0.100.202509120712/tools/bin/../lib/gcc/arm-none-eabi/13.3.1/../../../../arm-none-eabi/lib/thumb/v7e-m+fp/hard/libc_nano.a(libc_a-printf.o)
                              ./Core/Src/loopback.o (printf)
/opt/st/stm32cubeide_2.0.0/plugins/com.st.stm32cube.ide.mcu.externaltools.gnu-tools-for-stm32.13.3.rel1.linux64_1.0.100.202509120712/tools/bin/../lib/gcc/arm-none-eabi/13.3.1/../../../../arm-none-eabi/lib/thumb/v7e-m+fp/hard/libc_nano.a(libc_a-puts.o)
                              ./Core/Src/main.o (puts)
/opt/st/stm32cubeide_2.0.0/plugins/com.st.stm32cube.ide.mcu.externaltools.gnu-tools-for-stm32.13.3.rel1.linux64_1.0.100.202509120712/tools/bin/../lib/gcc/arm-none-eabi/13.3.1/../../../../arm-none-eabi/lib/thumb/v7e-m+fp/hard/libc_nano.a(libc_a-snprintf.o)
                              ./Core/Src/main.o (snprintf)
/opt/st/stm32cubeide_2.0.0/plugins/com.st.stm32cube.ide.mcu.externaltools.gnu-tools-for-stm32.13.3.rel1.linux64_1.0.100.202509120712/tools/bin/../lib/gcc/arm-none-eabi/13.3.1/../../../../arm-none-eabi/lib/thumb/v7e-m+fp/hard/libc_nano.a(libc_a-sscanf.o)
                              ./Core/Src/main.o (sscanf)
/opt/st/stm32cubeide_2.0.0/plugins/com.st.stm32cube.ide.mcu.externaltools.gnu-tools-for-stm32.13.3.rel1.linux64_1.0.100.202509120712/tools/bin/../lib/gcc/arm-none-eabi/13.3.1/../../../../arm-none-eabi/lib/thumb/v7e-m+fp/hard/libc_nano.a(libc_a-stdio.o)
                              /opt/st/stm32cubeide_2.0.0/plugins/com.st.stm32cube.ide.mcu.externaltools.gnu-tools-for-stm32.13.3.rel1.linux64_1.0.100.202509120712/tools/bin/../lib/gcc/arm-none-eabi/13.3.1/../../../../arm-none-eabi/lib/thumb/v7e-m+fp/hard/libc_nano.a(libc_a-findfp.o) (__sread)
/opt/st/stm32cubeide_2.0.0/plugins/com.st.stm32cube.ide.mcu.externaltools.gnu-tools-for-stm32.13.3.rel1.linux64_1.0.100.202509120712/tools/bin/../lib/gcc/arm-none-eabi/13.3.1/../../../../arm-none-eabi/lib/thumb/v7e-m+fp/hard/libc_nano.a(libc_a-wbuf.o)
                              /opt/st/stm32cubeide_2.0.0/plugins/com.st.stm32cube.ide.mcu.externaltools.gnu-tools-for-stm32.13.3.rel1.linux64_1.0.100.202509120712/tools/bin/../lib/gcc/arm-none-eabi/13.3.1/../../../../arm-none-eabi/lib/thumb/v7e-m+fp/hard/libc_nano.a(libc_a-puts.o) (__swbuf_r)
/opt/st/stm32cubeide_2.0.0/plugins/com.st.stm32cube.ide.mcu.externaltools.gnu-tools-for-stm32.13.3.rel1.linux64_1.0.100.202509120712/tools/bin/../lib/gcc/arm-none-eabi/13.3.1/../../../../arm-none-eabi/lib/thumb/v7e-m+fp/hard/libc_nano.a(libc_a-wsetup.o)
[...]
Memory Configuration

Name             Origin             Length             Attributes
RAM              0x20000000         0x00010000         xrw
FLASH            0x08000000         0x00040000         xr
*default*        0x00000000         0xffffffff

Linker script and memory map

LOAD /opt/st/stm32cubeide_2.0.0/plugins/com.st.stm32cube.ide.mcu.externaltools.gnu-tools-for-stm32.13.3.rel1.linux64_1.0.100.202509120712/tools/bin/../lib/gcc/arm-none-eabi/13.3.1/thumb/v7e-m+fp/hard/crti.o
LOAD /opt/st/stm32cubeide_2.0.0/plugins/com.st.stm32cube.ide.mcu.externaltools.gnu-tools-for-stm32.13.3.rel1.linux64_1.0.100.202509120712/tools/bin/../lib/gcc/arm-none-eabi/13.3.1/thumb/v7e-m+fp/hard/crtbegin.o
LOAD /opt/st/stm32cubeide_2.0.0/plugins/com.st.stm32cube.ide.mcu.externaltools.gnu-tools-for-stm32.13.3.rel1.linux64_1.0.100.202509120712/tools/bin/../lib/gcc/arm-none-eabi/13.3.1/../../../../arm-none-eabi/lib/thumb/v7e-m+fp/hard/crt0.o
LOAD ./Core/Src/dhcp.o
LOAD ./Core/Src/dns.o
LOAD ./Core/Src/loopback.o
LOAD ./Core/Src/main.o
LOAD ./Core/Src/socket.o
LOAD ./Core/Src/stm32f4xx_hal_msp.o
LOAD ./Core/Src/stm32f4xx_it.o
LOAD ./Core/Src/syscalls.o
LOAD ./Core/Src/sysmem.o
LOAD ./Core/Src/system_stm32f4xx.o
LOAD ./Core/Src/w5500.o
LOAD ./Core/Src/wizchip_conf.o
LOAD ./Core/Startup/startup_stm32f401ccux.o
LOAD ./Drivers/STM32F4xx_HAL_Driver/Src/stm32f4xx_hal.o
LOAD ./Drivers/STM32F4xx_HAL_Driver/Src/stm32f4xx_hal_cortex.o
LOAD ./Drivers/STM32F4xx_HAL_Driver/Src/stm32f4xx_hal_dma.o
LOAD ./Drivers/STM32F4xx_HAL_Driver/Src/stm32f4xx_hal_dma_ex.o
LOAD ./Drivers/STM32F4xx_HAL_Driver/Src/stm32f4xx_hal_exti.o
LOAD ./Drivers/STM32F4xx_HAL_Driver/Src/stm32f4xx_hal_flash.o
LOAD ./Drivers/STM32F4xx_HAL_Driver/Src/stm32f4xx_hal_flash_ex.o
LOAD ./Drivers/STM32F4xx_HAL_Driver/Src/stm32f4xx_hal_flash_ramfunc.o
LOAD ./Drivers/STM32F4xx_HAL_Driver/Src/stm32f4xx_hal_gpio.o
LOAD ./Drivers/STM32F4xx_HAL_Driver/Src/stm32f4xx_hal_pcd.o
LOAD ./Drivers/STM32F4xx_HAL_Driver/Src/stm32f4xx_hal_pcd_ex.o
LOAD ./Drivers/STM32F4xx_HAL_Driver/Src/stm32f4xx_hal_pwr.o
LOAD ./Drivers/STM32F4xx_HAL_Driver/Src/stm32f4xx_hal_pwr_ex.o
LOAD ./Drivers/STM32F4xx_HAL_Driver/Src/stm32f4xx_hal_rcc.o
LOAD ./Drivers/STM32F4xx_HAL_Driver/Src/stm32f4xx_hal_rcc_ex.o
LOAD ./Drivers/STM32F4xx_HAL_Driver/Src/stm32f4xx_hal_spi.o
LOAD ./Drivers/STM32F4xx_HAL_Driver/Src/stm32f4xx_hal_tim.o
LOAD ./Drivers/STM32F4xx_HAL_Driver/Src/stm32f4xx_hal_tim_ex.o
LOAD ./Drivers/STM32F4xx_HAL_Driver/Src/stm32f4xx_hal_uart.o
LOAD ./Drivers/STM32F4xx_HAL_Driver/Src/stm32f4xx_ll_exti.o
LOAD ./Drivers/STM32F4xx_HAL_Driver/Src/stm32f4xx_ll_gpio.o
LOAD ./Drivers/STM32F4xx_HAL_Driver/Src/stm32f4xx_ll_rcc.o
LOAD ./Drivers/STM32F4xx_HAL_Driver/Src/stm32f4xx_ll_tim.o
LOAD ./Drivers/STM32F4xx_HAL_Driver/Src/stm32f4xx_ll_usb.o
LOAD ./Drivers/STM32F4xx_HAL_Driver/Src/stm32f4xx_ll_utils.o
LOAD ./Middlewares/ST/STM32_USB_Device_Library/Class/CDC/Src/usbd_cdc.o
LOAD ./Middlewares/ST/STM32_USB_Device_Library/Core/Src/usbd_core.o
LOAD ./Middlewares/ST/STM32_USB_Device_Library/Core/Src/usbd_ctlreq.o
LOAD ./Middlewares/ST/STM32_USB_Device_Library/Core/Src/usbd_ioreq.o
LOAD ./USB_DEVICE/App/usb_device.o
LOAD ./USB_DEVICE/App/usbd_cdc_if.o
LOAD ./USB_DEVICE/App/usbd_desc.o
LOAD ./USB_DEVICE/Target/usbd_conf.o
START GROUP
LOAD /opt/st/stm32cubeide_2.0.0/plugins/com.st.stm32cube.ide.mcu.externaltools.gnu-tools-for-stm32.13.3.rel1.linux64_1.0.100.202509120712/tools/bin/../lib/gcc/arm-none-eabi/13.3.1/../../../../arm-none-eabi/lib/thumb/v7e-m+fp/hard/libc_nano.a
LOAD /opt/st/stm32cubeide_2.0.0/plugins/com.st.stm32cube.ide.mcu.externaltools.gnu-tools-for-stm32.13.3.rel1.linux64_1.0.100.202509120712/tools/bin/../lib/gcc/arm-none-eabi/13.3.1/../../../../arm-none-eabi/lib/thumb/v7e-m+fp/hard/libm.a
END GROUP
START GROUP
LOAD /opt/st/stm32cubeide_2.0.0/plugins/com.st.stm32cube.ide.mcu.externaltools.gnu-tools-for-stm32.13.3.rel1.linux64_1.0.100.202509120712/tools/bin/../lib/gcc/arm-none-eabi/13.3.1/thumb/v7e-m+fp/hard/libgcc.a
LOAD /opt/st/stm32cubeide_2.0.0/plugins/com.st.stm32cube.ide.mcu.externaltools.gnu-tools-for-stm32.13.3.rel1.linux64_1.0.100.202509120712/tools/bin/../lib/gcc/arm-none-eabi/13.3.1/../../../../arm-none-eabi/lib/thumb/v7e-m+fp/hard/libc_nano.a
END GROUP
START GROUP
LOAD /opt/st/stm32cubeide_2.0.0/plugins/com.st.stm32cube.ide.mcu.externaltools.gnu-tools-for-stm32.13.3.rel1.linux64_1.0.100.202509120712/tools/bin/../lib/gcc/arm-none-eabi/13.3.1/thumb/v7e-m+fp/hard/libgcc.a
LOAD /opt/st/stm32cubeide_2.0.0/plugins/com.st.stm32cube.ide.mcu.externaltools.gnu-tools-for-stm32.13.3.rel1.linux64_1.0.100.202509120712/tools/bin/../lib/gcc/arm-none-eabi/13.3.1/../../../../arm-none-eabi/lib/thumb/v7e-m+fp/hard/libc_nano.a
LOAD /opt/st/stm32cubeide_2.0.0/plugins/com.st.stm32cube.ide.mcu.externaltools.gnu-tools-for-stm32.13.3.rel1.linux64_1.0.100.202509120712/tools/bin/../lib/gcc/arm-none-eabi/13.3.1/../../../../arm-none-eabi/lib/thumb/v7e-m+fp/hard/libnosys.a
END GROUP
START GROUP
LOAD /opt/st/stm32cubeide_2.0.0/plugins/com.st.stm32cube.ide.mcu.externaltools.gnu-tools-for-stm32.13.3.rel1.linux64_1.0.100.202509120712/tools/bin/../lib/gcc/arm-none-eabi/13.3.1/thumb/v7e-m+fp/hard/libgcc.a
LOAD /opt/st/stm32cubeide_2.0.0/plugins/com.st.stm32cube.ide.mcu.externaltools.gnu-tools-for-stm32.13.3.rel1.linux64_1.0.100.202509120712/tools/bin/../lib/gcc/arm-none-eabi/13.3.1/../../../../arm-none-eabi/lib/thumb/v7e-m+fp/hard/libc_nano.a
LOAD /opt/st/stm32cubeide_2.0.0/plugins/com.st.stm32cube.ide.mcu.externaltools.gnu-tools-for-stm32.13.3.rel1.linux64_1.0.100.202509120712/tools/bin/../lib/gcc/arm-none-eabi/13.3.1/../../../../arm-none-eabi/lib/thumb/v7e-m+fp/hard/libnosys.a
END GROUP
LOAD /opt/st/stm32cubeide_2.0.0/plugins/com.st.stm32cube.ide.mcu.externaltools.gnu-tools-for-stm32.13.3.rel1.linux64_1.0.100.202509120712/tools/bin/../lib/gcc/arm-none-eabi/13.3.1/thumb/v7e-m+fp/hard/crtend.o
LOAD /opt/st/stm32cubeide_2.0.0/plugins/com.st.stm32cube.ide.mcu.externaltools.gnu-tools-for-stm32.13.3.rel1.linux64_1.0.100.202509120712/tools/bin/../lib/gcc/arm-none-eabi/13.3.1/thumb/v7e-m+fp/hard/crtn.o
                0x20010000                        _estack = (ORIGIN (RAM) + LENGTH (RAM))
                0x00000200                        _Min_Heap_Size = 0x200
                0x00000400                        _Min_Stack_Size = 0x400

.isr_vector     0x08000000      0x194
                0x08000000                        . = ALIGN (0x4)
 *(.isr_vector)
 .isr_vector    0x08000000      0x194 ./Core/Startup/startup_stm32f401ccux.o
                0x08000000                g_pfnVectors
                0x08000194                        . = ALIGN (0x4)

.text           0x080001a0     0x84f8
                0x080001a0                        . = ALIGN (0x4)
 *(.text)
 .text          0x080001a0       0x40 /opt/st/stm32cubeide_2.0.0/plugins/com.st.stm32cube.ide.mcu.externaltools.gnu-tools-for-stm32.13.3.rel1.linux64_1.0.100.202509120712/tools/bin/../lib/gcc/arm-none-eabi/13.3.1/thumb/v7e-m+fp/hard/crtbegin.o
 .text          0x080001e0       0x14 /opt/st/stm32cubeide_2.0.0/plugins/com.st.stm32cube.ide.mcu.externaltools.gnu-tools-for-stm32.13.3.rel1.linux64_1.0.100.202509120712/tools/bin/../lib/gcc/arm-none-eabi/13.3.1/../../../../arm-none-eabi/lib/thumb/v7e-m+fp/hard/libc_nano.a(libc_a-strcmp.o)
                0x080001e0                strcmp
 .text          0x080001f4       0x10 /opt/st/stm32cubeide_2.0.0/plugins/com.st.stm32cube.ide.mcu.externaltools.gnu-tools-for-stm32.13.3.rel1.linux64_1.0.100.202509120712/tools/bin/../lib/gcc/arm-none-eabi/13.3.1/../../../../arm-none-eabi/lib/thumb/v7e-m+fp/hard/libc_nano.a(libc_a-strlen.o)
                0x080001f4                strlen
 *fill*         0x08000204        0xc 
 .text          0x08000210       0xa0 /opt/st/stm32cubeide_2.0.0/plugins/com.st.stm32cube.ide.mcu.externaltools.gnu-tools-for-stm32.13.3.rel1.linux64_1.0.100.202509120712/tools/bin/../lib/gcc/arm-none-eabi/13.3.1/../../../../arm-none-eabi/lib/thumb/v7e-m+fp/hard/libc_nano.a(libc_a-memchr.o)
                0x08000210                memchr
 .text          0x080002b0       0x30 /opt/st/stm32cubeide_2.0.0/plugins/com.st.stm32cube.ide.mcu.externaltools.gnu-tools-for-stm32.13.3.rel1.linux64_1.0.100.202509120712/tools/bin/../lib/gcc/arm-none-eabi/13.3.1/thumb/v7e-m+fp/hard/libgcc.a(_aeabi_uldivmod.o)
                0x080002b0                __aeabi_uldivmod
 .text          0x080002e0      0x2f8 /opt/st/stm32cubeide_2.0.0/plugins/com.st.stm32cube.ide.mcu.externaltools.gnu-tools-for-stm32.13.3.rel1.linux64_1.0.100.202509120712/tools/bin/../lib/gcc/arm-none-eabi/13.3.1/thumb/v7e-m+fp/hard/libgcc.a(_udivmoddi4.o)
                0x080002e0                __udivmoddi4
 .text          0x080005d8        0x4 /opt/st/stm32cubeide_2.0.0/plugins/com.st.stm32cube.ide.mcu.externaltools.gnu-tools-for-stm32.13.3.rel1.linux64_1.0.100.202509120712/tools/bin/../lib/gcc/arm-none-eabi/13.3.1/thumb/v7e-m+fp/hard/libgcc.a(_dvmd_tls.o)
                0x080005d8                __aeabi_ldiv0
                0x080005d8                __aeabi_idiv0
 *(.text*)
 .text.W5500_Select
                0x080005dc       0x10 ./Core/Src/main.o
                0x080005dc                W5500_Select
 .text.W5500_Unselect
                0x080005ec       0x10 ./Core/Src/main.o
                0x080005ec                W5500_Unselect
 .text.W5500_ReadBuff
                0x080005fc       0x10 ./Core/Src/main.o
                0x080005fc                W5500_ReadBuff
 .text.W5500_ReadByte
                0x0800060c       0x16 ./Core/Src/main.o
                0x0800060c                W5500_ReadByte
 *fill*         0x08000622        0x2 
 .text.W5500_WriteBuff
                0x08000624       0x10 ./Core/Src/main.o
                0x08000624                W5500_WriteBuff
 .text.W5500_WriteByte
                0x08000634       0x16 ./Core/Src/main.o
                0x08000634                W5500_WriteByte
 *fill*         0x0800064a        0x2 
 .text.base64_encode
                0x0800064c       0xd0 ./Core/Src/main.o
                0x0800064c                base64_encode
 .text.UpdateHTTPBase64
                0x0800071c       0x34 ./Core/Src/main.o
                0x0800071c                UpdateHTTPBase64
 .text.check_authentication
                0x08000750       0x64 ./Core/Src/main.o
                0x08000750                check_authentication
 .text.send_auth_required
                0x080007b4        0xc ./Core/Src/main.o
                0x080007b4                send_auth_required
 .text._write   0x080007c0       0x10 ./Core/Src/main.o
                0x080007c0                _write
 .text.CalculateXORChecksum
                0x080007d0       0x14 ./Core/Src/main.o
                0x080007d0                CalculateXORChecksum
 .text.WriteSettingsToEEPROM
                0x080007e4      0x124 ./Core/Src/main.o
                0x080007e4                WriteSettingsToEEPROM
 .text.ReadSettingsFromEEPROM
                0x08000908      0x10c ./Core/Src/main.o
                0x08000908                ReadSettingsFromEEPROM
 .text.LoadDefaultSettings
                0x08000a14       0xb8 ./Core/Src/main.o
                0x08000a14                LoadDefaultSettings
 .text.send_web_page
                0x08000acc      0x224 ./Core/Src/main.o
                0x08000acc                send_web_page
 .text.SetGPIO  0x08000cf0       0x74 ./Core/Src/main.o
                0x08000cf0                SetGPIO
 .text.ShowHelp
                0x08000d64       0xe8 ./Core/Src/main.o
                0x08000d64                ShowHelp
 .text.ParseIPAddress
                0x08000e4c       0x40 ./Core/Src/main.o
                0x08000e4c                ParseIPAddress
 .text.ParseMACAddress
                0x08000e8c       0x70 ./Core/Src/main.o
                0x08000e8c                ParseMACAddress
 .text.ShowNetworkInfo
                0x08000efc       0xbc ./Core/Src/main.o
                0x08000efc                ShowNetworkInfo
 .text.ApplyNetworkSettings
                0x08000fb8       0x20 ./Core/Src/main.o
                0x08000fb8                ApplyNetworkSettings
 .text.SetIPAddress
                0x08000fd8       0x58 ./Core/Src/main.o
                0x08000fd8                SetIPAddress
 .text.SetMACAddress
                0x08001030       0x68 ./Core/Src/main.o
                0x08001030                SetMACAddress
 .text.SetSubnetMask
                0x08001098       0x58 ./Core/Src/main.o
                0x08001098                SetSubnetMask
 .text.SetGateway
                0x080010f0       0x58 ./Core/Src/main.o
                0x080010f0                SetGateway
 .text.SetDNS   0x08001148       0x58 ./Core/Src/main.o
                0x08001148                SetDNS
 .text.ProcessGetCommand
                0x080011a0      0x130 ./Core/Src/main.o
                0x080011a0                ProcessGetCommand
 .text.TrimWhitespace
                0x080012d0       0x3c ./Core/Src/main.o
                0x080012d0                TrimWhitespace
 .text.ProcessSetCommand
                0x0800130c      0x19c ./Core/Src/main.o
                0x0800130c                ProcessSetCommand
 .text.ParseNumber
                0x080014a8       0x24 ./Core/Src/main.o
                0x080014a8                ParseNumber
 .text.SaveSettingsCommand
                0x080014cc       0x14 ./Core/Src/main.o
                0x080014cc                SaveSettingsCommand
 .text.LoadSettingsCommand
                0x080014e0       0x24 ./Core/Src/main.o
                0x080014e0                LoadSettingsCommand
 .text.FactoryResetCommand
                0x08001504       0x1c ./Core/Src/main.o
                0x08001504                FactoryResetCommand
 .text.USB_ReadData
                0x08001520       0x40 ./Core/Src/main.o
                0x08001520                USB_ReadData
 .text.ShowButtonNames
                0x08001560       0x3c ./Core/Src/main.o
                0x08001560                ShowButtonNames
 .text.SetButtonName
                0x0800159c       0x64 ./Core/Src/main.o
                0x0800159c                SetButtonName
 .text.ProcessSetButtonCommand
                0x08001600       0x6c ./Core/Src/main.o
                0x08001600                ProcessSetButtonCommand
 .text.ParseCommand
                0x0800166c      0x168 ./Core/Src/main.o
                0x0800166c                ParseCommand
 .text.ProcessUSBData
                0x080017d4       0x5c ./Core/Src/main.o
                0x080017d4                ProcessUSBData
 .text.ensure_socket_closed
                0x08001830       0x64 ./Core/Src/main.o
                0x08001830                ensure_socket_closed
 .text.EnsureSocketClosedIfNeeded
                0x08001894       0x44 ./Core/Src/main.o
                0x08001894                EnsureSocketClosedIfNeeded
 .text.ResetW5500
                0x080018d8       0xa0 ./Core/Src/main.o
                0x080018d8                ResetW5500
 .text.CheckW5500
                0x08001978      0x114 ./Core/Src/main.o
                0x08001978                CheckW5500
 .text.SystemClock_Config
                0x08001a8c       0xac ./Core/Src/main.o
                0x08001a8c                SystemClock_Config
 .text.startup.main
                0x08001b38      0x7d4 ./Core/Src/main.o
                0x08001b38                main
 .text.Error_Handler
                0x0800230c        0x4 ./Core/Src/main.o
                0x0800230c                Error_Handler
 .text.close    0x08002310       0x7c ./Core/Src/socket.o
                0x08002310                close
 .text.socket   0x0800238c      0x124 ./Core/Src/socket.o
                0x0800238c                socket
 .text.listen   0x080024b0       0x6a ./Core/Src/socket.o
                0x080024b0                listen
 *fill*         0x0800251a        0x2 
 .text.disconnect
                0x0800251c       0x88 ./Core/Src/socket.o
                0x0800251c                disconnect
 .text.send     0x080025a4      0x114 ./Core/Src/socket.o
                0x080025a4                send
 .text.recv     0x080026b8       0xe4 ./Core/Src/socket.o
                0x080026b8                recv
 .text.HAL_MspInit
                0x0800279c       0x38 ./Core/Src/stm32f4xx_hal_msp.o
                0x0800279c                HAL_MspInit
 .text.HAL_SPI_MspInit
                0x080027d4       0x6c ./Core/Src/stm32f4xx_hal_msp.o
                0x080027d4                HAL_SPI_MspInit
 .text.NMI_Handler
                0x08002840        0x8 ./Core/Src/stm32f4xx_it.o
                0x08002840                NMI_Handler
 .text.HardFault_Handler
                0x08002848        0x2 ./Core/Src/stm32f4xx_it.o
                0x08002848                HardFault_Handler
 .text.MemManage_Handler
                0x0800284a        0x2 ./Core/Src/stm32f4xx_it.o
                0x0800284a                MemManage_Handler
 .text.BusFault_Handler
                0x0800284c        0x2 ./Core/Src/stm32f4xx_it.o
                0x0800284c                BusFault_Handler
 .text.UsageFault_Handler
                0x0800284e        0x2 ./Core/Src/stm32f4xx_it.o
                0x0800284e                UsageFault_Handler
 .text.SVC_Handler
                0x08002850        0x2 ./Core/Src/stm32f4xx_it.o
                0x08002850                SVC_Handler
 .text.DebugMon_Handler
                0x08002852        0x2 ./Core/Src/stm32f4xx_it.o
                0x08002852                DebugMon_Handler
 .text.PendSV_Handler
                0x08002854        0x2 ./Core/Src/stm32f4xx_it.o
                0x08002854                PendSV_Handler
 .text.SysTick_Handler
                0x08002856        0x4 ./Core/Src/stm32f4xx_it.o
                0x08002856                SysTick_Handler
 *fill*         0x0800285a        0x2 
 .text.TIM1_TRG_COM_TIM11_IRQHandler
                0x0800285c       0x2c ./Core/Src/stm32f4xx_it.o
                0x0800285c                TIM1_TRG_COM_TIM11_IRQHandler
 .text.OTG_FS_IRQHandler
                0x08002888        0xc ./Core/Src/stm32f4xx_it.o
                0x08002888                OTG_FS_IRQHandler
 .text._getpid  0x08002894        0x4 ./Core/Src/syscalls.o
                0x08002894                _getpid
 .text._kill    0x08002898       0x10 ./Core/Src/syscalls.o
                0x08002898                _kill
 .text._exit    0x080028a8        0xc ./Core/Src/syscalls.o
                0x080028a8                _exit
 .text._read    0x080028b4       0x1c ./Core/Src/syscalls.o
                0x080028b4                _read
 .text._close   0x080028d0        0x6 ./Core/Src/syscalls.o
                0x080028d0                _close
 .text._fstat   0x080028d6        0xa ./Core/Src/syscalls.o
                0x080028d6                _fstat
 .text._isatty  0x080028e0        0x4 ./Core/Src/syscalls.o
                0x080028e0                _isatty
 .text._lseek   0x080028e4        0x4 ./Core/Src/syscalls.o
                0x080028e4                _lseek
 .text._sbrk    0x080028e8       0x40 ./Core/Src/sysmem.o
                0x080028e8                _sbrk
 .text.SystemInit
                0x08002928       0x14 ./Core/Src/system_stm32f4xx.o
                0x08002928                SystemInit
 .text.WIZCHIP_READ
                0x0800293c       0x5c ./Core/Src/w5500.o
                0x0800293c                WIZCHIP_READ
 .text.WIZCHIP_WRITE
                0x08002998       0x64 ./Core/Src/w5500.o
                0x08002998                WIZCHIP_WRITE
 .text.WIZCHIP_READ_BUF
                0x080029fc       0x74 ./Core/Src/w5500.o
                0x080029fc                WIZCHIP_READ_BUF
 .text.WIZCHIP_WRITE_BUF
                0x08002a70       0x74 ./Core/Src/w5500.o
                0x08002a70                WIZCHIP_WRITE_BUF
 .text.getSn_TX_FSR
                0x08002ae4       0x42 ./Core/Src/w5500.o
                0x08002ae4                getSn_TX_FSR
 .text.getSn_RX_RSR
                0x08002b26       0x42 ./Core/Src/w5500.o
                0x08002b26                getSn_RX_RSR
 .text.wiz_send_data
                0x08002b68       0x5a ./Core/Src/w5500.o
                0x08002b68                wiz_send_data
 .text.wiz_recv_data
                0x08002bc2       0x5a ./Core/Src/w5500.o
                0x08002bc2                wiz_recv_data
 .text.wizchip_cris_enter
                0x08002c1c        0x2 ./Core/Src/wizchip_conf.o
                0x08002c1c                wizchip_cris_enter
 .text.wizchip_bus_readdata
                0x08002c1e        0x4 ./Core/Src/wizchip_conf.o
                0x08002c1e                wizchip_bus_readdata
 .text.wizchip_bus_writedata
                0x08002c22        0x4 ./Core/Src/wizchip_conf.o
                0x08002c22                wizchip_bus_writedata
 .text.wizchip_spi_readbyte
                0x08002c26        0x4 ./Core/Src/wizchip_conf.o
                0x08002c26                wizchip_spi_readbyte
 .text.wizchip_spi_writebyte
                0x08002c2a        0x2 ./Core/Src/wizchip_conf.o
                0x08002c2a                wizchip_spi_writebyte
 .text.wizchip_spi_readburst
                0x08002c2c        0x2 ./Core/Src/wizchip_conf.o
                0x08002c2c                wizchip_spi_readburst
 .text.wizchip_spi_writeburst
                0x08002c2e        0x2 ./Core/Src/wizchip_conf.o
                0x08002c2e                wizchip_spi_writeburst
 .text.wizchip_cris_exit
                0x08002c30        0x2 ./Core/Src/wizchip_conf.o
                0x08002c30                wizchip_cris_exit
 .text.wizchip_cs_select
                0x08002c32        0x2 ./Core/Src/wizchip_conf.o
                0x08002c32                wizchip_cs_select
 .text.wizchip_cs_deselect
                0x08002c34        0x2 ./Core/Src/wizchip_conf.o
                0x08002c34                wizchip_cs_deselect
 *fill*         0x08002c36        0x2 
 .text.reg_wizchip_cs_cbfunc
                0x08002c38       0x1c ./Core/Src/wizchip_conf.o
                0x08002c38                reg_wizchip_cs_cbfunc
 .text.reg_wizchip_spi_cbfunc
                0x08002c54       0x24 ./Core/Src/wizchip_conf.o
                0x08002c54                reg_wizchip_spi_cbfunc
 .text.reg_wizchip_spiburst_cbfunc
                0x08002c78       0x24 ./Core/Src/wizchip_conf.o
                0x08002c78                reg_wizchip_spiburst_cbfunc
 .text.wizchip_sw_reset
                0x08002c9c       0x7a ./Core/Src/wizchip_conf.o
                0x08002c9c                wizchip_sw_reset
 .text.wizchip_init
                0x08002d16       0x86 ./Core/Src/wizchip_conf.o
                0x08002d16                wizchip_init
 .text.wizchip_setnetinfo
                0x08002d9c       0x5c ./Core/Src/wizchip_conf.o
                0x08002d9c                wizchip_setnetinfo
 .text.Reset_Handler
                0x08002df8       0x50 ./Core/Startup/startup_stm32f401ccux.o
                0x08002df8                Reset_Handler
 .text.Default_Handler
                0x08002e48        0x2 ./Core/Startup/startup_stm32f401ccux.o
                0x08002e48                RTC_Alarm_IRQHandler
                0x08002e48                EXTI2_IRQHandler
                0x08002e48                SPI4_IRQHandler
                0x08002e48                TIM1_CC_IRQHandler
                0x08002e48                DMA2_Stream5_IRQHandler
                0x08002e48                DMA1_Stream5_IRQHandler
                0x08002e48                PVD_IRQHandler
                0x08002e48                SDIO_IRQHandler
                0x08002e48                TAMP_STAMP_IRQHandler
                0x08002e48                EXTI3_IRQHandler
                0x08002e48                TIM1_UP_TIM10_IRQHandler
                0x08002e48                I2C3_ER_IRQHandler
                0x08002e48                EXTI0_IRQHandler
                0x08002e48                I2C2_EV_IRQHandler
                0x08002e48                DMA1_Stream2_IRQHandler
                0x08002e48                FPU_IRQHandler
                0x08002e48                DMA2_Stream2_IRQHandler
                0x08002e48                SPI1_IRQHandler
                0x08002e48                TIM1_BRK_TIM9_IRQHandler
                0x08002e48                DMA2_Stream3_IRQHandler
                0x08002e48                USART6_IRQHandler
                0x08002e48                DMA2_Stream0_IRQHandler
                0x08002e48                TIM4_IRQHandler
                0x08002e48                I2C1_EV_IRQHandler
                0x08002e48                DMA1_Stream6_IRQHandler
                0x08002e48                DMA1_Stream1_IRQHandler
                0x08002e48                TIM3_IRQHandler
                0x08002e48                RCC_IRQHandler
                0x08002e48                Default_Handler
                0x08002e48                EXTI15_10_IRQHandler
                0x08002e48                ADC_IRQHandler
                0x08002e48                DMA1_Stream7_IRQHandler
                0x08002e48                TIM5_IRQHandler
                0x08002e48                DMA2_Stream7_IRQHandler
                0x08002e48                I2C3_EV_IRQHandler
                0x08002e48                EXTI9_5_IRQHandler
                0x08002e48                RTC_WKUP_IRQHandler
                0x08002e48                SPI2_IRQHandler
                0x08002e48                DMA1_Stream0_IRQHandler
                0x08002e48                EXTI4_IRQHandler
                0x08002e48                WWDG_IRQHandler
                0x08002e48                TIM2_IRQHandler
                0x08002e48                OTG_FS_WKUP_IRQHandler
                0x08002e48                EXTI1_IRQHandler
                0x08002e48                USART2_IRQHandler
                0x08002e48                I2C2_ER_IRQHandler
                0x08002e48                DMA2_Stream1_IRQHandler
                0x08002e48                FLASH_IRQHandler
                0x08002e48                DMA2_Stream4_IRQHandler
                0x08002e48                USART1_IRQHandler
                0x08002e48                SPI3_IRQHandler
                0x08002e48                DMA1_Stream4_IRQHandler
                0x08002e48                I2C1_ER_IRQHandler
                0x08002e48                DMA2_Stream6_IRQHandler
                0x08002e48                DMA1_Stream3_IRQHandler
 *fill*         0x08002e4a        0x2 
 .text.HAL_InitTick
                0x08002e4c       0x48 ./Drivers/STM32F4xx_HAL_Driver/Src/stm32f4xx_hal.o
                0x08002e4c                HAL_InitTick
 .text.HAL_Init
                0x08002e94       0x34 ./Drivers/STM32F4xx_HAL_Driver/Src/stm32f4xx_hal.o
                0x08002e94                HAL_Init
 .text.HAL_IncTick
                0x08002ec8       0x18 ./Drivers/STM32F4xx_HAL_Driver/Src/stm32f4xx_hal.o
                0x08002ec8                HAL_IncTick
 .text.HAL_GetTick
                0x08002ee0        0xc ./Drivers/STM32F4xx_HAL_Driver/Src/stm32f4xx_hal.o
                0x08002ee0                HAL_GetTick
 .text.HAL_Delay
                0x08002eec       0x28 ./Drivers/STM32F4xx_HAL_Driver/Src/stm32f4xx_hal.o
                0x08002eec                HAL_Delay
 .text.HAL_NVIC_SetPriorityGrouping
                0x08002f14       0x24 ./Drivers/STM32F4xx_HAL_Driver/Src/stm32f4xx_hal_cortex.o
                0x08002f14                HAL_NVIC_SetPriorityGrouping
 .text.HAL_NVIC_SetPriority
                0x08002f38       0x64 ./Drivers/STM32F4xx_HAL_Driver/Src/stm32f4xx_hal_cortex.o
                0x08002f38                HAL_NVIC_SetPriority
 .text.HAL_NVIC_EnableIRQ
                0x08002f9c       0x1c ./Drivers/STM32F4xx_HAL_Driver/Src/stm32f4xx_hal_cortex.o
                0x08002f9c                HAL_NVIC_EnableIRQ
 .text.HAL_SYSTICK_Config
                0x08002fb8       0x28 ./Drivers/STM32F4xx_HAL_Driver/Src/stm32f4xx_hal_cortex.o
                0x08002fb8                HAL_SYSTICK_Config
 .text.FLASH_Program_DoubleWord
                0x08002fe0       0x2c ./Drivers/STM32F4xx_HAL_Driver/Src/stm32f4xx_hal_flash.o
 .text.FLASH_Program_Word
                0x0800300c       0x24 ./Drivers/STM32F4xx_HAL_Driver/Src/stm32f4xx_hal_flash.o
 .text.FLASH_Program_HalfWord
                0x08003030       0x24 ./Drivers/STM32F4xx_HAL_Driver/Src/stm32f4xx_hal_flash.o
 .text.FLASH_SetErrorCode
                0x08003054       0x8c ./Drivers/STM32F4xx_HAL_Driver/Src/stm32f4xx_hal_flash.o
 .text.HAL_FLASH_Unlock
                0x080030e0       0x24 ./Drivers/STM32F4xx_HAL_Driver/Src/stm32f4xx_hal_flash.o
                0x080030e0                HAL_FLASH_Unlock
 .text.HAL_FLASH_Lock
                0x08003104       0x14 ./Drivers/STM32F4xx_HAL_Driver/Src/stm32f4xx_hal_flash.o
                0x08003104                HAL_FLASH_Lock
 .text.FLASH_WaitForLastOperation
                0x08003118       0x50 ./Drivers/STM32F4xx_HAL_Driver/Src/stm32f4xx_hal_flash.o
                0x08003118                FLASH_WaitForLastOperation
 .text.HAL_FLASH_Program
                0x08003168       0x8c ./Drivers/STM32F4xx_HAL_Driver/Src/stm32f4xx_hal_flash.o
                0x08003168                HAL_FLASH_Program
 .text.FLASH_MassErase.isra.0
                0x080031f4       0x24 ./Drivers/STM32F4xx_HAL_Driver/Src/stm32f4xx_hal_flash_ex.o
 .text.FLASH_Erase_Sector
                0x08003218       0x3c ./Drivers/STM32F4xx_HAL_Driver/Src/stm32f4xx_hal_flash_ex.o
                0x08003218                FLASH_Erase_Sector
 .text.FLASH_FlushCaches
                0x08003254       0x58 ./Drivers/STM32F4xx_HAL_Driver/Src/stm32f4xx_hal_flash_ex.o
                0x08003254                FLASH_FlushCaches
 .text.HAL_FLASHEx_Erase
                0x080032ac       0xa0 ./Drivers/STM32F4xx_HAL_Driver/Src/stm32f4xx_hal_flash_ex.o
                0x080032ac                HAL_FLASHEx_Erase
 .text.HAL_GPIO_Init
                0x0800334c      0x18c ./Drivers/STM32F4xx_HAL_Driver/Src/stm32f4xx_hal_gpio.o
                0x0800334c                HAL_GPIO_Init
 .text.HAL_GPIO_WritePin
                0x080034d8        0xa ./Drivers/STM32F4xx_HAL_Driver/Src/stm32f4xx_hal_gpio.o
                0x080034d8                HAL_GPIO_WritePin
 .text.HAL_PCD_Init
                0x080034e2       0xde ./Drivers/STM32F4xx_HAL_Driver/Src/stm32f4xx_hal_pcd.o
                0x080034e2                HAL_PCD_Init
 .text.HAL_PCD_Start
                0x080035c0       0x3e ./Drivers/STM32F4xx_HAL_Driver/Src/stm32f4xx_hal_pcd.o
                0x080035c0                HAL_PCD_Start
 .text.HAL_PCD_SetAddress
                0x080035fe       0x26 ./Drivers/STM32F4xx_HAL_Driver/Src/stm32f4xx_hal_pcd.o
                0x080035fe                HAL_PCD_SetAddress
 .text.HAL_PCD_EP_Open
                0x08003624       0x72 ./Drivers/STM32F4xx_HAL_Driver/Src/stm32f4xx_hal_pcd.o
                0x08003624                HAL_PCD_EP_Open
 .text.HAL_PCD_EP_Close
                0x08003696       0x5c ./Drivers/STM32F4xx_HAL_Driver/Src/stm32f4xx_hal_pcd.o
                0x08003696                HAL_PCD_EP_Close
 .text.HAL_PCD_EP_Receive
                0x080036f2       0x3c ./Drivers/STM32F4xx_HAL_Driver/Src/stm32f4xx_hal_pcd.o
                0x080036f2                HAL_PCD_EP_Receive
 .text.HAL_PCD_EP_GetRxCount
                0x0800372e       0x10 ./Drivers/STM32F4xx_HAL_Driver/Src/stm32f4xx_hal_pcd.o
                0x0800372e                HAL_PCD_EP_GetRxCount
 .text.HAL_PCD_EP_Transmit
                0x0800373e       0x36 ./Drivers/STM32F4xx_HAL_Driver/Src/stm32f4xx_hal_pcd.o
                0x0800373e                HAL_PCD_EP_Transmit
 .text.HAL_PCD_EP_SetStall
                0x08003774       0x6e ./Drivers/STM32F4xx_HAL_Driver/Src/stm32f4xx_hal_pcd.o
                0x08003774                HAL_PCD_EP_SetStall
 .text.HAL_PCD_EP_ClrStall
                0x080037e2       0x6a ./Drivers/STM32F4xx_HAL_Driver/Src/stm32f4xx_hal_pcd.o
                0x080037e2                HAL_PCD_EP_ClrStall
 .text.HAL_PCD_EP_Abort
                0x0800384c       0x20 ./Drivers/STM32F4xx_HAL_Driver/Src/stm32f4xx_hal_pcd.o
                0x0800384c                HAL_PCD_EP_Abort
 .text.HAL_PCD_IRQHandler
                0x0800386c      0x690 ./Drivers/STM32F4xx_HAL_Driver/Src/stm32f4xx_hal_pcd.o
                0x0800386c                HAL_PCD_IRQHandler
 .text.HAL_PCDEx_SetTxFiFo
                0x08003efc       0x3e ./Drivers/STM32F4xx_HAL_Driver/Src/stm32f4xx_hal_pcd_ex.o
                0x08003efc                HAL_PCDEx_SetTxFiFo
 .text.HAL_PCDEx_SetRxFiFo
                0x08003f3a        0x8 ./Drivers/STM32F4xx_HAL_Driver/Src/stm32f4xx_hal_pcd_ex.o
                0x08003f3a                HAL_PCDEx_SetRxFiFo
 .text.HAL_PCDEx_LPM_Callback
                0x08003f42        0x2 ./Drivers/STM32F4xx_HAL_Driver/Src/stm32f4xx_hal_pcd_ex.o
                0x08003f42                HAL_PCDEx_LPM_Callback
 .text.HAL_RCC_OscConfig
                0x08003f44      0x35c ./Drivers/STM32F4xx_HAL_Driver/Src/stm32f4xx_hal_rcc.o
                0x08003f44                HAL_RCC_OscConfig
 .text.HAL_RCC_EnableCSS
                0x080042a0        0xc ./Drivers/STM32F4xx_HAL_Driver/Src/stm32f4xx_hal_rcc.o
                0x080042a0                HAL_RCC_EnableCSS
 .text.HAL_RCC_GetSysClockFreq
                0x080042ac       0x5c ./Drivers/STM32F4xx_HAL_Driver/Src/stm32f4xx_hal_rcc.o
                0x080042ac                HAL_RCC_GetSysClockFreq
 .text.HAL_RCC_ClockConfig
                0x08004308      0x134 ./Drivers/STM32F4xx_HAL_Driver/Src/stm32f4xx_hal_rcc.o
                0x08004308                HAL_RCC_ClockConfig
 .text.HAL_RCC_GetHCLKFreq
                0x0800443c        0xc ./Drivers/STM32F4xx_HAL_Driver/Src/stm32f4xx_hal_rcc.o
                0x0800443c                HAL_RCC_GetHCLKFreq
 .text.HAL_RCC_CSSCallback
                0x08004448        0x2 ./Drivers/STM32F4xx_HAL_Driver/Src/stm32f4xx_hal_rcc.o
                0x08004448                HAL_RCC_CSSCallback
 *fill*         0x0800444a        0x2 
 .text.HAL_RCC_NMI_IRQHandler
                0x0800444c       0x18 ./Drivers/STM32F4xx_HAL_Driver/Src/stm32f4xx_hal_rcc.o
                0x0800444c                HAL_RCC_NMI_IRQHandler
 .text.SPI_WaitFlagStateUntilTimeout
                0x08004464       0xb8 ./Drivers/STM32F4xx_HAL_Driver/Src/stm32f4xx_hal_spi.o
 .text.SPI_EndRxTxTransaction
                0x0800451c       0x78 ./Drivers/STM32F4xx_HAL_Driver/Src/stm32f4xx_hal_spi.o
 .text.SPI_EndRxTransaction
                0x08004594       0x5c ./Drivers/STM32F4xx_HAL_Driver/Src/stm32f4xx_hal_spi.o
 .text.HAL_SPI_Init
                0x080045f0       0xb8 ./Drivers/STM32F4xx_HAL_Driver/Src/stm32f4xx_hal_spi.o
                0x080045f0                HAL_SPI_Init
 .text.HAL_SPI_Transmit
                0x080046a8      0x160 ./Drivers/STM32F4xx_HAL_Driver/Src/stm32f4xx_hal_spi.o
                0x080046a8                HAL_SPI_Transmit
 .text.HAL_SPI_TransmitReceive
                0x08004808      0x1f8 ./Drivers/STM32F4xx_HAL_Driver/Src/stm32f4xx_hal_spi.o
                0x08004808                HAL_SPI_TransmitReceive
 .text.HAL_SPI_Receive
                0x08004a00      0x146 ./Drivers/STM32F4xx_HAL_Driver/Src/stm32f4xx_hal_spi.o
                0x08004a00                HAL_SPI_Receive
 *fill*         0x08004b46        0x2 
 .text.LL_TIM_Init
                0x08004b48       0x78 ./Drivers/STM32F4xx_HAL_Driver/Src/stm32f4xx_ll_tim.o
                0x08004b48                LL_TIM_Init
 .text.USB_CoreReset
                0x08004bc0       0x50 ./Drivers/STM32F4xx_HAL_Driver/Src/stm32f4xx_ll_usb.o
 .text.USB_CoreInit
                0x08004c10       0x88 ./Drivers/STM32F4xx_HAL_Driver/Src/stm32f4xx_ll_usb.o
                0x08004c10                USB_CoreInit
 .text.USB_SetTurnaroundTime
                0x08004c98       0xe0 ./Drivers/STM32F4xx_HAL_Driver/Src/stm32f4xx_ll_usb.o
                0x08004c98                USB_SetTurnaroundTime
 .text.USB_EnableGlobalInt
                0x08004d78        0xc ./Drivers/STM32F4xx_HAL_Driver/Src/stm32f4xx_ll_usb.o
                0x08004d78                USB_EnableGlobalInt
 .text.USB_DisableGlobalInt
                0x08004d84        0xc ./Drivers/STM32F4xx_HAL_Driver/Src/stm32f4xx_ll_usb.o
                0x08004d84                USB_DisableGlobalInt
 .text.USB_SetCurrentMode
                0x08004d90       0x60 ./Drivers/STM32F4xx_HAL_Driver/Src/stm32f4xx_ll_usb.o
                0x08004d90                USB_SetCurrentMode
 .text.USB_FlushTxFifo
                0x08004df0       0x46 ./Drivers/STM32F4xx_HAL_Driver/Src/stm32f4xx_ll_usb.o
                0x08004df0                USB_FlushTxFifo
 .text.USB_FlushRxFifo
                0x08004e36       0x42 ./Drivers/STM32F4xx_HAL_Driver/Src/stm32f4xx_ll_usb.o
                0x08004e36                USB_FlushRxFifo
 .text.USB_SetDevSpeed
                0x08004e78        0xe ./Drivers/STM32F4xx_HAL_Driver/Src/stm32f4xx_ll_usb.o
                0x08004e78                USB_SetDevSpeed
 *fill*         0x08004e86        0x2 
 .text.USB_DevInit
                0x08004e88      0x174 ./Drivers/STM32F4xx_HAL_Driver/Src/stm32f4xx_ll_usb.o
                0x08004e88                USB_DevInit
 .text.USB_GetDevSpeed
                0x08004ffc       0x16 ./Drivers/STM32F4xx_HAL_Driver/Src/stm32f4xx_ll_usb.o
                0x08004ffc                USB_GetDevSpeed
 .text.USB_ActivateEndpoint
                0x08005012       0x7e ./Drivers/STM32F4xx_HAL_Driver/Src/stm32f4xx_ll_usb.o
                0x08005012                USB_ActivateEndpoint
 .text.USB_DeactivateEndpoint
                0x08005090       0xac ./Drivers/STM32F4xx_HAL_Driver/Src/stm32f4xx_ll_usb.o
                0x08005090                USB_DeactivateEndpoint
 .text.USB_EPStopXfer
                0x0800513c       0x84 ./Drivers/STM32F4xx_HAL_Driver/Src/stm32f4xx_ll_usb.o
                0x0800513c                USB_EPStopXfer
 .text.USB_WritePacket
                0x080051c0       0x26 ./Drivers/STM32F4xx_HAL_Driver/Src/stm32f4xx_ll_usb.o
                0x080051c0                USB_WritePacket
 *fill*         0x080051e6        0x2 
 .text.USB_EPStartXfer
                0x080051e8      0x204 ./Drivers/STM32F4xx_HAL_Driver/Src/stm32f4xx_ll_usb.o
                0x080051e8                USB_EPStartXfer
 .text.USB_ReadPacket
                0x080053ec       0x40 ./Drivers/STM32F4xx_HAL_Driver/Src/stm32f4xx_ll_usb.o
                0x080053ec                USB_ReadPacket
 .text.USB_EPSetStall
                0x0800542c       0x56 ./Drivers/STM32F4xx_HAL_Driver/Src/stm32f4xx_ll_usb.o
                0x0800542c                USB_EPSetStall
 .text.USB_EPClearStall
                0x08005482       0x52 ./Drivers/STM32F4xx_HAL_Driver/Src/stm32f4xx_ll_usb.o
                0x08005482                USB_EPClearStall
 .text.USB_SetDevAddress
                0x080054d4       0x20 ./Drivers/STM32F4xx_HAL_Driver/Src/stm32f4xx_ll_usb.o
                0x080054d4                USB_SetDevAddress
 .text.USB_DevConnect
                0x080054f4       0x1c ./Drivers/STM32F4xx_HAL_Driver/Src/stm32f4xx_ll_usb.o
                0x080054f4                USB_DevConnect
 .text.USB_DevDisconnect
                0x08005510       0x1c ./Drivers/STM32F4xx_HAL_Driver/Src/stm32f4xx_ll_usb.o
                0x08005510                USB_DevDisconnect
 .text.USB_ReadInterrupts
                0x0800552c        0x8 ./Drivers/STM32F4xx_HAL_Driver/Src/stm32f4xx_ll_usb.o
                0x0800552c                USB_ReadInterrupts
 .text.USB_ReadDevAllOutEpInterrupt
                0x08005534       0x10 ./Drivers/STM32F4xx_HAL_Driver/Src/stm32f4xx_ll_usb.o
                0x08005534                USB_ReadDevAllOutEpInterrupt
 .text.USB_ReadDevAllInEpInterrupt
                0x08005544       0x10 ./Drivers/STM32F4xx_HAL_Driver/Src/stm32f4xx_ll_usb.o
                0x08005544                USB_ReadDevAllInEpInterrupt
 .text.USB_ReadDevOutEPInterrupt
                0x08005554       0x12 ./Drivers/STM32F4xx_HAL_Driver/Src/stm32f4xx_ll_usb.o
                0x08005554                USB_ReadDevOutEPInterrupt
 .text.USB_ReadDevInEPInterrupt
                0x08005566       0x22 ./Drivers/STM32F4xx_HAL_Driver/Src/stm32f4xx_ll_usb.o
                0x08005566                USB_ReadDevInEPInterrupt
 .text.USB_GetMode
                0x08005588        0x8 ./Drivers/STM32F4xx_HAL_Driver/Src/stm32f4xx_ll_usb.o
                0x08005588                USB_GetMode
 .text.USB_ActivateSetup
                0x08005590       0x1c ./Drivers/STM32F4xx_HAL_Driver/Src/stm32f4xx_ll_usb.o
                0x08005590                USB_ActivateSetup
 .text.USB_EP0_OutStart
                0x080055ac       0x4c ./Drivers/STM32F4xx_HAL_Driver/Src/stm32f4xx_ll_usb.o
                0x080055ac                USB_EP0_OutStart
 .text.USBD_CDC_EP0_RxReady
                0x080055f8       0x38 ./Middlewares/ST/STM32_USB_Device_Library/Class/CDC/Src/usbd_cdc.o
 .text.USBD_CDC_GetDeviceQualifierDescriptor
                0x08005630        0xc ./Middlewares/ST/STM32_USB_Device_Library/Class/CDC/Src/usbd_cdc.o
                0x08005630                USBD_CDC_GetDeviceQualifierDescriptor
 .text.USBD_CDC_GetFSCfgDesc
                0x0800563c       0x48 ./Middlewares/ST/STM32_USB_Device_Library/Class/CDC/Src/usbd_cdc.o
 .text.USBD_CDC_GetOtherSpeedCfgDesc
                0x08005684        0x4 ./Middlewares/ST/STM32_USB_Device_Library/Class/CDC/Src/usbd_cdc.o
 .text.USBD_CDC_GetHSCfgDesc
                0x08005688       0x48 ./Middlewares/ST/STM32_USB_Device_Library/Class/CDC/Src/usbd_cdc.o
 .text.USBD_CDC_DataOut
                0x080056d0       0x38 ./Middlewares/ST/STM32_USB_Device_Library/Class/CDC/Src/usbd_cdc.o
 .text.USBD_CDC_DataIn
                0x08005708       0x64 ./Middlewares/ST/STM32_USB_Device_Library/Class/CDC/Src/usbd_cdc.o
 .text.USBD_CDC_Setup
                0x0800576c       0xf0 ./Middlewares/ST/STM32_USB_Device_Library/Class/CDC/Src/usbd_cdc.o
 .text.USBD_CDC_DeInit
                0x0800585c       0x60 ./Middlewares/ST/STM32_USB_Device_Library/Class/CDC/Src/usbd_cdc.o
 .text.USBD_CDC_Init
                0x080058bc       0xc8 ./Middlewares/ST/STM32_USB_Device_Library/Class/CDC/Src/usbd_cdc.o
 .text.USBD_CDC_RegisterInterface
                0x08005984       0x16 ./Middlewares/ST/STM32_USB_Device_Library/Class/CDC/Src/usbd_cdc.o
                0x08005984                USBD_CDC_RegisterInterface
 .text.USBD_CDC_SetTxBuffer
                0x0800599a       0x1c ./Middlewares/ST/STM32_USB_Device_Library/Class/CDC/Src/usbd_cdc.o
                0x0800599a                USBD_CDC_SetTxBuffer
 .text.USBD_CDC_SetRxBuffer
                0x080059b6       0x18 ./Middlewares/ST/STM32_USB_Device_Library/Class/CDC/Src/usbd_cdc.o
                0x080059b6                USBD_CDC_SetRxBuffer
 .text.USBD_CDC_TransmitPacket
                0x080059ce       0x36 ./Middlewares/ST/STM32_USB_Device_Library/Class/CDC/Src/usbd_cdc.o
                0x080059ce                USBD_CDC_TransmitPacket
 .text.USBD_CDC_ReceivePacket
                0x08005a04       0x2c ./Middlewares/ST/STM32_USB_Device_Library/Class/CDC/Src/usbd_cdc.o
                0x08005a04                USBD_CDC_ReceivePacket
 .text.USBD_Init
                0x08005a30       0x26 ./Middlewares/ST/STM32_USB_Device_Library/Core/Src/usbd_core.o
                0x08005a30                USBD_Init
 .text.USBD_RegisterClass
                0x08005a56       0x32 ./Middlewares/ST/STM32_USB_Device_Library/Core/Src/usbd_core.o
                0x08005a56                USBD_RegisterClass
 .text.USBD_Start
                0x08005a88        0x4 ./Middlewares/ST/STM32_USB_Device_Library/Core/Src/usbd_core.o
                0x08005a88                USBD_Start
 .text.USBD_SetClassConfig
                0x08005a8c        0xe ./Middlewares/ST/STM32_USB_Device_Library/Core/Src/usbd_core.o
                0x08005a8c                USBD_SetClassConfig
 .text.USBD_ClrClassConfig
                0x08005a9a       0x12 ./Middlewares/ST/STM32_USB_Device_Library/Core/Src/usbd_core.o
                0x08005a9a                USBD_ClrClassConfig
 .text.USBD_LL_SetupStage
                0x08005aac       0x60 ./Middlewares/ST/STM32_USB_Device_Library/Core/Src/usbd_core.o
                0x08005aac                USBD_LL_SetupStage
 .text.USBD_LL_DataOutStage
                0x08005b0c       0x74 ./Middlewares/ST/STM32_USB_Device_Library/Core/Src/usbd_core.o
                0x08005b0c                USBD_LL_DataOutStage
 .text.USBD_LL_DataInStage
                0x08005b80       0xa8 ./Middlewares/ST/STM32_USB_Device_Library/Core/Src/usbd_core.o
                0x08005b80                USBD_LL_DataInStage
 .text.USBD_LL_Reset
                0x08005c28       0x60 ./Middlewares/ST/STM32_USB_Device_Library/Core/Src/usbd_core.o
                0x08005c28                USBD_LL_Reset
 .text.USBD_LL_SetSpeed
                0x08005c88        0x6 ./Middlewares/ST/STM32_USB_Device_Library/Core/Src/usbd_core.o
                0x08005c88                USBD_LL_SetSpeed
 .text.USBD_LL_Suspend
                0x08005c8e       0x1c ./Middlewares/ST/STM32_USB_Device_Library/Core/Src/usbd_core.o
                0x08005c8e                USBD_LL_Suspend
 .text.USBD_LL_Resume
                0x08005caa       0x16 ./Middlewares/ST/STM32_USB_Device_Library/Core/Src/usbd_core.o
                0x08005caa                USBD_LL_Resume
 .text.USBD_LL_SOF
                0x08005cc0       0x1a ./Middlewares/ST/STM32_USB_Device_Library/Core/Src/usbd_core.o
                0x08005cc0                USBD_LL_SOF
 .text.USBD_LL_IsoINIncomplete
                0x08005cda       0x26 ./Middlewares/ST/STM32_USB_Device_Library/Core/Src/usbd_core.o
                0x08005cda                USBD_LL_IsoINIncomplete
 .text.USBD_LL_IsoOUTIncomplete
                0x08005d00       0x26 ./Middlewares/ST/STM32_USB_Device_Library/Core/Src/usbd_core.o
                0x08005d00                USBD_LL_IsoOUTIncomplete
 .text.USBD_LL_DevConnected
                0x08005d26        0x4 ./Middlewares/ST/STM32_USB_Device_Library/Core/Src/usbd_core.o
                0x08005d26                USBD_LL_DevConnected
 .text.USBD_LL_DevDisconnected
                0x08005d2a       0x20 ./Middlewares/ST/STM32_USB_Device_Library/Core/Src/usbd_core.o
                0x08005d2a                USBD_LL_DevDisconnected
 .text.USBD_CoreFindIF
                0x08005d4a        0x4 ./Middlewares/ST/STM32_USB_Device_Library/Core/Src/usbd_core.o
                0x08005d4a                USBD_CoreFindIF
 .text.USBD_CoreFindEP
                0x08005d4e        0x4 ./Middlewares/ST/STM32_USB_Device_Library/Core/Src/usbd_core.o
                0x08005d4e                USBD_CoreFindEP
 .text.USBD_GetEpDesc
                0x08005d52       0x24 ./Middlewares/ST/STM32_USB_Device_Library/Core/Src/usbd_core.o
                0x08005d52                USBD_GetEpDesc
 .text.USBD_CtlError.constprop.0
                0x08005d76       0x16 ./Middlewares/ST/STM32_USB_Device_Library/Core/Src/usbd_ctlreq.o
 .text.USBD_StdDevReq
                0x08005d8c      0x2c8 ./Middlewares/ST/STM32_USB_Device_Library/Core/Src/usbd_ctlreq.o
                0x08005d8c                USBD_StdDevReq
 .text.USBD_StdItfReq
                0x08006054       0x5e ./Middlewares/ST/STM32_USB_Device_Library/Core/Src/usbd_ctlreq.o
                0x08006054                USBD_StdItfReq
 .text.USBD_StdEPReq
                0x080060b2      0x148 ./Middlewares/ST/STM32_USB_Device_Library/Core/Src/usbd_ctlreq.o
                0x080060b2                USBD_StdEPReq
 .text.USBD_ParseSetupRequest
                0x080061fa       0x16 ./Middlewares/ST/STM32_USB_Device_Library/Core/Src/usbd_ctlreq.o
                0x080061fa                USBD_ParseSetupRequest
 .text.USBD_CtlError
                0x08006210       0x16 ./Middlewares/ST/STM32_USB_Device_Library/Core/Src/usbd_ctlreq.o
                0x08006210                USBD_CtlError
 .text.USBD_GetString
                0x08006226       0x38 ./Middlewares/ST/STM32_USB_Device_Library/Core/Src/usbd_ctlreq.o
                0x08006226                USBD_GetString
 .text.USBD_CtlSendData
                0x0800625e       0x1c ./Middlewares/ST/STM32_USB_Device_Library/Core/Src/usbd_ioreq.o
                0x0800625e                USBD_CtlSendData
 .text.USBD_CtlContinueSendData
                0x0800627a       0x10 ./Middlewares/ST/STM32_USB_Device_Library/Core/Src/usbd_ioreq.o
                0x0800627a                USBD_CtlContinueSendData
 .text.USBD_CtlPrepareRx
                0x0800628a       0x22 ./Middlewares/ST/STM32_USB_Device_Library/Core/Src/usbd_ioreq.o
                0x0800628a                USBD_CtlPrepareRx
 .text.USBD_CtlContinueRx
                0x080062ac       0x10 ./Middlewares/ST/STM32_USB_Device_Library/Core/Src/usbd_ioreq.o
                0x080062ac                USBD_CtlContinueRx
 .text.USBD_CtlSendStatus
                0x080062bc       0x16 ./Middlewares/ST/STM32_USB_Device_Library/Core/Src/usbd_ioreq.o
                0x080062bc                USBD_CtlSendStatus
 .text.USBD_CtlReceiveStatus
                0x080062d2       0x16 ./Middlewares/ST/STM32_USB_Device_Library/Core/Src/usbd_ioreq.o
                0x080062d2                USBD_CtlReceiveStatus
 .text.MX_USB_DEVICE_Init
                0x080062e8       0x50 ./USB_DEVICE/App/usb_device.o
                0x080062e8                MX_USB_DEVICE_Init
 .text.CDC_DeInit_FS
                0x08006338        0x4 ./USB_DEVICE/App/usbd_cdc_if.o
 .text.CDC_Control_FS
                0x0800633c        0x4 ./USB_DEVICE/App/usbd_cdc_if.o
 .text.CDC_TransmitCplt_FS
                0x08006340        0x4 ./USB_DEVICE/App/usbd_cdc_if.o
 .text.CDC_Init_FS
                0x08006344       0x28 ./USB_DEVICE/App/usbd_cdc_if.o
 .text.USB_DataReceived_Callback
                0x0800636c       0x68 ./USB_DEVICE/App/usbd_cdc_if.o
                0x0800636c                USB_DataReceived_Callback
 .text.CDC_Receive_FS
                0x080063d4       0x28 ./USB_DEVICE/App/usbd_cdc_if.o
 .text.CDC_Transmit_FS
                0x080063fc       0x2c ./USB_DEVICE/App/usbd_cdc_if.o
                0x080063fc                CDC_Transmit_FS
 .text.USBD_FS_DeviceDescriptor
                0x08006428        0xc ./USB_DEVICE/App/usbd_desc.o
                0x08006428                USBD_FS_DeviceDescriptor
 .text.USBD_FS_LangIDStrDescriptor
                0x08006434        0xc ./USB_DEVICE/App/usbd_desc.o
                0x08006434                USBD_FS_LangIDStrDescriptor
 .text.IntToUnicode
                0x08006440       0x2a ./USB_DEVICE/App/usbd_desc.o
 *fill*         0x0800646a        0x2 
 .text.USBD_FS_SerialStrDescriptor
                0x0800646c       0x3c ./USB_DEVICE/App/usbd_desc.o
                0x0800646c                USBD_FS_SerialStrDescriptor
 .text.USBD_FS_ManufacturerStrDescriptor
                0x080064a8       0x1c ./USB_DEVICE/App/usbd_desc.o
                0x080064a8                USBD_FS_ManufacturerStrDescriptor
 .text.USBD_FS_ProductStrDescriptor
                0x080064c4       0x1c ./USB_DEVICE/App/usbd_desc.o
                0x080064c4                USBD_FS_ProductStrDescriptor
 .text.USBD_FS_ConfigStrDescriptor
                0x080064e0       0x1c ./USB_DEVICE/App/usbd_desc.o
                0x080064e0                USBD_FS_ConfigStrDescriptor
 .text.USBD_FS_InterfaceStrDescriptor
                0x080064fc       0x1c ./USB_DEVICE/App/usbd_desc.o
                0x080064fc                USBD_FS_InterfaceStrDescriptor
 .text.HAL_PCD_MspInit
                0x08006518       0x84 ./USB_DEVICE/Target/usbd_conf.o
                0x08006518                HAL_PCD_MspInit
 .text.HAL_PCD_SetupStageCallback
                0x0800659c        0xc ./USB_DEVICE/Target/usbd_conf.o
                0x0800659c                HAL_PCD_SetupStageCallback
 .text.HAL_PCD_DataOutStageCallback
                0x080065a8       0x12 ./USB_DEVICE/Target/usbd_conf.o
                0x080065a8                HAL_PCD_DataOutStageCallback
 .text.HAL_PCD_DataInStageCallback
                0x080065ba       0x10 ./USB_DEVICE/Target/usbd_conf.o
                0x080065ba                HAL_PCD_DataInStageCallback
 .text.HAL_PCD_SOFCallback
                0x080065ca        0x8 ./USB_DEVICE/Target/usbd_conf.o
                0x080065ca                HAL_PCD_SOFCallback
 .text.HAL_PCD_ResetCallback
                0x080065d2       0x24 ./USB_DEVICE/Target/usbd_conf.o
                0x080065d2                HAL_PCD_ResetCallback
 *fill*         0x080065f6        0x2 
 .text.HAL_PCD_SuspendCallback
                0x080065f8       0x30 ./USB_DEVICE/Target/usbd_conf.o
                0x080065f8                HAL_PCD_SuspendCallback
 .text.HAL_PCD_ResumeCallback
                0x08006628        0x8 ./USB_DEVICE/Target/usbd_conf.o
                0x08006628                HAL_PCD_ResumeCallback
 .text.HAL_PCD_ISOOUTIncompleteCallback
                0x08006630        0x8 ./USB_DEVICE/Target/usbd_conf.o
                0x08006630                HAL_PCD_ISOOUTIncompleteCallback
 .text.HAL_PCD_ISOINIncompleteCallback
                0x08006638        0x8 ./USB_DEVICE/Target/usbd_conf.o
                0x08006638                HAL_PCD_ISOINIncompleteCallback
 .text.HAL_PCD_ConnectCallback
                0x08006640        0x8 ./USB_DEVICE/Target/usbd_conf.o
                0x08006640                HAL_PCD_ConnectCallback
 .text.HAL_PCD_DisconnectCallback
                0x08006648        0x8 ./USB_DEVICE/Target/usbd_conf.o
                0x08006648                HAL_PCD_DisconnectCallback
 .text.USBD_LL_Init
                0x08006650       0x5c ./USB_DEVICE/Target/usbd_conf.o
                0x08006650                USBD_LL_Init
 .text.USBD_LL_IsStallEP
                0x080066ac       0x24 ./USB_DEVICE/Target/usbd_conf.o
                0x080066ac                USBD_LL_IsStallEP
 .text.USBD_LL_GetRxDataSize
                0x080066d0        0x8 ./USB_DEVICE/Target/usbd_conf.o
                0x080066d0                USBD_LL_GetRxDataSize
 .text.USBD_static_malloc
                0x080066d8        0x8 ./USB_DEVICE/Target/usbd_conf.o
                0x080066d8                USBD_static_malloc
 .text.USBD_static_free
                0x080066e0        0x2 ./USB_DEVICE/Target/usbd_conf.o
                0x080066e0                USBD_static_free
 .text.USBD_Get_USB_Status
                0x080066e2        0xc ./USB_DEVICE/Target/usbd_conf.o
                0x080066e2                USBD_Get_USB_Status
 .text.USBD_LL_Start
                0x080066ee       0x12 ./USB_DEVICE/Target/usbd_conf.o
                0x080066ee                USBD_LL_Start
 .text.USBD_LL_OpenEP
                0x08006700       0x18 ./USB_DEVICE/Target/usbd_conf.o
                0x08006700                USBD_LL_OpenEP
 .text.USBD_LL_CloseEP
                0x08006718       0x12 ./USB_DEVICE/Target/usbd_conf.o
                0x08006718                USBD_LL_CloseEP
 .text.USBD_LL_StallEP
                0x0800672a       0x12 ./USB_DEVICE/Target/usbd_conf.o
                0x0800672a                USBD_LL_StallEP
 .text.USBD_LL_ClearStallEP
                0x0800673c       0x12 ./USB_DEVICE/Target/usbd_conf.o
                0x0800673c                USBD_LL_ClearStallEP
 .text.USBD_LL_SetUSBAddress
                0x0800674e       0x12 ./USB_DEVICE/Target/usbd_conf.o
                0x0800674e                USBD_LL_SetUSBAddress
 .text.USBD_LL_Transmit
                0x08006760       0x12 ./USB_DEVICE/Target/usbd_conf.o
                0x08006760                USBD_LL_Transmit
 .text.USBD_LL_PrepareReceive
                0x08006772       0x12 ./USB_DEVICE/Target/usbd_conf.o
                0x08006772                USBD_LL_PrepareReceive
 .text._strtol_l.isra.0
                0x08006784       0xf4 /opt/st/stm32cubeide_2.0.0/plugins/com.st.stm32cube.ide.mcu.externaltools.gnu-tools-for-stm32.13.3.rel1.linux64_1.0.100.202509120712/tools/bin/../lib/gcc/arm-none-eabi/13.3.1/../../../../arm-none-eabi/lib/thumb/v7e-m+fp/hard/libc_nano.a(libc_a-strtol.o)
 .text._strtol_r
                0x08006878        0x4 /opt/st/stm32cubeide_2.0.0/plugins/com.st.stm32cube.ide.mcu.externaltools.gnu-tools-for-stm32.13.3.rel1.linux64_1.0.100.202509120712/tools/bin/../lib/gcc/arm-none-eabi/13.3.1/../../../../arm-none-eabi/lib/thumb/v7e-m+fp/hard/libc_nano.a(libc_a-strtol.o)
                0x08006878                _strtol_r
 .text.strtol   0x0800687c       0x14 /opt/st/stm32cubeide_2.0.0/plugins/com.st.stm32cube.ide.mcu.externaltools.gnu-tools-for-stm32.13.3.rel1.linux64_1.0.100.202509120712/tools/bin/../lib/gcc/arm-none-eabi/13.3.1/../../../../arm-none-eabi/lib/thumb/v7e-m+fp/hard/libc_nano.a(libc_a-strtol.o)
                0x0800687c                strtol
 .text.std      0x08006890       0x6c /opt/st/stm32cubeide_2.0.0/plugins/com.st.stm32cube.ide.mcu.externaltools.gnu-tools-for-stm32.13.3.rel1.linux64_1.0.100.202509120712/tools/bin/../lib/gcc/arm-none-eabi/13.3.1/../../../../arm-none-eabi/lib/thumb/v7e-m+fp/hard/libc_nano.a(libc_a-findfp.o)
 .text.stdio_exit_handler
                0x080068fc       0x18 /opt/st/stm32cubeide_2.0.0/plugins/com.st.stm32cube.ide.mcu.externaltools.gnu-tools-for-stm32.13.3.rel1.linux64_1.0.100.202509120712/tools/bin/../lib/gcc/arm-none-eabi/13.3.1/../../../../arm-none-eabi/lib/thumb/v7e-m+fp/hard/libc_nano.a(libc_a-findfp.o)
 .text.cleanup_stdio
                0x08006914       0x40 /opt/st/stm32cubeide_2.0.0/plugins/com.st.stm32cube.ide.mcu.externaltools.gnu-tools-for-stm32.13.3.rel1.linux64_1.0.100.202509120712/tools/bin/../lib/gcc/arm-none-eabi/13.3.1/../../../../arm-none-eabi/lib/thumb/v7e-m+fp/hard/libc_nano.a(libc_a-findfp.o)
 .text.global_stdio_init.part.0
                0x08006954       0x3c /opt/st/stm32cubeide_2.0.0/plugins/com.st.stm32cube.ide.mcu.externaltools.gnu-tools-for-stm32.13.3.rel1.linux64_1.0.100.202509120712/tools/bin/../lib/gcc/arm-none-eabi/13.3.1/../../../../arm-none-eabi/lib/thumb/v7e-m+fp/hard/libc_nano.a(libc_a-findfp.o)
 .text.__sfp_lock_acquire
                0x08006990        0xc /opt/st/stm32cubeide_2.0.0/plugins/com.st.stm32cube.ide.mcu.externaltools.gnu-tools-for-stm32.13.3.rel1.linux64_1.0.100.202509120712/tools/bin/../lib/gcc/arm-none-eabi/13.3.1/../../../../arm-none-eabi/lib/thumb/v7e-m+fp/hard/libc_nano.a(libc_a-findfp.o)
                0x08006990                __sfp_lock_acquire
 .text.__sfp_lock_release
                0x0800699c        0xc /opt/st/stm32cubeide_2.0.0/plugins/com.st.stm32cube.ide.mcu.externaltools.gnu-tools-for-stm32.13.3.rel1.linux64_1.0.100.202509120712/tools/bin/../lib/gcc/arm-none-eabi/13.3.1/../../../../arm-none-eabi/lib/thumb/v7e-m+fp/hard/libc_nano.a(libc_a-findfp.o)
                0x0800699c                __sfp_lock_release
 .text.__sinit  0x080069a8       0x30 /opt/st/stm32cubeide_2.0.0/plugins/com.st.stm32cube.ide.mcu.externaltools.gnu-tools-for-stm32.13.3.rel1.linux64_1.0.100.202509120712/tools/bin/../lib/gcc/arm-none-eabi/13.3.1/../../../../arm-none-eabi/lib/thumb/v7e-m+fp/hard/libc_nano.a(libc_a-findfp.o)
                0x080069a8                __sinit
 .text._fwalk_sglue
                0x080069d8       0x3c /opt/st/stm32cubeide_2.0.0/plugins/com.st.stm32cube.ide.mcu.externaltools.gnu-tools-for-stm32.13.3.rel1.linux64_1.0.100.202509120712/tools/bin/../lib/gcc/arm-none-eabi/13.3.1/../../../../arm-none-eabi/lib/thumb/v7e-m+fp/hard/libc_nano.a(libc_a-fwalk.o)
                0x080069d8                _fwalk_sglue
 .text.printf   0x08006a14       0x24 /opt/st/stm32cubeide_2.0.0/plugins/com.st.stm32cube.ide.mcu.externaltools.gnu-tools-for-stm32.13.3.rel1.linux64_1.0.100.202509120712/tools/bin/../lib/gcc/arm-none-eabi/13.3.1/../../../../arm-none-eabi/lib/thumb/v7e-m+fp/hard/libc_nano.a(libc_a-printf.o)
                0x08006a14                printf
                0x08006a14                iprintf
 .text._puts_r  0x08006a38       0xaa /opt/st/stm32cubeide_2.0.0/plugins/com.st.stm32cube.ide.mcu.externaltools.gnu-tools-for-stm32.13.3.rel1.linux64_1.0.100.202509120712/tools/bin/../lib/gcc/arm-none-eabi/13.3.1/../../../../arm-none-eabi/lib/thumb/v7e-m+fp/hard/libc_nano.a(libc_a-puts.o)
                0x08006a38                _puts_r
 *fill*         0x08006ae2        0x2 
 .text.puts     0x08006ae4       0x10 /opt/st/stm32cubeide_2.0.0/plugins/com.st.stm32cube.ide.mcu.externaltools.gnu-tools-for-stm32.13.3.rel1.linux64_1.0.100.202509120712/tools/bin/../lib/gcc/arm-none-eabi/13.3.1/../../../../arm-none-eabi/lib/thumb/v7e-m+fp/hard/libc_nano.a(libc_a-puts.o)
                0x08006ae4                puts
 .text.snprintf
                0x08006af4       0x6c /opt/st/stm32cubeide_2.0.0/plugins/com.st.stm32cube.ide.mcu.externaltools.gnu-tools-for-stm32.13.3.rel1.linux64_1.0.100.202509120712/tools/bin/../lib/gcc/arm-none-eabi/13.3.1/../../../../arm-none-eabi/lib/thumb/v7e-m+fp/hard/libc_nano.a(libc_a-snprintf.o)
                0x08006af4                snprintf
                0x08006af4                sniprintf
 .text.sscanf   0x08006b60       0x58 /opt/st/stm32cubeide_2.0.0/plugins/com.st.stm32cube.ide.mcu.externaltools.gnu-tools-for-stm32.13.3.rel1.linux64_1.0.100.202509120712/tools/bin/../lib/gcc/arm-none-eabi/13.3.1/../../../../arm-none-eabi/lib/thumb/v7e-m+fp/hard/libc_nano.a(libc_a-sscanf.o)
                0x08006b60                sscanf
                0x08006b60                siscanf
 .text.__sread  0x08006bb8       0x22 /opt/st/stm32cubeide_2.0.0/plugins/com.st.stm32cube.ide.mcu.externaltools.gnu-tools-for-stm32.13.3.rel1.linux64_1.0.100.202509120712/tools/bin/../lib/gcc/arm-none-eabi/13.3.1/../../../../arm-none-eabi/lib/thumb/v7e-m+fp/hard/libc_nano.a(libc_a-stdio.o)
                0x08006bb8                __sread
 .text.__seofread
                0x08006bda        0x4 /opt/st/stm32cubeide_2.0.0/plugins/com.st.stm32cube.ide.mcu.externaltools.gnu-tools-for-stm32.13.3.rel1.linux64_1.0.100.202509120712/tools/bin/../lib/gcc/arm-none-eabi/13.3.1/../../../../arm-none-eabi/lib/thumb/v7e-m+fp/hard/libc_nano.a(libc_a-stdio.o)
                0x08006bda                __seofread
 .text.__swrite
                0x08006bde       0x38 /opt/st/stm32cubeide_2.0.0/plugins/com.st.stm32cube.ide.mcu.externaltools.gnu-tools-for-stm32.13.3.rel1.linux64_1.0.100.202509120712/tools/bin/../lib/gcc/arm-none-eabi/13.3.1/../../../../arm-none-eabi/lib/thumb/v7e-m+fp/hard/libc_nano.a(libc_a-stdio.o)
                0x08006bde                __swrite
 .text.__sseek  0x08006c16       0x24 /opt/st/stm32cubeide_2.0.0/plugins/com.st.stm32cube.ide.mcu.externaltools.gnu-tools-for-stm32.13.3.rel1.linux64_1.0.100.202509120712/tools/bin/../lib/gcc/arm-none-eabi/13.3.1/../../../../arm-none-eabi/lib/thumb/v7e-m+fp/hard/libc_nano.a(libc_a-stdio.o)
                0x08006c16                __sseek
 .text.__sclose
                0x08006c3a        0x8 /opt/st/stm32cubeide_2.0.0/plugins/com.st.stm32cube.ide.mcu.externaltools.gnu-tools-for-stm32.13.3.rel1.linux64_1.0.100.202509120712/tools/bin/../lib/gcc/arm-none-eabi/13.3.1/../../../../arm-none-eabi/lib/thumb/v7e-m+fp/hard/libc_nano.a(libc_a-stdio.o)
                0x08006c3a                __sclose
 .text.__swbuf_r
                0x08006c42       0x7c /opt/st/stm32cubeide_2.0.0/plugins/com.st.stm32cube.ide.mcu.externaltools.gnu-tools-for-stm32.13.3.rel1.linux64_1.0.100.202509120712/tools/bin/../lib/gcc/arm-none-eabi/13.3.1/../../../../arm-none-eabi/lib/thumb/v7e-m+fp/hard/libc_nano.a(libc_a-wbuf.o)
                0x08006c42                __swbuf_r
 *fill*         0x08006cbe        0x2 
 .text.__swsetup_r
                0x08006cc0       0xac /opt/st/stm32cubeide_2.0.0/plugins/com.st.stm32cube.ide.mcu.externaltools.gnu-tools-for-stm32.13.3.rel1.linux64_1.0.100.202509120712/tools/bin/../lib/gcc/arm-none-eabi/13.3.1/../../../../arm-none-eabi/lib/thumb/v7e-m+fp/hard/libc_nano.a(libc_a-wsetup.o)
                0x08006cc0                __swsetup_r
 .text.memcmp   0x08006d6c       0x20 /opt/st/stm32cubeide_2.0.0/plugins/com.st.stm32cube.ide.mcu.externaltools.gnu-tools-for-stm32.13.3.rel1.linux64_1.0.100.202509120712/tools/bin/../lib/gcc/arm-none-eabi/13.3.1/../../../../arm-none-eabi/lib/thumb/v7e-m+fp/hard/libc_nano.a(libc_a-memcmp.o)
                0x08006d6c                memcmp
 .text.memset   0x08006d8c       0x10 /opt/st/stm32cubeide_2.0.0/plugins/com.st.stm32cube.ide.mcu.externaltools.gnu-tools-for-stm32.13.3.rel1.linux64_1.0.100.202509120712/tools/bin/../lib/gcc/arm-none-eabi/13.3.1/../../../../arm-none-eabi/lib/thumb/v7e-m+fp/hard/libc_nano.a(libc_a-memset.o)
                0x08006d8c                memset
 .text.strcat   0x08006d9c       0x1e /opt/st/stm32cubeide_2.0.0/plugins/com.st.stm32cube.ide.mcu.externaltools.gnu-tools-for-stm32.13.3.rel1.linux64_1.0.100.202509120712/tools/bin/../lib/gcc/arm-none-eabi/13.3.1/../../../../arm-none-eabi/lib/thumb/v7e-m+fp/hard/libc_nano.a(libc_a-strcat.o)
                0x08006d9c                strcat
 .text.strchr   0x08006dba       0x1a /opt/st/stm32cubeide_2.0.0/plugins/com.st.stm32cube.ide.mcu.externaltools.gnu-tools-for-stm32.13.3.rel1.linux64_1.0.100.202509120712/tools/bin/../lib/gcc/arm-none-eabi/13.3.1/../../../../arm-none-eabi/lib/thumb/v7e-m+fp/hard/libc_nano.a(libc_a-strchr.o)
                0x08006dba                strchr
 .text.strncmp  0x08006dd4       0x24 /opt/st/stm32cubeide_2.0.0/plugins/com.st.stm32cube.ide.mcu.externaltools.gnu-tools-for-stm32.13.3.rel1.linux64_1.0.100.202509120712/tools/bin/../lib/gcc/arm-none-eabi/13.3.1/../../../../arm-none-eabi/lib/thumb/v7e-m+fp/hard/libc_nano.a(libc_a-strncmp.o)
                0x08006dd4                strncmp
 .text.strncpy  0x08006df8       0x26 /opt/st/stm32cubeide_2.0.0/plugins/com.st.stm32cube.ide.mcu.externaltools.gnu-tools-for-stm32.13.3.rel1.linux64_1.0.100.202509120712/tools/bin/../lib/gcc/arm-none-eabi/13.3.1/../../../../arm-none-eabi/lib/thumb/v7e-m+fp/hard/libc_nano.a(libc_a-strncpy.o)
                0x08006df8                strncpy
 *fill*         0x08006e1e        0x2 
 .text.strtok   0x08006e20       0x68 /opt/st/stm32cubeide_2.0.0/plugins/com.st.stm32cube.ide.mcu.externaltools.gnu-tools-for-stm32.13.3.rel1.linux64_1.0.100.202509120712/tools/bin/../lib/gcc/arm-none-eabi/13.3.1/../../../../arm-none-eabi/lib/thumb/v7e-m+fp/hard/libc_nano.a(libc_a-strtok.o)
                0x08006e20                strtok
 .text.__strtok_r
                0x08006e88       0x50 /opt/st/stm32cubeide_2.0.0/plugins/com.st.stm32cube.ide.mcu.externaltools.gnu-tools-for-stm32.13.3.rel1.linux64_1.0.100.202509120712/tools/bin/../lib/gcc/arm-none-eabi/13.3.1/../../../../arm-none-eabi/lib/thumb/v7e-m+fp/hard/libc_nano.a(libc_a-strtok_r.o)
                0x08006e88                __strtok_r
 .text.strstr   0x08006ed8       0x2c /opt/st/stm32cubeide_2.0.0/plugins/com.st.stm32cube.ide.mcu.externaltools.gnu-tools-for-stm32.13.3.rel1.linux64_1.0.100.202509120712/tools/bin/../lib/gcc/arm-none-eabi/13.3.1/../../../../arm-none-eabi/lib/thumb/v7e-m+fp/hard/libc_nano.a(libc_a-strstr.o)
                0x08006ed8                strstr
 .text._close_r
                0x08006f04       0x20 /opt/st/stm32cubeide_2.0.0/plugins/com.st.stm32cube.ide.mcu.externaltools.gnu-tools-for-stm32.13.3.rel1.linux64_1.0.100.202509120712/tools/bin/../lib/gcc/arm-none-eabi/13.3.1/../../../../arm-none-eabi/lib/thumb/v7e-m+fp/hard/libc_nano.a(libc_a-closer.o)
                0x08006f04                _close_r
 .text._lseek_r
                0x08006f24       0x24 /opt/st/stm32cubeide_2.0.0/plugins/com.st.stm32cube.ide.mcu.externaltools.gnu-tools-for-stm32.13.3.rel1.linux64_1.0.100.202509120712/tools/bin/../lib/gcc/arm-none-eabi/13.3.1/../../../../arm-none-eabi/lib/thumb/v7e-m+fp/hard/libc_nano.a(libc_a-lseekr.o)
                0x08006f24                _lseek_r
 .text._read_r  0x08006f48       0x24 /opt/st/stm32cubeide_2.0.0/plugins/com.st.stm32cube.ide.mcu.externaltools.gnu-tools-for-stm32.13.3.rel1.linux64_1.0.100.202509120712/tools/bin/../lib/gcc/arm-none-eabi/13.3.1/../../../../arm-none-eabi/lib/thumb/v7e-m+fp/hard/libc_nano.a(libc_a-readr.o)
                0x08006f48                _read_r
 .text._write_r
                0x08006f6c       0x24 /opt/st/stm32cubeide_2.0.0/plugins/com.st.stm32cube.ide.mcu.externaltools.gnu-tools-for-stm32.13.3.rel1.linux64_1.0.100.202509120712/tools/bin/../lib/gcc/arm-none-eabi/13.3.1/../../../../arm-none-eabi/lib/thumb/v7e-m+fp/hard/libc_nano.a(libc_a-writer.o)
                0x08006f6c                _write_r
 .text.__errno  0x08006f90        0xc /opt/st/stm32cubeide_2.0.0/plugins/com.st.stm32cube.ide.mcu.externaltools.gnu-tools-for-stm32.13.3.rel1.linux64_1.0.100.202509120712/tools/bin/../lib/gcc/arm-none-eabi/13.3.1/../../../../arm-none-eabi/lib/thumb/v7e-m+fp/hard/libc_nano.a(libc_a-errno.o)
                0x08006f90                __errno
 .text.__libc_init_array
                0x08006f9c       0x48 /opt/st/stm32cubeide_2.0.0/plugins/com.st.stm32cube.ide.mcu.externaltools.gnu-tools-for-stm32.13.3.rel1.linux64_1.0.100.202509120712/tools/bin/../lib/gcc/arm-none-eabi/13.3.1/../../../../arm-none-eabi/lib/thumb/v7e-m+fp/hard/libc_nano.a(libc_a-init.o)
                0x08006f9c                __libc_init_array
 .text.__retarget_lock_init_recursive
                0x08006fe4        0x2 /opt/st/stm32cubeide_2.0.0/plugins/com.st.stm32cube.ide.mcu.externaltools.gnu-tools-for-stm32.13.3.rel1.linux64_1.0.100.202509120712/tools/bin/../lib/gcc/arm-none-eabi/13.3.1/../../../../arm-none-eabi/lib/thumb/v7e-m+fp/hard/libc_nano.a(libc_a-lock.o)
                0x08006fe4                __retarget_lock_init_recursive
 .text.__retarget_lock_acquire_recursive
                0x08006fe6        0x2 /opt/st/stm32cubeide_2.0.0/plugins/com.st.stm32cube.ide.mcu.externaltools.gnu-tools-for-stm32.13.3.rel1.linux64_1.0.100.202509120712/tools/bin/../lib/gcc/arm-none-eabi/13.3.1/../../../../arm-none-eabi/lib/thumb/v7e-m+fp/hard/libc_nano.a(libc_a-lock.o)
                0x08006fe6                __retarget_lock_acquire_recursive
 .text.__retarget_lock_release_recursive
                0x08006fe8        0x2 /opt/st/stm32cubeide_2.0.0/plugins/com.st.stm32cube.ide.mcu.externaltools.gnu-tools-for-stm32.13.3.rel1.linux64_1.0.100.202509120712/tools/bin/../lib/gcc/arm-none-eabi/13.3.1/../../../../arm-none-eabi/lib/thumb/v7e-m+fp/hard/libc_nano.a(libc_a-lock.o)
                0x08006fe8                __retarget_lock_release_recursive
 .text.strcpy   0x08006fea       0x10 /opt/st/stm32cubeide_2.0.0/plugins/com.st.stm32cube.ide.mcu.externaltools.gnu-tools-for-stm32.13.3.rel1.linux64_1.0.100.202509120712/tools/bin/../lib/gcc/arm-none-eabi/13.3.1/../../../../arm-none-eabi/lib/thumb/v7e-m+fp/hard/libc_nano.a(libc_a-strcpy.o)
                0x08006fea                strcpy
 .text.memcpy   0x08006ffa       0x1c /opt/st/stm32cubeide_2.0.0/plugins/com.st.stm32cube.ide.mcu.externaltools.gnu-tools-for-stm32.13.3.rel1.linux64_1.0.100.202509120712/tools/bin/../lib/gcc/arm-none-eabi/13.3.1/../../../../arm-none-eabi/lib/thumb/v7e-m+fp/hard/libc_nano.a(libc_a-memcpy-stub.o)
                0x08006ffa                memcpy
 *fill*         0x08007016        0x2 
 .text.__assert_func
                0x08007018       0x3c /opt/st/stm32cubeide_2.0.0/plugins/com.st.stm32cube.ide.mcu.externaltools.gnu-tools-for-stm32.13.3.rel1.linux64_1.0.100.202509120712/tools/bin/../lib/gcc/arm-none-eabi/13.3.1/../../../../arm-none-eabi/lib/thumb/v7e-m+fp/hard/libc_nano.a(libc_a-assert.o)
                0x08007018                __assert_func
 .text._free_r  0x08007054       0x94 /opt/st/stm32cubeide_2.0.0/plugins/com.st.stm32cube.ide.mcu.externaltools.gnu-tools-for-stm32.13.3.rel1.linux64_1.0.100.202509120712/tools/bin/../lib/gcc/arm-none-eabi/13.3.1/../../../../arm-none-eabi/lib/thumb/v7e-m+fp/hard/libc_nano.a(libc_a-freer.o)
                0x08007054                _free_r
 .text.malloc   0x080070e8       0x10 /opt/st/stm32cubeide_2.0.0/plugins/com.st.stm32cube.ide.mcu.externaltools.gnu-tools-for-stm32.13.3.rel1.linux64_1.0.100.202509120712/tools/bin/../lib/gcc/arm-none-eabi/13.3.1/../../../../arm-none-eabi/lib/thumb/v7e-m+fp/hard/libc_nano.a(libc_a-malloc.o)
                0x080070e8                malloc
 .text.sbrk_aligned
                0x080070f8       0x44 /opt/st/stm32cubeide_2.0.0/plugins/com.st.stm32cube.ide.mcu.externaltools.gnu-tools-for-stm32.13.3.rel1.linux64_1.0.100.202509120712/tools/bin/../lib/gcc/arm-none-eabi/13.3.1/../../../../arm-none-eabi/lib/thumb/v7e-m+fp/hard/libc_nano.a(libc_a-mallocr.o)
 .text._malloc_r
                0x0800713c      0x100 /opt/st/stm32cubeide_2.0.0/plugins/com.st.stm32cube.ide.mcu.externaltools.gnu-tools-for-stm32.13.3.rel1.linux64_1.0.100.202509120712/tools/bin/../lib/gcc/arm-none-eabi/13.3.1/../../../../arm-none-eabi/lib/thumb/v7e-m+fp/hard/libc_nano.a(libc_a-mallocr.o)
                0x0800713c                _malloc_r
 .text.__malloc_lock
                0x0800723c        0xc /opt/st/stm32cubeide_2.0.0/plugins/com.st.stm32cube.ide.mcu.externaltools.gnu-tools-for-stm32.13.3.rel1.linux64_1.0.100.202509120712/tools/bin/../lib/gcc/arm-none-eabi/13.3.1/../../../../arm-none-eabi/lib/thumb/v7e-m+fp/hard/libc_nano.a(libc_a-mlock.o)
                0x0800723c                __malloc_lock
 .text.__malloc_unlock
                0x08007248        0xc /opt/st/stm32cubeide_2.0.0/plugins/com.st.stm32cube.ide.mcu.externaltools.gnu-tools-for-stm32.13.3.rel1.linux64_1.0.100.202509120712/tools/bin/../lib/gcc/arm-none-eabi/13.3.1/../../../../arm-none-eabi/lib/thumb/v7e-m+fp/hard/libc_nano.a(libc_a-mlock.o)
                0x08007248                __malloc_unlock
 .text.__ssputs_r
                0x08007254       0xb6 /opt/st/stm32cubeide_2.0.0/plugins/com.st.stm32cube.ide.mcu.externaltools.gnu-tools-for-stm32.13.3.rel1.linux64_1.0.100.202509120712/tools/bin/../lib/gcc/arm-none-eabi/13.3.1/../../../../arm-none-eabi/lib/thumb/v7e-m+fp/hard/libc_nano.a(libc_a-nano-svfprintf.o)
                0x08007254                __ssputs_r
 *fill*         0x0800730a        0x2 
 .text._svfprintf_r
                0x0800730c      0x1f8 /opt/st/stm32cubeide_2.0.0/plugins/com.st.stm32cube.ide.mcu.externaltools.gnu-tools-for-stm32.13.3.rel1.linux64_1.0.100.202509120712/tools/bin/../lib/gcc/arm-none-eabi/13.3.1/../../../../arm-none-eabi/lib/thumb/v7e-m+fp/hard/libc_nano.a(libc_a-nano-svfprintf.o)
                0x0800730c                _svfprintf_r
                0x0800730c                _svfiprintf_r
 .text._sungetc_r
                0x08007504       0x7a /opt/st/stm32cubeide_2.0.0/plugins/com.st.stm32cube.ide.mcu.externaltools.gnu-tools-for-stm32.13.3.rel1.linux64_1.0.100.202509120712/tools/bin/../lib/gcc/arm-none-eabi/13.3.1/../../../../arm-none-eabi/lib/thumb/v7e-m+fp/hard/libc_nano.a(libc_a-nano-svfscanf.o)
                0x08007504                _sungetc_r
 .text.__ssrefill_r
                0x0800757e       0x3a /opt/st/stm32cubeide_2.0.0/plugins/com.st.stm32cube.ide.mcu.externaltools.gnu-tools-for-stm32.13.3.rel1.linux64_1.0.100.202509120712/tools/bin/../lib/gcc/arm-none-eabi/13.3.1/../../../../arm-none-eabi/lib/thumb/v7e-m+fp/hard/libc_nano.a(libc_a-nano-svfscanf.o)
                0x0800757e                __ssrefill_r
 .text.__ssvfscanf_r
                0x080075b8      0x2ec /opt/st/stm32cubeide_2.0.0/plugins/com.st.stm32cube.ide.mcu.externaltools.gnu-tools-for-stm32.13.3.rel1.linux64_1.0.100.202509120712/tools/bin/../lib/gcc/arm-none-eabi/13.3.1/../../../../arm-none-eabi/lib/thumb/v7e-m+fp/hard/libc_nano.a(libc_a-nano-svfscanf.o)
                0x080075b8                __ssvfscanf_r
                0x080075b8                __ssvfiscanf_r
 .text.__sfputc_r
                0x080078a4       0x2e /opt/st/stm32cubeide_2.0.0/plugins/com.st.stm32cube.ide.mcu.externaltools.gnu-tools-for-stm32.13.3.rel1.linux64_1.0.100.202509120712/tools/bin/../lib/gcc/arm-none-eabi/13.3.1/../../../../arm-none-eabi/lib/thumb/v7e-m+fp/hard/libc_nano.a(libc_a-nano-vfprintf.o)
 .text.__sfputs_r
                0x080078d2       0x24 /opt/st/stm32cubeide_2.0.0/plugins/com.st.stm32cube.ide.mcu.externaltools.gnu-tools-for-stm32.13.3.rel1.linux64_1.0.100.202509120712/tools/bin/../lib/gcc/arm-none-eabi/13.3.1/../../../../arm-none-eabi/lib/thumb/v7e-m+fp/hard/libc_nano.a(libc_a-nano-vfprintf.o)
                0x080078d2                __sfputs_r
 *fill*         0x080078f6        0x2 
 .text._vfprintf_r
                0x080078f8      0x230 /opt/st/stm32cubeide_2.0.0/plugins/com.st.stm32cube.ide.mcu.externaltools.gnu-tools-for-stm32.13.3.rel1.linux64_1.0.100.202509120712/tools/bin/../lib/gcc/arm-none-eabi/13.3.1/../../../../arm-none-eabi/lib/thumb/v7e-m+fp/hard/libc_nano.a(libc_a-nano-vfprintf.o)
                0x080078f8                _vfiprintf_r
                0x080078f8                _vfprintf_r
 .text._printf_common
                0x08007b28       0xda /opt/st/stm32cubeide_2.0.0/plugins/com.st.stm32cube.ide.mcu.externaltools.gnu-tools-for-stm32.13.3.rel1.linux64_1.0.100.202509120712/tools/bin/../lib/gcc/arm-none-eabi/13.3.1/../../../../arm-none-eabi/lib/thumb/v7e-m+fp/hard/libc_nano.a(libc_a-nano-vfprintf_i.o)
                0x08007b28                _printf_common
 *fill*         0x08007c02        0x2 
 .text._printf_i
                0x08007c04      0x23c /opt/st/stm32cubeide_2.0.0/plugins/com.st.stm32cube.ide.mcu.externaltools.gnu-tools-for-stm32.13.3.rel1.linux64_1.0.100.202509120712/tools/bin/../lib/gcc/arm-none-eabi/13.3.1/../../../../arm-none-eabi/lib/thumb/v7e-m+fp/hard/libc_nano.a(libc_a-nano-vfprintf_i.o)
                0x08007c04                _printf_i
 .text._scanf_chars
                0x08007e40       0xb4 /opt/st/stm32cubeide_2.0.0/plugins/com.st.stm32cube.ide.mcu.externaltools.gnu-tools-for-stm32.13.3.rel1.linux64_1.0.100.202509120712/tools/bin/../lib/gcc/arm-none-eabi/13.3.1/../../../../arm-none-eabi/lib/thumb/v7e-m+fp/hard/libc_nano.a(libc_a-nano-vfscanf_i.o)
                0x08007e40                _scanf_chars
 .text._scanf_i
                0x08007ef4      0x1e8 /opt/st/stm32cubeide_2.0.0/plugins/com.st.stm32cube.ide.mcu.externaltools.gnu-tools-for-stm32.13.3.rel1.linux64_1.0.100.202509120712/tools/bin/../lib/gcc/arm-none-eabi/13.3.1/../../../../arm-none-eabi/lib/thumb/v7e-m+fp/hard/libc_nano.a(libc_a-nano-vfscanf_i.o)
                0x08007ef4                _scanf_i
 .text.__sflush_r
                0x080080dc      0x108 /opt/st/stm32cubeide_2.0.0/plugins/com.st.stm32cube.ide.mcu.externaltools.gnu-tools-for-stm32.13.3.rel1.linux64_1.0.100.202509120712/tools/bin/../lib/gcc/arm-none-eabi/13.3.1/../../../../arm-none-eabi/lib/thumb/v7e-m+fp/hard/libc_nano.a(libc_a-fflush.o)
                0x080080dc                __sflush_r
 .text._fflush_r
                0x080081e4       0x50 /opt/st/stm32cubeide_2.0.0/plugins/com.st.stm32cube.ide.mcu.externaltools.gnu-tools-for-stm32.13.3.rel1.linux64_1.0.100.202509120712/tools/bin/../lib/gcc/arm-none-eabi/13.3.1/../../../../arm-none-eabi/lib/thumb/v7e-m+fp/hard/libc_nano.a(libc_a-fflush.o)
                0x080081e4                _fflush_r
 .text.fprintf  0x08008234       0x24 /opt/st/stm32cubeide_2.0.0/plugins/com.st.stm32cube.ide.mcu.externaltools.gnu-tools-for-stm32.13.3.rel1.linux64_1.0.100.202509120712/tools/bin/../lib/gcc/arm-none-eabi/13.3.1/../../../../arm-none-eabi/lib/thumb/v7e-m+fp/hard/libc_nano.a(libc_a-fprintf.o)
                0x08008234                fprintf
                0x08008234                fiprintf
 .text.__swhatbuf_r
                0x08008258       0x4c /opt/st/stm32cubeide_2.0.0/plugins/com.st.stm32cube.ide.mcu.externaltools.gnu-tools-for-stm32.13.3.rel1.linux64_1.0.100.202509120712/tools/bin/../lib/gcc/arm-none-eabi/13.3.1/../../../../arm-none-eabi/lib/thumb/v7e-m+fp/hard/libc_nano.a(libc_a-makebuf.o)
                0x08008258                __swhatbuf_r
 .text.__smakebuf_r
                0x080082a4       0x78 /opt/st/stm32cubeide_2.0.0/plugins/com.st.stm32cube.ide.mcu.externaltools.gnu-tools-for-stm32.13.3.rel1.linux64_1.0.100.202509120712/tools/bin/../lib/gcc/arm-none-eabi/13.3.1/../../../../arm-none-eabi/lib/thumb/v7e-m+fp/hard/libc_nano.a(libc_a-makebuf.o)
                0x080082a4                __smakebuf_r
 .text.__sccl   0x0800831c       0x72 /opt/st/stm32cubeide_2.0.0/plugins/com.st.stm32cube.ide.mcu.externaltools.gnu-tools-for-stm32.13.3.rel1.linux64_1.0.100.202509120712/tools/bin/../lib/gcc/arm-none-eabi/13.3.1/../../../../arm-none-eabi/lib/thumb/v7e-m+fp/hard/libc_nano.a(libc_a-sccl.o)
                0x0800831c                __sccl
 .text.__submore
                0x0800838e       0x74 /opt/st/stm32cubeide_2.0.0/plugins/com.st.stm32cube.ide.mcu.externaltools.gnu-tools-for-stm32.13.3.rel1.linux64_1.0.100.202509120712/tools/bin/../lib/gcc/arm-none-eabi/13.3.1/../../../../arm-none-eabi/lib/thumb/v7e-m+fp/hard/libc_nano.a(libc_a-ungetc.o)
                0x0800838e                __submore
 .text.memmove  0x08008402       0x34 /opt/st/stm32cubeide_2.0.0/plugins/com.st.stm32cube.ide.mcu.externaltools.gnu-tools-for-stm32.13.3.rel1.linux64_1.0.100.202509120712/tools/bin/../lib/gcc/arm-none-eabi/13.3.1/../../../../arm-none-eabi/lib/thumb/v7e-m+fp/hard/libc_nano.a(libc_a-memmove.o)
                0x08008402                memmove
 *fill*         0x08008436        0x2 
 .text._fstat_r
                0x08008438       0x24 /opt/st/stm32cubeide_2.0.0/plugins/com.st.stm32cube.ide.mcu.externaltools.gnu-tools-for-stm32.13.3.rel1.linux64_1.0.100.202509120712/tools/bin/../lib/gcc/arm-none-eabi/13.3.1/../../../../arm-none-eabi/lib/thumb/v7e-m+fp/hard/libc_nano.a(libc_a-fstatr.o)
                0x08008438                _fstat_r
 .text._isatty_r
                0x0800845c       0x20 /opt/st/stm32cubeide_2.0.0/plugins/com.st.stm32cube.ide.mcu.externaltools.gnu-tools-for-stm32.13.3.rel1.linux64_1.0.100.202509120712/tools/bin/../lib/gcc/arm-none-eabi/13.3.1/../../../../arm-none-eabi/lib/thumb/v7e-m+fp/hard/libc_nano.a(libc_a-isattyr.o)
                0x0800845c                _isatty_r
 .text._sbrk_r  0x0800847c       0x20 /opt/st/stm32cubeide_2.0.0/plugins/com.st.stm32cube.ide.mcu.externaltools.gnu-tools-for-stm32.13.3.rel1.linux64_1.0.100.202509120712/tools/bin/../lib/gcc/arm-none-eabi/13.3.1/../../../../arm-none-eabi/lib/thumb/v7e-m+fp/hard/libc_nano.a(libc_a-sbrkr.o)
                0x0800847c                _sbrk_r
 .text.abort    0x0800849c        0xe /opt/st/stm32cubeide_2.0.0/plugins/com.st.stm32cube.ide.mcu.externaltools.gnu-tools-for-stm32.13.3.rel1.linux64_1.0.100.202509120712/tools/bin/../lib/gcc/arm-none-eabi/13.3.1/../../../../arm-none-eabi/lib/thumb/v7e-m+fp/hard/libc_nano.a(libc_a-abort.o)
                0x0800849c                abort
 .text._realloc_r
                0x080084aa       0x5c /opt/st/stm32cubeide_2.0.0/plugins/com.st.stm32cube.ide.mcu.externaltools.gnu-tools-for-stm32.13.3.rel1.linux64_1.0.100.202509120712/tools/bin/../lib/gcc/arm-none-eabi/13.3.1/../../../../arm-none-eabi/lib/thumb/v7e-m+fp/hard/libc_nano.a(libc_a-reallocr.o)
                0x080084aa                _realloc_r
 *fill*         0x08008506        0x2 
 .text._strtoul_l.isra.0
                0x08008508       0xdc /opt/st/stm32cubeide_2.0.0/plugins/com.st.stm32cube.ide.mcu.externaltools.gnu-tools-for-stm32.13.3.rel1.linux64_1.0.100.202509120712/tools/bin/../lib/gcc/arm-none-eabi/13.3.1/../../../../arm-none-eabi/lib/thumb/v7e-m+fp/hard/libc_nano.a(libc_a-strtoul.o)
 .text._strtoul_r
                0x080085e4        0x4 /opt/st/stm32cubeide_2.0.0/plugins/com.st.stm32cube.ide.mcu.externaltools.gnu-tools-for-stm32.13.3.rel1.linux64_1.0.100.202509120712/tools/bin/../lib/gcc/arm-none-eabi/13.3.1/../../../../arm-none-eabi/lib/thumb/v7e-m+fp/hard/libc_nano.a(libc_a-strtoul.o)
                0x080085e4                _strtoul_r
 .text._raise_r
                0x080085e8       0x50 /opt/st/stm32cubeide_2.0.0/plugins/com.st.stm32cube.ide.mcu.externaltools.gnu-tools-for-stm32.13.3.rel1.linux64_1.0.100.202509120712/tools/bin/../lib/gcc/arm-none-eabi/13.3.1/../../../../arm-none-eabi/lib/thumb/v7e-m+fp/hard/libc_nano.a(libc_a-signal.o)
                0x080085e8                _raise_r
 .text.raise    0x08008638       0x10 /opt/st/stm32cubeide_2.0.0/plugins/com.st.stm32cube.ide.mcu.externaltools.gnu-tools-for-stm32.13.3.rel1.linux64_1.0.100.202509120712/tools/bin/../lib/gcc/arm-none-eabi/13.3.1/../../../../arm-none-eabi/lib/thumb/v7e-m+fp/hard/libc_nano.a(libc_a-signal.o)
                0x08008638                raise
 .text._kill_r  0x08008648       0x24 /opt/st/stm32cubeide_2.0.0/plugins/com.st.stm32cube.ide.mcu.externaltools.gnu-tools-for-stm32.13.3.rel1.linux64_1.0.100.202509120712/tools/bin/../lib/gcc/arm-none-eabi/13.3.1/../../../../arm-none-eabi/lib/thumb/v7e-m+fp/hard/libc_nano.a(libc_a-signalr.o)
                0x08008648                _kill_r
 .text._getpid_r
                0x0800866c        0x4 /opt/st/stm32cubeide_2.0.0/plugins/com.st.stm32cube.ide.mcu.externaltools.gnu-tools-for-stm32.13.3.rel1.linux64_1.0.100.202509120712/tools/bin/../lib/gcc/arm-none-eabi/13.3.1/../../../../arm-none-eabi/lib/thumb/v7e-m+fp/hard/libc_nano.a(libc_a-signalr.o)
                0x0800866c                _getpid_r
 .text._malloc_usable_size_r
                0x08008670       0x10 /opt/st/stm32cubeide_2.0.0/plugins/com.st.stm32cube.ide.mcu.externaltools.gnu-tools-for-stm32.13.3.rel1.linux64_1.0.100.202509120712/tools/bin/../lib/gcc/arm-none-eabi/13.3.1/../../../../arm-none-eabi/lib/thumb/v7e-m+fp/hard/libc_nano.a(libc_a-msizer.o)
                0x08008670                _malloc_usable_size_r
 *(.glue_7)
 .glue_7        0x08008680        0x0 linker stubs
 *(.glue_7t)
 .glue_7t       0x08008680        0x0 linker stubs
 *(.eh_frame)
 .eh_frame      0x08008680        0x0 /opt/st/stm32cubeide_2.0.0/plugins/com.st.stm32cube.ide.mcu.externaltools.gnu-tools-for-stm32.13.3.rel1.linux64_1.0.100.202509120712/tools/bin/../lib/gcc/arm-none-eabi/13.3.1/thumb/v7e-m+fp/hard/crtbegin.o
 *(.init)
 .init          0x08008680        0x4 /opt/st/stm32cubeide_2.0.0/plugins/com.st.stm32cube.ide.mcu.externaltools.gnu-tools-for-stm32.13.3.rel1.linux64_1.0.100.202509120712/tools/bin/../lib/gcc/arm-none-eabi/13.3.1/thumb/v7e-m+fp/hard/crti.o
                0x08008680                _init
 .init          0x08008684        0x8 /opt/st/stm32cubeide_2.0.0/plugins/com.st.stm32cube.ide.mcu.externaltools.gnu-tools-for-stm32.13.3.rel1.linux64_1.0.100.202509120712/tools/bin/../lib/gcc/arm-none-eabi/13.3.1/thumb/v7e-m+fp/hard/crtn.o
 *(.fini)
 .fini          0x0800868c        0x4 /opt/st/stm32cubeide_2.0.0/plugins/com.st.stm32cube.ide.mcu.externaltools.gnu-tools-for-stm32.13.3.rel1.linux64_1.0.100.202509120712/tools/bin/../lib/gcc/arm-none-eabi/13.3.1/thumb/v7e-m+fp/hard/crti.o
                0x0800868c                _fini
 .fini          0x08008690        0x8 /opt/st/stm32cubeide_2.0.0/plugins/com.st.stm32cube.ide.mcu.externaltools.gnu-tools-for-stm32.13.3.rel1.linux64_1.0.100.202509120712/tools/bin/../lib/gcc/arm-none-eabi/13.3.1/thumb/v7e-m+fp/hard/crtn.o
                0x08008698                        . = ALIGN (0x4)
                0x08008698                        _etext = .

.vfp11_veneer   0x08008698        0x0
 .vfp11_veneer  0x08008698        0x0 linker stubs

.v4_bx          0x08008698        0x0
 .v4_bx         0x08008698        0x0 linker stubs

.iplt           0x08008698        0x0
 .iplt          0x08008698        0x0 /opt/st/stm32cubeide_2.0.0/plugins/com.st.stm32cube.ide.mcu.externaltools.gnu-tools-for-stm32.13.3.rel1.linux64_1.0.100.202509120712/tools/bin/../lib/gcc/arm-none-eabi/13.3.1/thumb/v7e-m+fp/hard/crtbegin.o

.rodata         0x08008698     0x205c
                0x08008698                        . = ALIGN (0x4)
 *(.rodata)
 .rodata        0x08008698       0x86 ./Core/Src/main.o
 *fill*         0x0800871e        0x2 
 .rodata        0x08008720        0xc /opt/st/stm32cubeide_2.0.0/plugins/com.st.stm32cube.ide.mcu.externaltools.gnu-tools-for-stm32.13.3.rel1.linux64_1.0.100.202509120712/tools/bin/../lib/gcc/arm-none-eabi/13.3.1/../../../../arm-none-eabi/lib/thumb/v7e-m+fp/hard/libc_nano.a(libc_a-nano-vfscanf_i.o)
 *(.rodata*)
 .rodata.UpdateHTTPBase64.str1.1
                0x0800872c     0x1e73 ./Core/Src/main.o
                                  0x6 (size before relaxing)
 .rodata.check_authentication.str1.1
                0x0800a59f        0x0 ./Core/Src/main.o
                                 0x16 (size before relaxing)
 .rodata.send_auth_required.str1.1
                0x0800a59f        0x0 ./Core/Src/main.o
                                 0x7f (size before relaxing)
 .rodata.WriteSettingsToEEPROM.str1.1
                0x0800a59f        0x0 ./Core/Src/main.o
                                 0x67 (size before relaxing)
 .rodata.ReadSettingsFromEEPROM.str1.1
                0x0800a59f        0x0 ./Core/Src/main.o
                                 0xd1 (size before relaxing)
 .rodata.LoadDefaultSettings.str1.1
                0x0800a59f        0x0 ./Core/Src/main.o
                                 0x28 (size before relaxing)
 .rodata.send_web_page.str1.1
                0x0800a59f        0x0 ./Core/Src/main.o
                                0x88e (size before relaxing)
 .rodata.SetGPIO.str1.1
                0x0800a59f        0x0 ./Core/Src/main.o
                                 0x1a (size before relaxing)
 .rodata.ShowHelp.str1.1
                0x0800a59f        0x0 ./Core/Src/main.o
                                0x246 (size before relaxing)
 .rodata.ParseIPAddress.str1.1
                0x0800a59f        0x0 ./Core/Src/main.o
                                  0xc (size before relaxing)
 .rodata.ParseMACAddress.str1.1
                0x0800a59f        0x0 ./Core/Src/main.o
                                 0x24 (size before relaxing)
 .rodata.ShowNetworkInfo.str1.1
                0x0800a59f        0x0 ./Core/Src/main.o
                                 0xc2 (size before relaxing)
 .rodata.ApplyNetworkSettings.str1.1
                0x0800a59f        0x0 ./Core/Src/main.o
                                 0x1a (size before relaxing)
 .rodata.SetIPAddress.str1.1
                0x0800a59f        0x0 ./Core/Src/main.o
                                 0x63 (size before relaxing)
 .rodata.SetMACAddress.str1.1
                0x0800a59f        0x0 ./Core/Src/main.o
                                 0x84 (size before relaxing)
 .rodata.SetSubnetMask.str1.1
                0x0800a59f        0x0 ./Core/Src/main.o
                                 0x69 (size before relaxing)
 .rodata.SetGateway.str1.1
                0x0800a59f        0x0 ./Core/Src/main.o
                                 0x62 (size before relaxing)
 .rodata.SetDNS.str1.1
                0x0800a59f        0x0 ./Core/Src/main.o
                                 0x56 (size before relaxing)
 .rodata.ProcessGetCommand.str1.1
                0x0800a59f        0x0 ./Core/Src/main.o
                                 0x72 (size before relaxing)
 .rodata.ProcessSetCommand.str1.1
                0x0800a59f        0x0 ./Core/Src/main.o
                                0x11d (size before relaxing)
 .rodata.SaveSettingsCommand.str1.1
                0x0800a59f        0x0 ./Core/Src/main.o
                                 0x22 (size before relaxing)
 .rodata.LoadSettingsCommand.str1.1
                0x0800a59f        0x0 ./Core/Src/main.o
                                 0x18 (size before relaxing)
 .rodata.FactoryResetCommand.str1.1
                0x0800a59f        0x0 ./Core/Src/main.o
                                 0x31 (size before relaxing)
 .rodata.ShowButtonNames.str1.1
                0x0800a59f        0x0 ./Core/Src/main.o
                                 0x26 (size before relaxing)
 .rodata.SetButtonName.str1.1
                0x0800a59f        0x0 ./Core/Src/main.o
                                 0x77 (size before relaxing)
 .rodata.ProcessSetButtonCommand.str1.1
                0x0800a59f        0x0 ./Core/Src/main.o
                                 0x3a (size before relaxing)
 .rodata.ParseCommand.str1.1
                0x0800a59f        0x0 ./Core/Src/main.o
                                 0xad (size before relaxing)
 .rodata.ProcessUSBData.str1.1
                0x0800a59f        0x0 ./Core/Src/main.o
                                 0x28 (size before relaxing)
 .rodata.EnsureSocketClosedIfNeeded.str1.1
                0x0800a59f        0x0 ./Core/Src/main.o
                                 0x34 (size before relaxing)
 .rodata.ResetW5500.str1.1
                0x0800a59f        0x0 ./Core/Src/main.o
                                 0x2f (size before relaxing)
 .rodata.CheckW5500.str1.1
                0x0800a59f        0x0 ./Core/Src/main.o
                                0x118 (size before relaxing)
 .rodata.main.str1.1
                0x0800a59f        0x0 ./Core/Src/main.o
                                0x3b9 (size before relaxing)
 .rodata.base64_chars
                0x0800a59f       0x41 ./Core/Src/main.o
 .rodata.str1.1
                0x0800a5e0        0x0 ./Core/Src/main.o
                                0x47c (size before relaxing)
 .rodata.AHBPrescTable
                0x0800a5e0       0x10 ./Core/Src/system_stm32f4xx.o
                0x0800a5e0                AHBPrescTable
 .rodata.USBD_FS_ManufacturerStrDescriptor.str1.1
                0x0800a5f0        0x0 ./USB_DEVICE/App/usbd_desc.o
                                 0x13 (size before relaxing)
 .rodata.USBD_FS_ProductStrDescriptor.str1.1
                0x0800a5f0        0x0 ./USB_DEVICE/App/usbd_desc.o
                                 0x16 (size before relaxing)
 .rodata.USBD_FS_ConfigStrDescriptor.str1.1
                0x0800a5f0        0x0 ./USB_DEVICE/App/usbd_desc.o
                                  0xb (size before relaxing)
 .rodata.USBD_FS_InterfaceStrDescriptor.str1.1
                0x0800a5f0        0x0 ./USB_DEVICE/App/usbd_desc.o
                                  0xe (size before relaxing)
 .rodata._ctype_
                0x0800a5f0      0x101 /opt/st/stm32cubeide_2.0.0/plugins/com.st.stm32cube.ide.mcu.externaltools.gnu-tools-for-stm32.13.3.rel1.linux64_1.0.100.202509120712/tools/bin/../lib/gcc/arm-none-eabi/13.3.1/../../../../arm-none-eabi/lib/thumb/v7e-m+fp/hard/libc_nano.a(libc_a-ctype_.o)
                0x0800a5f0                _ctype_
 .rodata.strtok.str1.1
                0x0800a6f1        0x0 /opt/st/stm32cubeide_2.0.0/plugins/com.st.stm32cube.ide.mcu.externaltools.gnu-tools-for-stm32.13.3.rel1.linux64_1.0.100.202509120712/tools/bin/../lib/gcc/arm-none-eabi/13.3.1/../../../../arm-none-eabi/lib/thumb/v7e-m+fp/hard/libc_nano.a(libc_a-strtok.o)
                                 0x71 (size before relaxing)
 .rodata.__assert_func.str1.1