../Core/Src/main.c:232:6:W5500_Select	0	static
../Core/Src/main.c:237:6:W5500_Unselect	0	static
../Core/Src/main.c:242:6:W5500_ReadBuff	0	static
../Core/Src/main.c:252:9:W5500_ReadByte	16	static
../Core/Src/main.c:247:6:W5500_WriteBuff	0	static
../Core/Src/main.c:259:6:W5500_WriteByte	16	static
../Core/Src/main.c:154:6:base64_encode	20	static
../Core/Src/main.c:183:6:UpdateHTTPBase64	80	static
../Core/Src/main.c:194:5:check_authentication	80	static
../Core/Src/main.c:213:6:send_auth_required	0	static
../Core/Src/main.c:225:5:_write	8	static
../Core/Src/main.c:267:10:CalculateXORChecksum	0	static
../Core/Src/main.c:277:6:WriteSettingsToEEPROM	264	static
../Core/Src/main.c:325:9:ReadSettingsFromEEPROM	24	static
../Core/Src/main.c:366:6:LoadDefaultSettings	152	static
../Core/Src/main.c:399:6:send_web_page	8064	static
../Core/Src/main.c:494:6:SetGPIO	0	static
../Core/Src/main.c:528:6:ShowHelp	8	static
../Core/Src/main.c:560:5:ParseIPAddress	32	static
../Core/Src/main.c:579:5:ParseMACAddress	72	static
../Core/Src/main.c:702:6:ShowNetworkInfo	24	static
../Core/Src/main.c:695:6:ApplyNetworkSettings	8	static
../Core/Src/main.c:603:6:SetIPAddress	24	static
../Core/Src/main.c:621:6:SetMACAddress	32	static
../Core/Src/main.c:640:6:SetSubnetMask	24	static
../Core/Src/main.c:658:6:SetGateway	24	static
../Core/Src/main.c:676:6:SetDNS	24	static
../Core/Src/main.c:792:6:ProcessGetCommand	24	static
../Core/Src/main.c:830:6:TrimWhitespace	16	static
../Core/Src/main.c:731:6:ProcessSetCommand	16	static
../Core/Src/main.c:840:6:ToLowerCase	0	static
../Core/Src/main.c:847:5:ParseNumber	24	static
../Core/Src/main.c:859:6:SaveSettingsCommand	8	static
../Core/Src/main.c:865:6:LoadSettingsCommand	8	static
../Core/Src/main.c:875:6:FactoryResetCommand	8	static
../Core/Src/main.c:921:10:USB_ReadData	16	static,ignoring_inline_asm
../Core/Src/main.c:956:6:LoadButtonNamesFromEEPROM	16	static
../Core/Src/main.c:969:6:ShowButtonNames	16	static
../Core/Src/main.c:979:6:SetButtonName	16	static
../Core/Src/main.c:1002:6:ProcessSetButtonCommand	24	static
../Core/Src/main.c:883:6:ParseCommand	8	static,ignoring_inline_asm
../Core/Src/main.c:935:6:ProcessUSBData	2056	static
../Core/Src/main.c:1027:6:ensure_socket_closed	16	static
../Core/Src/main.c:1058:6:EnsureSocketClosedIfNeeded	8	static
../Core/Src/main.c:1070:6:ResetW5500	16	static
../Core/Src/main.c:1091:6:CheckW5500	24	static
../Core/Src/main.c:1504:6:SystemClock_Config	88	static,ignoring_inline_asm
../Core/Src/main.c:1185:5:main	1160	static,ignoring_inline_asm
../Core/Src/main.c:1701:6:Error_Handler	0	static,ignoring_inline_asm
