../Drivers/CMSIS/Include/core_cm4.h:1672:26:__NVIC_GetPriorityGrouping	4	static
../Drivers/CMSIS/Include/core_cm4.h:1684:22:__NVIC_EnableIRQ	16	static,ignoring_inline_asm
../Drivers/CMSIS/Include/core_cm4.h:1814:22:__NVIC_SetPriority	16	static
../Drivers/CMSIS/Include/core_cm4.h:1861:26:NVIC_EncodePriority	40	static
../Drivers/CMSIS/Include/core_cm4.h:1938:34:__NVIC_SystemReset	4	static,ignoring_inline_asm
../Drivers/STM32F4xx_HAL_Driver/Inc/stm32f4xx_ll_tim.h:1116:22:LL_TIM_EnableCounter	16	static
../Drivers/STM32F4xx_HAL_Driver/Inc/stm32f4xx_ll_tim.h:1296:22:LL_TIM_EnableARRPreload	16	static
../Drivers/STM32F4xx_HAL_Driver/Inc/stm32f4xx_ll_tim.h:3460:22:LL_TIM_EnableIT_UPDATE	16	static
../Drivers/STM32F4xx_HAL_Driver/Inc/stm32f4xx_ll_bus.h:1704:22:LL_APB2_GRP1_EnableClock	24	static
../Core/Src/main.c:152:6:base64_encode	40	static
../Core/Src/main.c:181:6:UpdateHTTPBase64	88	static
../Core/Src/main.c:192:5:check_authentication	96	static
../Core/Src/main.c:211:6:send_auth_required	24	static
../Core/Src/main.c:223:5:_write	24	static
../Core/Src/main.c:230:6:W5500_Select	8	static
../Core/Src/main.c:235:6:W5500_Unselect	8	static
../Core/Src/main.c:240:6:W5500_ReadBuff	16	static
../Core/Src/main.c:245:6:W5500_WriteBuff	16	static
../Core/Src/main.c:250:9:W5500_ReadByte	16	static
../Core/Src/main.c:257:6:W5500_WriteByte	16	static
../Core/Src/main.c:265:10:CalculateXORChecksum	24	static
../Core/Src/main.c:275:6:WriteSettingsToEEPROM	296	static
../Core/Src/main.c:323:9:ReadSettingsFromEEPROM	32	static
../Core/Src/main.c:364:6:LoadDefaultSettings	168	static
../Core/Src/main.c:397:6:send_web_page	6576	static
../Core/Src/main.c:450:6:SetGPIO	16	static
../Core/Src/main.c:484:6:ShowHelp	8	static
../Core/Src/main.c:516:5:ParseIPAddress	48	static
../Core/Src/main.c:535:5:ParseMACAddress	64	static
../Core/Src/main.c:559:6:SetIPAddress	32	static
../Core/Src/main.c:577:6:SetMACAddress	48	static
../Core/Src/main.c:596:6:SetSubnetMask	32	static
../Core/Src/main.c:614:6:SetGateway	32	static
../Core/Src/main.c:632:6:SetDNS	32	static
../Core/Src/main.c:651:6:ApplyNetworkSettings	8	static
../Core/Src/main.c:658:6:ShowNetworkInfo	32	static
../Core/Src/main.c:687:6:ProcessSetCommand	32	static
../Core/Src/main.c:748:6:ProcessGetCommand	40	static
../Core/Src/main.c:786:6:TrimWhitespace	24	static
../Core/Src/main.c:796:6:ToLowerCase	24	static
../Core/Src/main.c:803:5:ParseNumber	24	static
../Core/Src/main.c:815:6:SaveSettingsCommand	8	static
../Core/Src/main.c:821:6:LoadSettingsCommand	8	static
../Core/Src/main.c:831:6:FactoryResetCommand	8	static
../Core/Src/main.c:839:6:ParseCommand	16	static
../Core/Src/main.c:877:10:USB_ReadData	24	static,ignoring_inline_asm
../Core/Src/main.c:891:6:ProcessUSBData	2064	static
../Core/Src/main.c:912:6:LoadButtonNamesFromEEPROM	16	static
../Core/Src/main.c:925:6:ShowButtonNames	16	static
../Core/Src/main.c:935:6:SetButtonName	16	static
../Core/Src/main.c:958:6:ProcessSetButtonCommand	32	static
../Core/Src/main.c:983:6:ensure_socket_closed	24	static
../Core/Src/main.c:1014:6:EnsureSocketClosedIfNeeded	16	static
../Core/Src/main.c:1026:6:ResetW5500	16	static
../Core/Src/main.c:1047:6:CheckW5500	16	static
../Core/Src/main.c:1133:5:main	1136	static
../Core/Src/main.c:1381:6:SystemClock_Config	88	static
../Core/Src/main.c:1431:13:MX_SPI1_Init	8	static
../Core/Src/main.c:1469:13:MX_TIM11_Init	32	static
../Core/Src/main.c:1528:13:MX_GPIO_Init	48	static
../Core/Src/main.c:1578:6:Error_Handler	4	static,ignoring_inline_asm
