../Core/Src/main.c:230:6:W5500_Select	0	static
../Core/Src/main.c:235:6:W5500_Unselect	0	static
../Core/Src/main.c:240:6:W5500_ReadBuff	0	static
../Core/Src/main.c:250:9:W5500_ReadByte	16	static
../Core/Src/main.c:245:6:W5500_WriteBuff	0	static
../Core/Src/main.c:257:6:W5500_WriteByte	16	static
../Core/Src/main.c:152:6:base64_encode	20	static
../Core/Src/main.c:181:6:UpdateHTTPBase64	80	static
../Core/Src/main.c:192:5:check_authentication	80	static
../Core/Src/main.c:211:6:send_auth_required	0	static
../Core/Src/main.c:223:5:_write	8	static
../Core/Src/main.c:265:10:CalculateXORChecksum	0	static
../Core/Src/main.c:275:6:WriteSettingsToEEPROM	264	static
../Core/Src/main.c:323:9:ReadSettingsFromEEPROM	24	static
../Core/Src/main.c:364:6:LoadDefaultSettings	152	static
../Core/Src/main.c:397:6:send_web_page	6576	static
../Core/Src/main.c:489:6:SetGPIO	0	static
../Core/Src/main.c:523:6:ShowHelp	8	static
../Core/Src/main.c:555:5:ParseIPAddress	32	static
../Core/Src/main.c:574:5:ParseMACAddress	72	static
../Core/Src/main.c:697:6:ShowNetworkInfo	24	static
../Core/Src/main.c:690:6:ApplyNetworkSettings	8	static
../Core/Src/main.c:598:6:SetIPAddress	24	static
../Core/Src/main.c:616:6:SetMACAddress	32	static
../Core/Src/main.c:635:6:SetSubnetMask	24	static
../Core/Src/main.c:653:6:SetGateway	24	static
../Core/Src/main.c:671:6:SetDNS	24	static
../Core/Src/main.c:787:6:ProcessGetCommand	24	static
../Core/Src/main.c:825:6:TrimWhitespace	16	static
../Core/Src/main.c:726:6:ProcessSetCommand	16	static
../Core/Src/main.c:835:6:ToLowerCase	0	static
../Core/Src/main.c:842:5:ParseNumber	24	static
../Core/Src/main.c:854:6:SaveSettingsCommand	8	static
../Core/Src/main.c:860:6:LoadSettingsCommand	8	static
../Core/Src/main.c:870:6:FactoryResetCommand	8	static
../Core/Src/main.c:916:10:USB_ReadData	16	static,ignoring_inline_asm
../Core/Src/main.c:951:6:LoadButtonNamesFromEEPROM	16	static
../Core/Src/main.c:964:6:ShowButtonNames	16	static
../Core/Src/main.c:974:6:SetButtonName	16	static
../Core/Src/main.c:997:6:ProcessSetButtonCommand	24	static
../Core/Src/main.c:878:6:ParseCommand	8	static,ignoring_inline_asm
../Core/Src/main.c:930:6:ProcessUSBData	2056	static
../Core/Src/main.c:1022:6:ensure_socket_closed	16	static
../Core/Src/main.c:1053:6:EnsureSocketClosedIfNeeded	8	static
../Core/Src/main.c:1065:6:ResetW5500	16	static
../Core/Src/main.c:1086:6:CheckW5500	24	static
../Core/Src/main.c:1491:6:SystemClock_Config	88	static,ignoring_inline_asm
../Core/Src/main.c:1172:5:main	1144	static,ignoring_inline_asm
../Core/Src/main.c:1688:6:Error_Handler	0	static,ignoring_inline_asm
