../Drivers/STM32F4xx_HAL_Driver/Inc/stm32f4xx_ll_tim.h:3185:22:LL_TIM_ClearFlag_UPDATE	16	static
../Drivers/STM32F4xx_HAL_Driver/Inc/stm32f4xx_ll_tim.h:3196:26:LL_TIM_IsActiveFlag_UPDATE	16	static
../Drivers/STM32F4xx_HAL_Driver/Inc/stm32f4xx_ll_gpio.h:939:22:LL_GPIO_TogglePin	24	static
../Core/Src/stm32f4xx_it.c:70:6:NMI_Handler	8	static
../Core/Src/stm32f4xx_it.c:86:6:HardFault_Handler	4	static
../Core/Src/stm32f4xx_it.c:101:6:MemManage_Handler	4	static
../Core/Src/stm32f4xx_it.c:116:6:BusFault_Handler	4	static
../Core/Src/stm32f4xx_it.c:131:6:UsageFault_Handler	4	static
../Core/Src/stm32f4xx_it.c:146:6:SVC_Handler	4	static
../Core/Src/stm32f4xx_it.c:159:6:DebugMon_Handler	4	static
../Core/Src/stm32f4xx_it.c:172:6:PendSV_Handler	4	static
../Core/Src/stm32f4xx_it.c:185:6:SysTick_Handler	8	static
../Core/Src/stm32f4xx_it.c:206:6:TIM1_TRG_COM_TIM11_IRQHandler	8	static
../Core/Src/stm32f4xx_it.c:229:6:OTG_FS_IRQHandler	8	static
