../Core/Src/wizchip_conf.c:67:9:wizchip_cris_enter	0	static
../Core/Src/wizchip_conf.c:100:10:wizchip_bus_readdata	0	static
../Core/Src/wizchip_conf.c:109:7:wizchip_bus_writedata	0	static
../Core/Src/wizchip_conf.c:117:9:wizchip_spi_readbyte	0	static
../Core/Src/wizchip_conf.c:125:7:wizchip_spi_writebyte	0	static
../Core/Src/wizchip_conf.c:133:7:wizchip_spi_readburst	0	static
../Core/Src/wizchip_conf.c:141:7:wizchip_spi_writeburst	0	static
../Core/Src/wizchip_conf.c:75:9:wizchip_cris_exit	0	static
../Core/Src/wizchip_conf.c:83:7:wizchip_cs_select	0	static
../Core/Src/wizchip_conf.c:91:7:wizchip_cs_deselect	0	static
../Core/Src/wizchip_conf.c:193:6:reg_wizchip_cris_cbfunc	0	static
../Core/Src/wizchip_conf.c:207:6:reg_wizchip_cs_cbfunc	0	static
../Core/Src/wizchip_conf.c:223:6:reg_wizchip_bus_cbfunc	0	static
../Core/Src/wizchip_conf.c:251:6:reg_wizchip_spi_cbfunc	0	static
../Core/Src/wizchip_conf.c:268:6:reg_wizchip_spiburst_cbfunc	0	static
../Core/Src/wizchip_conf.c:394:6:wizchip_sw_reset	32	static
../Core/Src/wizchip_conf.c:419:8:wizchip_init	24	static
../Core/Src/wizchip_conf.c:501:6:wizchip_clrinterrupt	16	static
../Core/Src/wizchip_conf.c:533:11:wizchip_getinterrupt	8	static
../Core/Src/wizchip_conf.c:564:6:wizchip_setinterruptmask	8	static
../Core/Src/wizchip_conf.c:588:11:wizchip_getinterruptmask	8	static
../Core/Src/wizchip_conf.c:617:8:wizphy_getphylink	8	static
../Core/Src/wizchip_conf.c:638:8:wizphy_getphypmode	8	static
../Core/Src/wizchip_conf.c:741:6:wizphy_reset	8	static
../Core/Src/wizchip_conf.c:751:6:wizphy_setphyconf	8	static
../Core/Src/wizchip_conf.c:781:6:wizphy_getphyconf	8	static
../Core/Src/wizchip_conf.c:820:6:wizphy_getphystat	8	static
../Core/Src/wizchip_conf.c:827:8:wizphy_setphypmode	8	static
../Core/Src/wizchip_conf.c:284:8:ctlwizchip	16	static
../Core/Src/wizchip_conf.c:853:6:wizchip_setnetinfo	8	static
../Core/Src/wizchip_conf.c:866:6:wizchip_getnetinfo	8	static
../Core/Src/wizchip_conf.c:879:8:wizchip_setnetmode	16	static
../Core/Src/wizchip_conf.c:893:14:wizchip_getnetmode	0	static
../Core/Src/wizchip_conf.c:898:6:wizchip_settimeout	8	static
../Core/Src/wizchip_conf.c:904:6:wizchip_gettimeout	16	static
../Core/Src/wizchip_conf.c:366:8:ctlnetwork	8	static
